[2026-06-22T12:12:35.827+0000][28308][gc,init] CardTable entry size: 512
[2026-06-22T12:12:35.828+0000][28308][gc     ] Using G1
[2026-06-22T12:12:36.102+0000][28308][gc,init] Version: 21.0.5+11-LTS (release)
[2026-06-22T12:12:36.102+0000][28308][gc,init] CPUs: 8 total, 8 available
[2026-06-22T12:12:36.102+0000][28308][gc,init] Memory: 15984M
[2026-06-22T12:12:36.102+0000][28308][gc,init] Large Page Support: Disabled
[2026-06-22T12:12:36.102+0000][28308][gc,init] NUMA Support: Disabled
[2026-06-22T12:12:36.103+0000][28308][gc,init] Compressed Oops: Enabled (32-bit)
[2026-06-22T12:12:36.103+0000][28308][gc,init] Heap Region Size: 1M
[2026-06-22T12:12:36.103+0000][28308][gc,init] Heap Min Capacity: 2G
[2026-06-22T12:12:36.103+0000][28308][gc,init] Heap Initial Capacity: 2G
[2026-06-22T12:12:36.103+0000][28308][gc,init] Heap Max Capacity: 2G
[2026-06-22T12:12:36.103+0000][28308][gc,init] Pre-touch: Enabled
[2026-06-22T12:12:36.103+0000][28308][gc,init] Parallel Workers: 8
[2026-06-22T12:12:36.103+0000][28308][gc,init] Concurrent Workers: 2
[2026-06-22T12:12:36.103+0000][28308][gc,init] Concurrent Refinement Workers: 8
[2026-06-22T12:12:36.103+0000][28308][gc,init] Periodic GC: Disabled
[2026-06-22T12:12:36.116+0000][28308][gc,metaspace] CDS archive(s) mapped at: [0x000001ec03000000-0x000001ec03c80000-0x000001ec03c80000), size 13107200, SharedBaseAddress: 0x000001ec03000000, ArchiveRelocationMode: 1.
[2026-06-22T12:12:36.116+0000][28308][gc,metaspace] Compressed class space mapped at: 0x000001ec04000000-0x000001ec44000000, reserved size: 1073741824
[2026-06-22T12:12:36.116+0000][28308][gc,metaspace] Narrow klass base: 0x000001ec03000000, Narrow klass shift: 0, Narrow klass range: 0x100000000
[2026-06-22T12:12:36.631+0000][28308][safepoint   ] Safepoint "ICBufferFull", Time since last: 510277900 ns, Reaching safepoint: 15500 ns, Cleanup: 86400 ns, At safepoint: 6300 ns, Total: 108200 ns
[2026-06-22T12:12:37.351+0000][28308][safepoint   ] Safepoint "ICBufferFull", Time since last: 720842500 ns, Reaching safepoint: 4300 ns, Cleanup: 137000 ns, At safepoint: 1500 ns, Total: 142800 ns
[2026-06-22T12:12:38.144+0000][28308][safepoint   ] Safepoint "ICBufferFull", Time since last: 792051100 ns, Reaching safepoint: 3600 ns, Cleanup: 96100 ns, At safepoint: 2000 ns, Total: 101700 ns
[2026-06-22T12:12:39.166+0000][28308][safepoint   ] Safepoint "Cleanup", Time since last: 1021569900 ns, Reaching safepoint: 6400 ns, Cleanup: 65700 ns, At safepoint: 8800 ns, Total: 80900 ns
[2026-06-22T12:12:39.974+0000][28308][gc,start    ] GC(0) Pause Young (Normal) (G1 Evacuation Pause)
[2026-06-22T12:12:39.975+0000][28308][gc,task     ] GC(0) Using 8 workers of 8 for evacuation
[2026-06-22T12:12:39.975+0000][28308][gc,age      ] GC(0) Desired survivor size 6815744 bytes, new threshold 15 (max threshold 15)
[2026-06-22T12:12:39.984+0000][28308][gc,phases   ] GC(0)   Pre Evacuate Collection Set: 0.4ms
[2026-06-22T12:12:39.984+0000][28308][gc,phases   ] GC(0)   Merge Heap Roots: 0.2ms
[2026-06-22T12:12:39.984+0000][28308][gc,phases   ] GC(0)   Evacuate Collection Set: 6.6ms
[2026-06-22T12:12:39.984+0000][28308][gc,phases   ] GC(0)   Post Evacuate Collection Set: 1.0ms
[2026-06-22T12:12:39.984+0000][28308][gc,phases   ] GC(0)   Other: 0.7ms
[2026-06-22T12:12:39.984+0000][28308][gc,age      ] GC(0) Age table with threshold 15 (max threshold 15)
[2026-06-22T12:12:39.984+0000][28308][gc,age      ] GC(0) - age   1:    7692432 bytes,    7692432 total
[2026-06-22T12:12:39.984+0000][28308][gc,heap     ] GC(0) Eden regions: 102->0(101)
[2026-06-22T12:12:39.984+0000][28308][gc,heap     ] GC(0) Survivor regions: 0->8(13)
[2026-06-22T12:12:39.984+0000][28308][gc,heap     ] GC(0) Old regions: 0->0
[2026-06-22T12:12:39.984+0000][28308][gc,heap     ] GC(0) Humongous regions: 1->1
[2026-06-22T12:12:39.984+0000][28308][gc,metaspace] GC(0) Metaspace: 15619K(15936K)->15619K(15936K) NonClass: 13794K(13952K)->13794K(13952K) Class: 1824K(1984K)->1824K(1984K)
[2026-06-22T12:12:39.984+0000][28308][gc          ] GC(0) Pause Young (Normal) (G1 Evacuation Pause) 103M->8M(2048M) 9.567ms
[2026-06-22T12:12:39.984+0000][28308][gc,cpu      ] GC(0) User=0.09s Sys=0.02s Real=0.01s
[2026-06-22T12:12:39.984+0000][28308][safepoint   ] Safepoint "G1CollectForAllocation", Time since last: 808782100 ns, Reaching safepoint: 6000 ns, Cleanup: 61600 ns, At safepoint: 9732300 ns, Total: 9799900 ns
[2026-06-22T12:12:40.825+0000][28308][gc,start    ] GC(1) Pause Young (Normal) (G1 Evacuation Pause)
[2026-06-22T12:12:40.825+0000][28308][gc,task     ] GC(1) Using 8 workers of 8 for evacuation
[2026-06-22T12:12:40.825+0000][28308][gc,age      ] GC(1) Desired survivor size 7340032 bytes, new threshold 1 (max threshold 15)
[2026-06-22T12:12:40.832+0000][28308][gc,phases   ] GC(1)   Pre Evacuate Collection Set: 0.3ms
[2026-06-22T12:12:40.832+0000][28308][gc,phases   ] GC(1)   Merge Heap Roots: 0.1ms
[2026-06-22T12:12:40.832+0000][28308][gc,phases   ] GC(1)   Evacuate Collection Set: 5.8ms
[2026-06-22T12:12:40.832+0000][28308][gc,phases   ] GC(1)   Post Evacuate Collection Set: 0.7ms
[2026-06-22T12:12:40.832+0000][28308][gc,phases   ] GC(1)   Other: 0.1ms
[2026-06-22T12:12:40.832+0000][28308][gc,age      ] GC(1) Age table with threshold 1 (max threshold 15)
[2026-06-22T12:12:40.832+0000][28308][gc,age      ] GC(1) - age   1:     339968 bytes,     339968 total
[2026-06-22T12:12:40.832+0000][28308][gc,heap     ] GC(1) Eden regions: 101->0(131)
[2026-06-22T12:12:40.832+0000][28308][gc,heap     ] GC(1) Survivor regions: 8->2(14)
[2026-06-22T12:12:40.832+0000][28308][gc,heap     ] GC(1) Old regions: 0->8
[2026-06-22T12:12:40.832+0000][28308][gc,heap     ] GC(1) Humongous regions: 1->1
[2026-06-22T12:12:40.832+0000][28308][gc,metaspace] GC(1) Metaspace: 16421K(16832K)->16421K(16832K) NonClass: 14498K(14720K)->14498K(14720K) Class: 1922K(2112K)->1922K(2112K)
[2026-06-22T12:12:40.832+0000][28308][gc          ] GC(1) Pause Young (Normal) (G1 Evacuation Pause) 109M->9M(2048M) 7.245ms
[2026-06-22T12:12:40.832+0000][28308][gc,cpu      ] GC(1) User=0.00s Sys=0.00s Real=0.01s
[2026-06-22T12:12:40.832+0000][28308][safepoint   ] Safepoint "G1CollectForAllocation", Time since last: 840331100 ns, Reaching safepoint: 4100 ns, Cleanup: 41200 ns, At safepoint: 7321200 ns, Total: 7366500 ns
[2026-06-22T12:12:41.847+0000][28308][safepoint   ] Safepoint "Cleanup", Time since last: 1014265600 ns, Reaching safepoint: 10300 ns, Cleanup: 62000 ns, At safepoint: 2800 ns, Total: 75100 ns
[2026-06-22T12:12:42.855+0000][28308][safepoint   ] Safepoint "Cleanup", Time since last: 1007954700 ns, Reaching safepoint: 52900 ns, Cleanup: 110400 ns, At safepoint: 25000 ns, Total: 188300 ns
[2026-06-22T12:12:43.195+0000][28308][gc,start    ] GC(2) Pause Young (Normal) (G1 Evacuation Pause)
[2026-06-22T12:12:43.195+0000][28308][gc,task     ] GC(2) Using 8 workers of 8 for evacuation
[2026-06-22T12:12:43.195+0000][28308][gc,age      ] GC(2) Desired survivor size 8912896 bytes, new threshold 15 (max threshold 15)
[2026-06-22T12:12:43.197+0000][28308][gc,phases   ] GC(2)   Pre Evacuate Collection Set: 0.4ms
[2026-06-22T12:12:43.197+0000][28308][gc,phases   ] GC(2)   Merge Heap Roots: 0.1ms
[2026-06-22T12:12:43.197+0000][28308][gc,phases   ] GC(2)   Evacuate Collection Set: 1.1ms
[2026-06-22T12:12:43.197+0000][28308][gc,phases   ] GC(2)   Post Evacuate Collection Set: 0.5ms
[2026-06-22T12:12:43.197+0000][28308][gc,phases   ] GC(2)   Other: 0.3ms
[2026-06-22T12:12:43.197+0000][28308][gc,age      ] GC(2) Age table with threshold 15 (max threshold 15)
[2026-06-22T12:12:43.198+0000][28308][gc,age      ] GC(2) - age   1:     552200 bytes,     552200 total
[2026-06-22T12:12:43.198+0000][28308][gc,age      ] GC(2) - age   2:     304664 bytes,     856864 total
[2026-06-22T12:12:43.198+0000][28308][gc,heap     ] GC(2) Eden regions: 131->0(448)
[2026-06-22T12:12:43.198+0000][28308][gc,heap     ] GC(2) Survivor regions: 2->2(17)
[2026-06-22T12:12:43.198+0000][28308][gc,heap     ] GC(2) Old regions: 8->8
[2026-06-22T12:12:43.198+0000][28308][gc,heap     ] GC(2) Humongous regions: 1->1
[2026-06-22T12:12:43.198+0000][28308][gc,metaspace] GC(2) Metaspace: 17206K(17536K)->17206K(17536K) NonClass: 15182K(15360K)->15182K(15360K) Class: 2024K(2176K)->2024K(2176K)
[2026-06-22T12:12:43.198+0000][28308][gc          ] GC(2) Pause Young (Normal) (G1 Evacuation Pause) 140M->9M(2048M) 3.240ms
[2026-06-22T12:12:43.198+0000][28308][gc,cpu      ] GC(2) User=0.00s Sys=0.02s Real=0.00s
[2026-06-22T12:12:43.198+0000][28308][safepoint   ] Safepoint "G1CollectForAllocation", Time since last: 340509700 ns, Reaching safepoint: 8200 ns, Cleanup: 22100 ns, At safepoint: 3404100 ns, Total: 3434400 ns
[2026-06-22T12:12:44.214+0000][28308][safepoint   ] Safepoint "Cleanup", Time since last: 1014712500 ns, Reaching safepoint: 15200 ns, Cleanup: 61100 ns, At safepoint: 3100 ns, Total: 79400 ns
[2026-06-22T12:12:45.964+0000][28308][safepoint   ] Safepoint "Cleanup", Time since last: 1750776900 ns, Reaching safepoint: 6400 ns, Cleanup: 116400 ns, At safepoint: 1700 ns, Total: 124500 ns
[2026-06-22T12:12:46.977+0000][28308][safepoint   ] Safepoint "Cleanup", Time since last: 1012877600 ns, Reaching safepoint: 7200 ns, Cleanup: 26200 ns, At safepoint: 2300 ns, Total: 35700 ns
[2026-06-22T12:12:47.992+0000][28308][safepoint   ] Safepoint "Cleanup", Time since last: 1014332100 ns, Reaching safepoint: 9500 ns, Cleanup: 49000 ns, At safepoint: 2300 ns, Total: 60800 ns
[2026-06-22T12:12:48.583+0000][28308][gc,start    ] GC(3) Pause Young (Normal) (G1 Evacuation Pause)
[2026-06-22T12:12:48.583+0000][28308][gc,task     ] GC(3) Using 8 workers of 8 for evacuation
[2026-06-22T12:12:48.583+0000][28308][gc,age      ] GC(3) Desired survivor size 29884416 bytes, new threshold 15 (max threshold 15)
[2026-06-22T12:12:48.586+0000][28308][gc,phases   ] GC(3)   Pre Evacuate Collection Set: 0.4ms
[2026-06-22T12:12:48.586+0000][28308][gc,phases   ] GC(3)   Merge Heap Roots: 0.1ms
[2026-06-22T12:12:48.586+0000][28308][gc,phases   ] GC(3)   Evacuate Collection Set: 2.2ms
[2026-06-22T12:12:48.586+0000][28308][gc,phases   ] GC(3)   Post Evacuate Collection Set: 0.8ms
[2026-06-22T12:12:48.586+0000][28308][gc,phases   ] GC(3)   Other: 0.2ms
[2026-06-22T12:12:48.586+0000][28308][gc,age      ] GC(3) Age table with threshold 15 (max threshold 15)
[2026-06-22T12:12:48.586+0000][28308][gc,age      ] GC(3) - age   1:    2534936 bytes,    2534936 total
[2026-06-22T12:12:48.586+0000][28308][gc,age      ] GC(3) - age   2:     530592 bytes,    3065528 total
[2026-06-22T12:12:48.586+0000][28308][gc,age      ] GC(3) - age   3:     304552 bytes,    3370080 total
[2026-06-22T12:12:48.586+0000][28308][gc,heap     ] GC(3) Eden regions: 448->0(1224)
[2026-06-22T12:12:48.586+0000][28308][gc,heap     ] GC(3) Survivor regions: 2->4(57)
[2026-06-22T12:12:48.586+0000][28308][gc,heap     ] GC(3) Old regions: 8->8
[2026-06-22T12:12:48.586+0000][28308][gc,heap     ] GC(3) Humongous regions: 1->1
[2026-06-22T12:12:48.586+0000][28308][gc,metaspace] GC(3) Metaspace: 18094K(18496K)->18094K(18496K) NonClass: 15967K(16192K)->15967K(16192K) Class: 2126K(2304K)->2126K(2304K)
[2026-06-22T12:12:48.586+0000][28308][gc          ] GC(3) Pause Young (Normal) (G1 Evacuation Pause) 457M->12M(2048M) 4.175ms
[2026-06-22T12:12:48.586+0000][28308][gc,cpu      ] GC(3) User=0.00s Sys=0.00s Real=0.00s
[2026-06-22T12:12:48.586+0000][28308][safepoint   ] Safepoint "G1CollectForAllocation", Time since last: 590687000 ns, Reaching safepoint: 20800 ns, Cleanup: 25400 ns, At safepoint: 4256100 ns, Total: 4302300 ns
[2026-06-22T12:12:49.587+0000][28308][safepoint   ] Safepoint "Cleanup", Time since last: 1000346700 ns, Reaching safepoint: 12200 ns, Cleanup: 43300 ns, At safepoint: 3500 ns, Total: 59000 ns
[2026-06-22T12:12:50.589+0000][28308][safepoint   ] Safepoint "Cleanup", Time since last: 1001667200 ns, Reaching safepoint: 7300 ns, Cleanup: 21200 ns, At safepoint: 2000 ns, Total: 30500 ns
[2026-06-22T12:12:55.625+0000][28308][safepoint   ] Safepoint "Cleanup", Time since last: 5036438400 ns, Reaching safepoint: 64300 ns, Cleanup: 42600 ns, At safepoint: 4200 ns, Total: 111100 ns
[2026-06-22T12:12:56.632+0000][28308][safepoint   ] Safepoint "Cleanup", Time since last: 1006183500 ns, Reaching safepoint: 9900 ns, Cleanup: 22700 ns, At safepoint: 3100 ns, Total: 35700 ns
[2026-06-22T12:12:58.659+0000][28308][safepoint   ] Safepoint "Cleanup", Time since last: 2026949800 ns, Reaching safepoint: 53200 ns, Cleanup: 24800 ns, At safepoint: 13000 ns, Total: 91000 ns
[2026-06-22T12:12:59.661+0000][28308][safepoint   ] Safepoint "Cleanup", Time since last: 1002627900 ns, Reaching safepoint: 9400 ns, Cleanup: 56800 ns, At safepoint: 3900 ns, Total: 70100 ns
[2026-06-22T12:13:00.753+0000][28308][safepoint   ] Safepoint "Cleanup", Time since last: 1091381200 ns, Reaching safepoint: 9500 ns, Cleanup: 36700 ns, At safepoint: 2900 ns, Total: 49100 ns
[2026-06-22T12:13:02.775+0000][28308][safepoint   ] Safepoint "Cleanup", Time since last: 2022579000 ns, Reaching safepoint: 25100 ns, Cleanup: 34400 ns, At safepoint: 4900 ns, Total: 64400 ns
[2026-06-22T12:13:03.784+0000][28308][safepoint   ] Safepoint "Cleanup", Time since last: 1008390200 ns, Reaching safepoint: 9700 ns, Cleanup: 24400 ns, At safepoint: 23000 ns, Total: 57100 ns
[2026-06-22T12:13:04.786+0000][28308][safepoint   ] Safepoint "Cleanup", Time since last: 1001819900 ns, Reaching safepoint: 18500 ns, Cleanup: 86500 ns, At safepoint: 6000 ns, Total: 111000 ns
[2026-06-22T12:13:06.813+0000][28308][safepoint   ] Safepoint "Cleanup", Time since last: 2026916400 ns, Reaching safepoint: 9500 ns, Cleanup: 33400 ns, At safepoint: 3000 ns, Total: 45900 ns
[2026-06-22T12:13:08.825+0000][28308][safepoint   ] Safepoint "Cleanup", Time since last: 2012147000 ns, Reaching safepoint: 65100 ns, Cleanup: 48400 ns, At safepoint: 32200 ns, Total: 145700 ns
[2026-06-22T12:13:09.840+0000][28308][safepoint   ] Safepoint "Cleanup", Time since last: 1014580300 ns, Reaching safepoint: 10000 ns, Cleanup: 36400 ns, At safepoint: 6600 ns, Total: 53000 ns
[2026-06-22T12:13:10.775+0000][28308][gc,start    ] GC(4) Pause Young (Concurrent Start) (Metadata GC Threshold)
[2026-06-22T12:13:10.775+0000][28308][gc,task     ] GC(4) Using 8 workers of 8 for evacuation
[2026-06-22T12:13:10.775+0000][28308][gc,age      ] GC(4) Desired survivor size 80740352 bytes, new threshold 15 (max threshold 15)
[2026-06-22T12:13:10.783+0000][28308][gc,phases   ] GC(4)   Pre Evacuate Collection Set: 0.6ms
[2026-06-22T12:13:10.783+0000][28308][gc,phases   ] GC(4)   Merge Heap Roots: 0.2ms
[2026-06-22T12:13:10.783+0000][28308][gc,phases   ] GC(4)   Evacuate Collection Set: 5.4ms
[2026-06-22T12:13:10.783+0000][28308][gc,phases   ] GC(4)   Post Evacuate Collection Set: 1.4ms
[2026-06-22T12:13:10.783+0000][28308][gc,phases   ] GC(4)   Other: 0.4ms
[2026-06-22T12:13:10.783+0000][28308][gc,age      ] GC(4) Age table with threshold 15 (max threshold 15)
[2026-06-22T12:13:10.783+0000][28308][gc,age      ] GC(4) - age   1:    9635912 bytes,    9635912 total
[2026-06-22T12:13:10.783+0000][28308][gc,age      ] GC(4) - age   2:    2508672 bytes,   12144584 total
[2026-06-22T12:13:10.784+0000][28308][gc,age      ] GC(4) - age   3:     530472 bytes,   12675056 total
[2026-06-22T12:13:10.784+0000][28308][gc,age      ] GC(4) - age   4:     304456 bytes,   12979512 total
[2026-06-22T12:13:10.784+0000][28308][gc,heap     ] GC(4) Eden regions: 670->0(1214)
[2026-06-22T12:13:10.784+0000][28308][gc,heap     ] GC(4) Survivor regions: 4->14(154)
[2026-06-22T12:13:10.784+0000][28308][gc,heap     ] GC(4) Old regions: 8->8
[2026-06-22T12:13:10.784+0000][28308][gc,heap     ] GC(4) Humongous regions: 13->3
[2026-06-22T12:13:10.784+0000][28308][gc,metaspace] GC(4) Metaspace: 21026K(21504K)->21026K(21504K) NonClass: 18528K(18816K)->18528K(18816K) Class: 2498K(2688K)->2498K(2688K)
[2026-06-22T12:13:10.784+0000][28308][gc          ] GC(4) Pause Young (Concurrent Start) (Metadata GC Threshold) 694M->24M(2048M) 8.994ms
[2026-06-22T12:13:10.784+0000][28308][gc,cpu      ] GC(4) User=0.05s Sys=0.08s Real=0.01s
[2026-06-22T12:13:10.784+0000][28308][gc          ] GC(5) Concurrent Mark Cycle
[2026-06-22T12:13:10.784+0000][28308][safepoint   ] Safepoint "CollectForMetadataAllocation", Time since last: 935608000 ns, Reaching safepoint: 3600 ns, Cleanup: 14400 ns, At safepoint: 9223300 ns, Total: 9241300 ns
[2026-06-22T12:13:10.784+0000][28308][gc,marking  ] GC(5) Concurrent Scan Root Regions
[2026-06-22T12:13:10.789+0000][28308][gc,marking  ] GC(5) Concurrent Scan Root Regions 3.722ms
[2026-06-22T12:13:10.789+0000][28308][gc,marking  ] GC(5) Concurrent Mark
[2026-06-22T12:13:10.789+0000][28308][gc,marking  ] GC(5) Concurrent Mark From Roots
[2026-06-22T12:13:10.789+0000][28308][gc,task     ] GC(5) Using 2 workers of 2 for marking
[2026-06-22T12:13:10.803+0000][28308][gc,marking  ] GC(5) Concurrent Mark From Roots 14.842ms
[2026-06-22T12:13:10.803+0000][28308][gc,marking  ] GC(5) Concurrent Preclean
[2026-06-22T12:13:10.803+0000][28308][gc,marking  ] GC(5) Concurrent Preclean 0.093ms
[2026-06-22T12:13:10.823+0000][28308][gc,start    ] GC(5) Pause Remark
[2026-06-22T12:13:10.828+0000][28308][gc          ] GC(5) Pause Remark 26M->26M(2048M) 5.296ms
[2026-06-22T12:13:10.829+0000][28308][gc,cpu      ] GC(5) User=0.00s Sys=0.00s Real=0.01s
[2026-06-22T12:13:10.829+0000][28308][safepoint   ] Safepoint "G1PauseRemark", Time since last: 19238900 ns, Reaching safepoint: 19598100 ns, Cleanup: 13000 ns, At safepoint: 5451500 ns, Total: 25062600 ns
[2026-06-22T12:13:10.829+0000][28308][gc,marking  ] GC(5) Concurrent Mark 40.265ms
[2026-06-22T12:13:10.829+0000][28308][gc,marking  ] GC(5) Concurrent Rebuild Remembered Sets and Scrub Regions
[2026-06-22T12:13:10.829+0000][28308][safepoint   ] Safepoint "CollectForMetadataAllocation", Time since last: 163900 ns, Reaching safepoint: 25700 ns, Cleanup: 4800 ns, At safepoint: 52100 ns, Total: 82600 ns
[2026-06-22T12:13:10.835+0000][28308][gc,marking  ] GC(5) Concurrent Rebuild Remembered Sets and Scrub Regions 6.092ms
[2026-06-22T12:13:10.839+0000][28308][gc,start    ] GC(5) Pause Cleanup
[2026-06-22T12:13:10.839+0000][28308][gc          ] GC(5) Pause Cleanup 26M->26M(2048M) 0.369ms
[2026-06-22T12:13:10.839+0000][28308][gc,cpu      ] GC(5) User=0.00s Sys=0.00s Real=0.00s
[2026-06-22T12:13:10.839+0000][28308][safepoint   ] Safepoint "G1PauseCleanup", Time since last: 6079600 ns, Reaching safepoint: 3762400 ns, Cleanup: 11600 ns, At safepoint: 502200 ns, Total: 4276200 ns
[2026-06-22T12:13:10.839+0000][28308][gc,marking  ] GC(5) Concurrent Clear Claimed Marks
[2026-06-22T12:13:10.839+0000][28308][gc,marking  ] GC(5) Concurrent Clear Claimed Marks 0.092ms
[2026-06-22T12:13:10.839+0000][28308][gc,marking  ] GC(5) Concurrent Cleanup for Next Mark
[2026-06-22T12:13:10.846+0000][28308][gc,marking  ] GC(5) Concurrent Cleanup for Next Mark 6.147ms
[2026-06-22T12:13:10.846+0000][28308][gc          ] GC(5) Concurrent Mark Cycle 61.554ms
[2026-06-22T12:13:16.919+0000][28308][safepoint   ] Safepoint "Cleanup", Time since last: 6079402500 ns, Reaching safepoint: 15500 ns, Cleanup: 26100 ns, At safepoint: 3900 ns, Total: 45500 ns
[2026-06-22T12:13:26.984+0000][28308][safepoint   ] Safepoint "Cleanup", Time since last: 10064961000 ns, Reaching safepoint: 74600 ns, Cleanup: 27100 ns, At safepoint: 11900 ns, Total: 113600 ns
[2026-06-22T12:13:27.999+0000][28308][safepoint   ] Safepoint "Cleanup", Time since last: 1014640000 ns, Reaching safepoint: 111700 ns, Cleanup: 15600 ns, At safepoint: 11400 ns, Total: 138700 ns
[2026-06-22T12:13:29.002+0000][28308][safepoint   ] Safepoint "Cleanup", Time since last: 1002750300 ns, Reaching safepoint: 23300 ns, Cleanup: 15600 ns, At safepoint: 2100 ns, Total: 41000 ns
[2026-06-22T12:13:30.015+0000][28308][safepoint   ] Safepoint "Cleanup", Time since last: 1013739300 ns, Reaching safepoint: 9400 ns, Cleanup: 18000 ns, At safepoint: 2500 ns, Total: 29900 ns
[2026-06-22T12:13:31.030+0000][28308][safepoint   ] Safepoint "Cleanup", Time since last: 1014482000 ns, Reaching safepoint: 9000 ns, Cleanup: 19000 ns, At safepoint: 2600 ns, Total: 30600 ns
[2026-06-22T12:13:37.911+0000][28308][safepoint   ] Safepoint "Cleanup", Time since last: 6881154000 ns, Reaching safepoint: 31300 ns, Cleanup: 41800 ns, At safepoint: 11300 ns, Total: 84400 ns
[2026-06-22T12:13:38.926+0000][28308][safepoint   ] Safepoint "Cleanup", Time since last: 1014853300 ns, Reaching safepoint: 45800 ns, Cleanup: 183400 ns, At safepoint: 14400 ns, Total: 243600 ns
[2026-06-22T12:13:40.771+0000][28308][safepoint   ] Safepoint "Cleanup", Time since last: 1813056600 ns, Reaching safepoint: 31710700 ns, Cleanup: 190200 ns, At safepoint: 37400 ns, Total: 31938300 ns
[2026-06-22T12:13:41.187+0000][28308][gc,start    ] GC(6) Pause Young (Concurrent Start) (Metadata GC Threshold)
[2026-06-22T12:13:41.187+0000][28308][gc,task     ] GC(6) Using 8 workers of 8 for evacuation
[2026-06-22T12:13:41.187+0000][28308][gc,age      ] GC(6) Desired survivor size 80740352 bytes, new threshold 15 (max threshold 15)
[2026-06-22T12:13:41.205+0000][28308][gc,phases   ] GC(6)   Pre Evacuate Collection Set: 0.8ms
[2026-06-22T12:13:41.205+0000][28308][gc,phases   ] GC(6)   Merge Heap Roots: 0.4ms
[2026-06-22T12:13:41.205+0000][28308][gc,phases   ] GC(6)   Evacuate Collection Set: 14.2ms
[2026-06-22T12:13:41.205+0000][28308][gc,phases   ] GC(6)   Post Evacuate Collection Set: 2.4ms
[2026-06-22T12:13:41.205+0000][28308][gc,phases   ] GC(6)   Other: 0.6ms
[2026-06-22T12:13:41.205+0000][28308][gc,age      ] GC(6) Age table with threshold 15 (max threshold 15)
[2026-06-22T12:13:41.205+0000][28308][gc,age      ] GC(6) - age   1:   13183696 bytes,   13183696 total
[2026-06-22T12:13:41.205+0000][28308][gc,age      ] GC(6) - age   2:    9395656 bytes,   22579352 total
[2026-06-22T12:13:41.205+0000][28308][gc,age      ] GC(6) - age   3:    2499784 bytes,   25079136 total
[2026-06-22T12:13:41.207+0000][28308][gc,age      ] GC(6) - age   4:     527000 bytes,   25606136 total
[2026-06-22T12:13:41.207+0000][28308][gc,age      ] GC(6) - age   5:     282416 bytes,   25888552 total
[2026-06-22T12:13:41.207+0000][28308][gc,heap     ] GC(6) Eden regions: 910->0(1201)
[2026-06-22T12:13:41.207+0000][28308][gc,heap     ] GC(6) Survivor regions: 14->27(154)
[2026-06-22T12:13:41.207+0000][28308][gc,heap     ] GC(6) Old regions: 8->8
[2026-06-22T12:13:41.207+0000][28308][gc,heap     ] GC(6) Humongous regions: 29->7
[2026-06-22T12:13:41.207+0000][28308][gc,metaspace] GC(6) Metaspace: 35654K(36416K)->35654K(36416K) NonClass: 31794K(32192K)->31794K(32192K) Class: 3860K(4224K)->3860K(4224K)
[2026-06-22T12:13:41.207+0000][28308][gc          ] GC(6) Pause Young (Concurrent Start) (Metadata GC Threshold) 960M->41M(2048M) 19.793ms
[2026-06-22T12:13:41.207+0000][28308][gc,cpu      ] GC(6) User=0.08s Sys=0.03s Real=0.02s
[2026-06-22T12:13:41.207+0000][28308][gc          ] GC(7) Concurrent Mark Cycle
[2026-06-22T12:13:41.207+0000][28308][gc,marking  ] GC(7) Concurrent Scan Root Regions
[2026-06-22T12:13:41.207+0000][28308][safepoint   ] Safepoint "CollectForMetadataAllocation", Time since last: 416115700 ns, Reaching safepoint: 10100 ns, Cleanup: 34600 ns, At safepoint: 20210100 ns, Total: 20254800 ns
[2026-06-22T12:13:41.216+0000][28308][gc,marking  ] GC(7) Concurrent Scan Root Regions 9.545ms
[2026-06-22T12:13:41.216+0000][28308][gc,marking  ] GC(7) Concurrent Mark
[2026-06-22T12:13:41.216+0000][28308][gc,marking  ] GC(7) Concurrent Mark From Roots
[2026-06-22T12:13:41.216+0000][28308][gc,task     ] GC(7) Using 2 workers of 2 for marking
[2026-06-22T12:13:41.251+0000][28308][gc,marking  ] GC(7) Concurrent Mark From Roots 33.985ms
[2026-06-22T12:13:41.251+0000][28308][gc,marking  ] GC(7) Concurrent Preclean
[2026-06-22T12:13:41.252+0000][28308][gc,marking  ] GC(7) Concurrent Preclean 0.243ms
[2026-06-22T12:13:41.252+0000][28308][gc,start    ] GC(7) Pause Remark
[2026-06-22T12:13:41.265+0000][28308][gc          ] GC(7) Pause Remark 41M->41M(2048M) 13.258ms
[2026-06-22T12:13:41.265+0000][28308][gc,cpu      ] GC(7) User=0.03s Sys=0.00s Real=0.01s
[2026-06-22T12:13:41.265+0000][28308][safepoint   ] Safepoint "G1PauseRemark", Time since last: 44228300 ns, Reaching safepoint: 70800 ns, Cleanup: 24700 ns, At safepoint: 13567100 ns, Total: 13662600 ns
[2026-06-22T12:13:41.266+0000][28308][gc,marking  ] GC(7) Concurrent Mark 48.466ms
[2026-06-22T12:13:41.266+0000][28308][gc,marking  ] GC(7) Concurrent Rebuild Remembered Sets and Scrub Regions
[2026-06-22T12:13:41.277+0000][28308][gc,marking  ] GC(7) Concurrent Rebuild Remembered Sets and Scrub Regions 11.674ms
[2026-06-22T12:13:41.278+0000][28308][gc,start    ] GC(7) Pause Cleanup
[2026-06-22T12:13:41.278+0000][28308][gc          ] GC(7) Pause Cleanup 42M->42M(2048M) 0.783ms
[2026-06-22T12:13:41.278+0000][28308][gc,cpu      ] GC(7) User=0.00s Sys=0.00s Real=0.00s
[2026-06-22T12:13:41.278+0000][28308][safepoint   ] Safepoint "G1PauseCleanup", Time since last: 12284400 ns, Reaching safepoint: 14400 ns, Cleanup: 30700 ns, At safepoint: 1100200 ns, Total: 1145300 ns
[2026-06-22T12:13:41.278+0000][28308][gc,marking  ] GC(7) Concurrent Clear Claimed Marks
[2026-06-22T12:13:41.279+0000][28308][gc,marking  ] GC(7) Concurrent Clear Claimed Marks 0.200ms
[2026-06-22T12:13:41.279+0000][28308][gc,marking  ] GC(7) Concurrent Cleanup for Next Mark
[2026-06-22T12:13:41.286+0000][28308][gc,marking  ] GC(7) Concurrent Cleanup for Next Mark 7.158ms
[2026-06-22T12:13:41.287+0000][28308][gc          ] GC(7) Concurrent Mark Cycle 79.407ms
[2026-06-22T12:13:42.604+0000][28308][safepoint   ] Safepoint "Cleanup", Time since last: 1324690300 ns, Reaching safepoint: 177600 ns, Cleanup: 726200 ns, At safepoint: 31300 ns, Total: 935100 ns
[2026-06-22T12:13:43.608+0000][28308][safepoint   ] Safepoint "Cleanup", Time since last: 1003547600 ns, Reaching safepoint: 86600 ns, Cleanup: 86400 ns, At safepoint: 22400 ns, Total: 195400 ns
[2026-06-22T12:13:44.610+0000][28308][safepoint   ] Safepoint "Cleanup", Time since last: 1002202700 ns, Reaching safepoint: 14900 ns, Cleanup: 152100 ns, At safepoint: 5600 ns, Total: 172600 ns
[2026-06-22T12:13:45.615+0000][28308][safepoint   ] Safepoint "Cleanup", Time since last: 1004363400 ns, Reaching safepoint: 334400 ns, Cleanup: 52800 ns, At safepoint: 30600 ns, Total: 417800 ns
[2026-06-22T12:13:46.617+0000][28308][safepoint   ] Safepoint "Cleanup", Time since last: 1002360500 ns, Reaching safepoint: 173300 ns, Cleanup: 50400 ns, At safepoint: 40100 ns, Total: 263800 ns
[2026-06-22T12:13:47.635+0000][28308][safepoint   ] Safepoint "Cleanup", Time since last: 1002053200 ns, Reaching safepoint: 15147700 ns, Cleanup: 44400 ns, At safepoint: 36600 ns, Total: 15228700 ns
[2026-06-22T12:13:48.664+0000][28308][safepoint   ] Safepoint "Cleanup", Time since last: 1013762700 ns, Reaching safepoint: 14995500 ns, Cleanup: 95600 ns, At safepoint: 36200 ns, Total: 15127300 ns
[2026-06-22T12:13:49.671+0000][28308][safepoint   ] Safepoint "Cleanup", Time since last: 1006936000 ns, Reaching safepoint: 425100 ns, Cleanup: 107900 ns, At safepoint: 36600 ns, Total: 569600 ns
[2026-06-22T12:13:50.686+0000][28308][safepoint   ] Safepoint "Cleanup", Time since last: 1014510600 ns, Reaching safepoint: 116600 ns, Cleanup: 76200 ns, At safepoint: 18000 ns, Total: 210800 ns
[2026-06-22T12:13:51.698+0000][28308][safepoint   ] Safepoint "Cleanup", Time since last: 1011340800 ns, Reaching safepoint: 186200 ns, Cleanup: 214500 ns, At safepoint: 31900 ns, Total: 432600 ns
[2026-06-22T12:13:53.561+0000][28308][safepoint   ] Safepoint "Cleanup", Time since last: 1862903600 ns, Reaching safepoint: 51200 ns, Cleanup: 504800 ns, At safepoint: 27400 ns, Total: 583400 ns
[2026-06-22T12:13:54.563+0000][28308][safepoint   ] Safepoint "Cleanup", Time since last: 1001418700 ns, Reaching safepoint: 7500 ns, Cleanup: 40100 ns, At safepoint: 2700 ns, Total: 50300 ns
[2026-06-22T12:13:55.569+0000][28308][safepoint   ] Safepoint "Cleanup", Time since last: 1006228500 ns, Reaching safepoint: 478200 ns, Cleanup: 101600 ns, At safepoint: 17100 ns, Total: 596900 ns
[2026-06-22T12:13:56.578+0000][28308][safepoint   ] Safepoint "Cleanup", Time since last: 1008023600 ns, Reaching safepoint: 417600 ns, Cleanup: 56500 ns, At safepoint: 25000 ns, Total: 499100 ns
[2026-06-22T12:13:57.591+0000][28308][safepoint   ] Safepoint "Cleanup", Time since last: 1012126700 ns, Reaching safepoint: 8900 ns, Cleanup: 35100 ns, At safepoint: 2500 ns, Total: 46500 ns
[2026-06-22T12:13:59.628+0000][28308][safepoint   ] Safepoint "Cleanup", Time since last: 2021246100 ns, Reaching safepoint: 15540400 ns, Cleanup: 74200 ns, At safepoint: 41300 ns, Total: 15655900 ns
[2026-06-22T12:14:00.638+0000][28308][safepoint   ] Safepoint "Cleanup", Time since last: 1009941600 ns, Reaching safepoint: 71300 ns, Cleanup: 102500 ns, At safepoint: 16000 ns, Total: 189800 ns
[2026-06-22T12:14:00.692+0000][28308][gc,start    ] GC(8) Pause Young (Concurrent Start) (Metadata GC Threshold)
[2026-06-22T12:14:00.693+0000][28308][gc,task     ] GC(8) Using 8 workers of 8 for evacuation
[2026-06-22T12:14:00.693+0000][28308][gc,age      ] GC(8) Desired survivor size 80740352 bytes, new threshold 15 (max threshold 15)
[2026-06-22T12:14:00.756+0000][28308][gc,phases   ] GC(8)   Pre Evacuate Collection Set: 0.6ms
[2026-06-22T12:14:00.756+0000][28308][gc,phases   ] GC(8)   Merge Heap Roots: 0.2ms
[2026-06-22T12:14:00.756+0000][28308][gc,phases   ] GC(8)   Evacuate Collection Set: 58.5ms
[2026-06-22T12:14:00.756+0000][28308][gc,phases   ] GC(8)   Post Evacuate Collection Set: 3.3ms
[2026-06-22T12:14:00.756+0000][28308][gc,phases   ] GC(8)   Other: 0.3ms
[2026-06-22T12:14:00.756+0000][28308][gc,age      ] GC(8) Age table with threshold 15 (max threshold 15)
[2026-06-22T12:14:00.756+0000][28308][gc,age      ] GC(8) - age   1:   34531032 bytes,   34531032 total
[2026-06-22T12:14:00.756+0000][28308][gc,age      ] GC(8) - age   2:   12998416 bytes,   47529448 total
[2026-06-22T12:14:00.756+0000][28308][gc,age      ] GC(8) - age   3:    9373488 bytes,   56902936 total
[2026-06-22T12:14:00.756+0000][28308][gc,age      ] GC(8) - age   4:    2488656 bytes,   59391592 total
[2026-06-22T12:14:00.756+0000][28308][gc,age      ] GC(8) - age   5:     519272 bytes,   59910864 total
[2026-06-22T12:14:00.756+0000][28308][gc,age      ] GC(8) - age   6:     277832 bytes,   60188696 total
[2026-06-22T12:14:00.756+0000][28308][gc,heap     ] GC(8) Eden regions: 357->0(1015)
[2026-06-22T12:14:00.756+0000][28308][gc,heap     ] GC(8) Survivor regions: 27->61(154)
[2026-06-22T12:14:00.756+0000][28308][gc,heap     ] GC(8) Old regions: 8->8
[2026-06-22T12:14:00.756+0000][28308][gc,heap     ] GC(8) Humongous regions: 7->7
[2026-06-22T12:14:00.756+0000][28308][gc,metaspace] GC(8) Metaspace: 59746K(60928K)->59746K(60928K) NonClass: 52645K(53312K)->52645K(53312K) Class: 7101K(7616K)->7101K(7616K)
[2026-06-22T12:14:00.756+0000][28308][gc          ] GC(8) Pause Young (Concurrent Start) (Metadata GC Threshold) 398M->75M(2048M) 64.179ms
[2026-06-22T12:14:00.756+0000][28308][gc,cpu      ] GC(8) User=0.42s Sys=0.03s Real=0.06s
[2026-06-22T12:14:00.756+0000][28308][gc          ] GC(9) Concurrent Mark Cycle
[2026-06-22T12:14:00.757+0000][28308][gc,marking  ] GC(9) Concurrent Scan Root Regions
[2026-06-22T12:14:00.757+0000][28308][safepoint   ] Safepoint "CollectForMetadataAllocation", Time since last: 54656800 ns, Reaching safepoint: 9600 ns, Cleanup: 19100 ns, At safepoint: 64477300 ns, Total: 64506000 ns
[2026-06-22T12:14:00.812+0000][28308][gc,marking  ] GC(9) Concurrent Scan Root Regions 55.244ms
[2026-06-22T12:14:00.812+0000][28308][gc,marking  ] GC(9) Concurrent Mark
[2026-06-22T12:14:00.812+0000][28308][gc,marking  ] GC(9) Concurrent Mark From Roots
[2026-06-22T12:14:00.812+0000][28308][gc,task     ] GC(9) Using 2 workers of 2 for marking
[2026-06-22T12:14:00.834+0000][28308][gc,marking  ] GC(9) Concurrent Mark From Roots 23.025ms
[2026-06-22T12:14:00.834+0000][28308][gc,marking  ] GC(9) Concurrent Preclean
[2026-06-22T12:14:00.834+0000][28308][gc,marking  ] GC(9) Concurrent Preclean 0.160ms
[2026-06-22T12:14:00.836+0000][28308][gc,start    ] GC(9) Pause Remark
[2026-06-22T12:14:00.846+0000][28308][gc          ] GC(9) Pause Remark 76M->76M(2048M) 10.073ms
[2026-06-22T12:14:00.846+0000][28308][gc,cpu      ] GC(9) User=0.09s Sys=0.00s Real=0.01s
[2026-06-22T12:14:00.846+0000][28308][safepoint   ] Safepoint "G1PauseRemark", Time since last: 78847200 ns, Reaching safepoint: 97400 ns, Cleanup: 8200 ns, At safepoint: 10291200 ns, Total: 10396800 ns
[2026-06-22T12:14:00.846+0000][28308][gc,marking  ] GC(9) Concurrent Mark 34.096ms
[2026-06-22T12:14:00.847+0000][28308][gc,marking  ] GC(9) Concurrent Rebuild Remembered Sets and Scrub Regions
[2026-06-22T12:14:00.854+0000][28308][gc,marking  ] GC(9) Concurrent Rebuild Remembered Sets and Scrub Regions 7.845ms
[2026-06-22T12:14:00.854+0000][28308][gc,start    ] GC(9) Pause Cleanup
[2026-06-22T12:14:00.855+0000][28308][gc          ] GC(9) Pause Cleanup 77M->77M(2048M) 0.782ms
[2026-06-22T12:14:00.855+0000][28308][gc,cpu      ] GC(9) User=0.02s Sys=0.00s Real=0.00s
[2026-06-22T12:14:00.855+0000][28308][safepoint   ] Safepoint "G1PauseCleanup", Time since last: 8358500 ns, Reaching safepoint: 51500 ns, Cleanup: 11300 ns, At safepoint: 995200 ns, Total: 1058000 ns
[2026-06-22T12:14:00.855+0000][28308][gc,marking  ] GC(9) Concurrent Clear Claimed Marks
[2026-06-22T12:14:00.855+0000][28308][gc,marking  ] GC(9) Concurrent Clear Claimed Marks 0.160ms
[2026-06-22T12:14:00.855+0000][28308][gc,marking  ] GC(9) Concurrent Cleanup for Next Mark
[2026-06-22T12:14:00.862+0000][28308][gc,marking  ] GC(9) Concurrent Cleanup for Next Mark 6.700ms
[2026-06-22T12:14:00.862+0000][28308][gc          ] GC(9) Concurrent Mark Cycle 106.022ms
[2026-06-22T12:14:02.705+0000][28308][safepoint   ] Safepoint "Cleanup", Time since last: 1833851200 ns, Reaching safepoint: 15334200 ns, Cleanup: 280700 ns, At safepoint: 23000 ns, Total: 15637900 ns
[2026-06-22T12:14:03.712+0000][28308][safepoint   ] Safepoint "Cleanup", Time since last: 1006764200 ns, Reaching safepoint: 10100 ns, Cleanup: 134100 ns, At safepoint: 12700 ns, Total: 156900 ns
[2026-06-22T12:14:05.416+0000][28308][safepoint   ] Safepoint "Cleanup", Time since last: 1703982200 ns, Reaching safepoint: 6600 ns, Cleanup: 57000 ns, At safepoint: 11600 ns, Total: 75200 ns
[2026-06-22T12:14:07.436+0000][28308][safepoint   ] Safepoint "Cleanup", Time since last: 2020001800 ns, Reaching safepoint: 32000 ns, Cleanup: 112300 ns, At safepoint: 9800 ns, Total: 154100 ns
[2026-06-22T12:14:08.439+0000][28308][safepoint   ] Safepoint "Cleanup", Time since last: 1002602100 ns, Reaching safepoint: 419700 ns, Cleanup: 39400 ns, At safepoint: 28900 ns, Total: 488000 ns
[2026-06-22T12:14:09.454+0000][28308][safepoint   ] Safepoint "Cleanup", Time since last: 1014705300 ns, Reaching safepoint: 14800 ns, Cleanup: 89300 ns, At safepoint: 19800 ns, Total: 123900 ns
[2026-06-22T12:14:10.460+0000][28308][safepoint   ] Safepoint "Cleanup", Time since last: 1005564000 ns, Reaching safepoint: 13300 ns, Cleanup: 90400 ns, At safepoint: 18100 ns, Total: 121800 ns
[2026-06-22T12:14:11.511+0000][28308][safepoint   ] Safepoint "Cleanup", Time since last: 1004159800 ns, Reaching safepoint: 47533100 ns, Cleanup: 89200 ns, At safepoint: 39200 ns, Total: 47661500 ns
[2026-06-22T12:14:12.513+0000][28308][safepoint   ] Safepoint "Cleanup", Time since last: 1001082800 ns, Reaching safepoint: 138400 ns, Cleanup: 43300 ns, At safepoint: 23300 ns, Total: 205000 ns
[2026-06-22T12:14:14.064+0000][28308][safepoint   ] Safepoint "Cleanup", Time since last: 1550727300 ns, Reaching safepoint: 12600 ns, Cleanup: 170700 ns, At safepoint: 5300 ns, Total: 188600 ns
[2026-06-22T12:14:15.360+0000][28308][safepoint   ] Safepoint "Cleanup", Time since last: 1296376800 ns, Reaching safepoint: 82800 ns, Cleanup: 169200 ns, At safepoint: 39500 ns, Total: 291500 ns
[2026-06-22T12:14:16.368+0000][28308][safepoint   ] Safepoint "Cleanup", Time since last: 1007088500 ns, Reaching safepoint: 18300 ns, Cleanup: 31400 ns, At safepoint: 5400 ns, Total: 55100 ns
[2026-06-22T12:14:19.414+0000][28308][safepoint   ] Safepoint "Cleanup", Time since last: 3030788900 ns, Reaching safepoint: 15352800 ns, Cleanup: 52400 ns, At safepoint: 24800 ns, Total: 15430000 ns
[2026-06-22T12:14:20.526+0000][28308][safepoint   ] Safepoint "Cleanup", Time since last: 1111807500 ns, Reaching safepoint: 11800 ns, Cleanup: 72700 ns, At safepoint: 3900 ns, Total: 88400 ns
[2026-06-22T12:14:21.541+0000][28308][safepoint   ] Safepoint "Cleanup", Time since last: 1015049300 ns, Reaching safepoint: 54700 ns, Cleanup: 87800 ns, At safepoint: 15800 ns, Total: 158300 ns
[2026-06-22T12:14:22.556+0000][28308][safepoint   ] Safepoint "Cleanup", Time since last: 1015499300 ns, Reaching safepoint: 312300 ns, Cleanup: 164600 ns, At safepoint: 21300 ns, Total: 498200 ns
[2026-06-22T12:14:23.576+0000][28308][safepoint   ] Safepoint "Cleanup", Time since last: 1002808800 ns, Reaching safepoint: 16448700 ns, Cleanup: 88800 ns, At safepoint: 27800 ns, Total: 16565300 ns
[2026-06-22T12:14:24.591+0000][28308][safepoint   ] Safepoint "Cleanup", Time since last: 1014373900 ns, Reaching safepoint: 42800 ns, Cleanup: 74400 ns, At safepoint: 15300 ns, Total: 132500 ns
[2026-06-22T12:14:24.836+0000][28308][gc,start    ] GC(10) Pause Young (Concurrent Start) (Metadata GC Threshold)
[2026-06-22T12:14:24.836+0000][28308][gc,task     ] GC(10) Using 8 workers of 8 for evacuation
[2026-06-22T12:14:24.837+0000][28308][gc,age      ] GC(10) Desired survivor size 70778880 bytes, new threshold 15 (max threshold 15)
[2026-06-22T12:14:24.919+0000][28308][gc,phases   ] GC(10)   Pre Evacuate Collection Set: 0.7ms
[2026-06-22T12:14:24.919+0000][28308][gc,phases   ] GC(10)   Merge Heap Roots: 0.3ms
[2026-06-22T12:14:24.919+0000][28308][gc,phases   ] GC(10)   Evacuate Collection Set: 76.5ms
[2026-06-22T12:14:24.919+0000][28308][gc,phases   ] GC(10)   Post Evacuate Collection Set: 4.0ms
[2026-06-22T12:14:24.919+0000][28308][gc,phases   ] GC(10)   Other: 0.4ms
[2026-06-22T12:14:24.919+0000][28308][gc,age      ] GC(10) Age table with threshold 15 (max threshold 15)
[2026-06-22T12:14:24.919+0000][28308][gc,age      ] GC(10) - age   1:   15473656 bytes,   15473656 total
[2026-06-22T12:14:24.920+0000][28308][gc,age      ] GC(10) - age   2:   34172144 bytes,   49645800 total
[2026-06-22T12:14:24.920+0000][28308][gc,age      ] GC(10) - age   3:   12941960 bytes,   62587760 total
[2026-06-22T12:14:24.920+0000][28308][gc,age      ] GC(10) - age   4:    9353000 bytes,   71940760 total
[2026-06-22T12:14:24.920+0000][28308][gc,age      ] GC(10) - age   5:    2486368 bytes,   74427128 total
[2026-06-22T12:14:24.920+0000][28308][gc,age      ] GC(10) - age   6:     517488 bytes,   74944616 total
[2026-06-22T12:14:24.920+0000][28308][gc,age      ] GC(10) - age   7:     277416 bytes,   75222032 total
[2026-06-22T12:14:24.920+0000][28308][gc,heap     ] GC(10) Eden regions: 249->0(329)
[2026-06-22T12:14:24.920+0000][28308][gc,heap     ] GC(10) Survivor regions: 61->74(135)
[2026-06-22T12:14:24.920+0000][28308][gc,heap     ] GC(10) Old regions: 8->8
[2026-06-22T12:14:24.920+0000][28308][gc,heap     ] GC(10) Humongous regions: 7->7
[2026-06-22T12:14:24.920+0000][28308][gc,metaspace] GC(10) Metaspace: 99920K(102016K)->99920K(102016K) NonClass: 87579K(88704K)->87579K(88704K) Class: 12340K(13312K)->12340K(13312K)
[2026-06-22T12:14:24.920+0000][28308][gc          ] GC(10) Pause Young (Concurrent Start) (Metadata GC Threshold) 323M->88M(2048M) 83.124ms
[2026-06-22T12:14:24.920+0000][28308][gc,cpu      ] GC(10) User=0.58s Sys=0.00s Real=0.08s
[2026-06-22T12:14:24.920+0000][28308][gc          ] GC(11) Concurrent Mark Cycle
[2026-06-22T12:14:24.921+0000][28308][gc,marking  ] GC(11) Concurrent Scan Root Regions
[2026-06-22T12:14:24.921+0000][28308][safepoint   ] Safepoint "CollectForMetadataAllocation", Time since last: 246266200 ns, Reaching safepoint: 9100 ns, Cleanup: 33100 ns, At safepoint: 83466300 ns, Total: 83508500 ns
[2026-06-22T12:14:24.999+0000][28308][gc,marking  ] GC(11) Concurrent Scan Root Regions 79.107ms
[2026-06-22T12:14:24.999+0000][28308][gc,marking  ] GC(11) Concurrent Mark
[2026-06-22T12:14:24.999+0000][28308][gc,marking  ] GC(11) Concurrent Mark From Roots
[2026-06-22T12:14:24.999+0000][28308][gc,task     ] GC(11) Using 2 workers of 2 for marking
[2026-06-22T12:14:25.022+0000][28308][gc,marking  ] GC(11) Concurrent Mark From Roots 23.191ms
[2026-06-22T12:14:25.022+0000][28308][gc,marking  ] GC(11) Concurrent Preclean
[2026-06-22T12:14:25.023+0000][28308][gc,marking  ] GC(11) Concurrent Preclean 0.170ms
[2026-06-22T12:14:25.023+0000][28308][gc,start    ] GC(11) Pause Remark
[2026-06-22T12:14:25.035+0000][28308][gc          ] GC(11) Pause Remark 91M->91M(2048M) 10.882ms
[2026-06-22T12:14:25.035+0000][28308][gc,cpu      ] GC(11) User=0.11s Sys=0.00s Real=0.01s
[2026-06-22T12:14:25.035+0000][28308][safepoint   ] Safepoint "G1PauseRemark", Time since last: 102930500 ns, Reaching safepoint: 59800 ns, Cleanup: 21100 ns, At safepoint: 11125600 ns, Total: 11206500 ns
[2026-06-22T12:14:25.035+0000][28308][gc,marking  ] GC(11) Concurrent Mark 34.998ms
[2026-06-22T12:14:25.035+0000][28308][gc,marking  ] GC(11) Concurrent Rebuild Remembered Sets and Scrub Regions
[2026-06-22T12:14:25.043+0000][28308][gc,marking  ] GC(11) Concurrent Rebuild Remembered Sets and Scrub Regions 8.960ms
[2026-06-22T12:14:25.043+0000][28308][gc,start    ] GC(11) Pause Cleanup
[2026-06-22T12:14:25.044+0000][28308][gc          ] GC(11) Pause Cleanup 91M->91M(2048M) 0.592ms
[2026-06-22T12:14:25.044+0000][28308][gc,cpu      ] GC(11) User=0.00s Sys=0.00s Real=0.00s
[2026-06-22T12:14:25.044+0000][28308][safepoint   ] Safepoint "G1PauseCleanup", Time since last: 9311400 ns, Reaching safepoint: 9700 ns, Cleanup: 22300 ns, At safepoint: 807600 ns, Total: 839600 ns
[2026-06-22T12:14:25.044+0000][28308][gc,marking  ] GC(11) Concurrent Clear Claimed Marks
[2026-06-22T12:14:25.045+0000][28308][gc,marking  ] GC(11) Concurrent Clear Claimed Marks 0.232ms
[2026-06-22T12:14:25.045+0000][28308][gc,marking  ] GC(11) Concurrent Cleanup for Next Mark
[2026-06-22T12:14:25.051+0000][28308][gc,marking  ] GC(11) Concurrent Cleanup for Next Mark 6.607ms
[2026-06-22T12:14:25.051+0000][28308][gc          ] GC(11) Concurrent Mark Cycle 131.618ms
[2026-06-22T12:14:26.054+0000][28308][safepoint   ] Safepoint "Cleanup", Time since last: 1008794100 ns, Reaching safepoint: 594200 ns, Cleanup: 70100 ns, At safepoint: 14900 ns, Total: 679200 ns
[2026-06-22T12:14:27.068+0000][28308][safepoint   ] Safepoint "Cleanup", Time since last: 1013013000 ns, Reaching safepoint: 1027900 ns, Cleanup: 87200 ns, At safepoint: 19100 ns, Total: 1134200 ns
[2026-06-22T12:14:28.082+0000][28308][safepoint   ] Safepoint "Cleanup", Time since last: 1013265200 ns, Reaching safepoint: 786300 ns, Cleanup: 75100 ns, At safepoint: 16400 ns, Total: 877800 ns
[2026-06-22T12:14:29.386+0000][28308][safepoint   ] Safepoint "Cleanup", Time since last: 1305069400 ns, Reaching safepoint: 6600 ns, Cleanup: 136400 ns, At safepoint: 3300 ns, Total: 146300 ns
[2026-06-22T12:14:30.421+0000][28308][safepoint   ] Safepoint "Cleanup", Time since last: 1017851500 ns, Reaching safepoint: 15676500 ns, Cleanup: 188600 ns, At safepoint: 23500 ns, Total: 15888600 ns
[2026-06-22T12:14:31.675+0000][28308][safepoint   ] Safepoint "Cleanup", Time since last: 1253732400 ns, Reaching safepoint: 14500 ns, Cleanup: 140300 ns, At safepoint: 18200 ns, Total: 173000 ns
[2026-06-22T12:14:32.680+0000][28308][safepoint   ] Safepoint "Cleanup", Time since last: 1004016300 ns, Reaching safepoint: 61400 ns, Cleanup: 88800 ns, At safepoint: 14000 ns, Total: 164200 ns
[2026-06-22T12:14:33.748+0000][28308][safepoint   ] Safepoint "Cleanup", Time since last: 1005781900 ns, Reaching safepoint: 63022000 ns, Cleanup: 45000 ns, At safepoint: 87300 ns, Total: 63154300 ns
[2026-06-22T12:14:34.772+0000][28308][safepoint   ] Safepoint "Cleanup", Time since last: 1007473400 ns, Reaching safepoint: 15839800 ns, Cleanup: 203600 ns, At safepoint: 689000 ns, Total: 16732400 ns
[2026-06-22T12:14:35.781+0000][28308][safepoint   ] Safepoint "Cleanup", Time since last: 1008650800 ns, Reaching safepoint: 24800 ns, Cleanup: 347600 ns, At safepoint: 11100 ns, Total: 383500 ns
[2026-06-22T12:14:37.005+0000][28308][safepoint   ] Safepoint "Cleanup", Time since last: 1222559100 ns, Reaching safepoint: 255900 ns, Cleanup: 74400 ns, At safepoint: 6200 ns, Total: 336500 ns
[2026-06-22T12:14:38.006+0000][28308][safepoint   ] Safepoint "Cleanup", Time since last: 1001322600 ns, Reaching safepoint: 24200 ns, Cleanup: 153200 ns, At safepoint: 7100 ns, Total: 184500 ns
[2026-06-22T12:14:39.026+0000][28308][safepoint   ] Safepoint "Cleanup", Time since last: 1011732600 ns, Reaching safepoint: 8277600 ns, Cleanup: 247700 ns, At safepoint: 389700 ns, Total: 8915000 ns
[2026-06-22T12:14:40.102+0000][28308][safepoint   ] Safepoint "Cleanup", Time since last: 1059480400 ns, Reaching safepoint: 16062400 ns, Cleanup: 211500 ns, At safepoint: 62300 ns, Total: 16336200 ns
[2026-06-22T12:14:41.453+0000][28308][safepoint   ] Safepoint "ICBufferFull", Time since last: 1350107900 ns, Reaching safepoint: 18800 ns, Cleanup: 283600 ns, At safepoint: 5000 ns, Total: 307400 ns
[2026-06-22T12:14:42.785+0000][28308][safepoint   ] Safepoint "Cleanup", Time since last: 1331483100 ns, Reaching safepoint: 37600 ns, Cleanup: 288300 ns, At safepoint: 36100 ns, Total: 362000 ns
[2026-06-22T12:14:44.621+0000][28308][safepoint   ] Safepoint "Cleanup", Time since last: 1835926900 ns, Reaching safepoint: 36700 ns, Cleanup: 169600 ns, At safepoint: 5000 ns, Total: 211300 ns
[2026-06-22T12:14:46.005+0000][28308][safepoint   ] Safepoint "ICBufferFull", Time since last: 1383201400 ns, Reaching safepoint: 19000 ns, Cleanup: 307100 ns, At safepoint: 17300 ns, Total: 343400 ns
[2026-06-22T12:14:46.502+0000][28308][safepoint   ] Safepoint "ICBufferFull", Time since last: 496903200 ns, Reaching safepoint: 22400 ns, Cleanup: 340200 ns, At safepoint: 20800 ns, Total: 383400 ns
[2026-06-22T12:14:48.060+0000][28308][safepoint   ] Safepoint "Cleanup", Time since last: 1557412100 ns, Reaching safepoint: 1041800 ns, Cleanup: 234800 ns, At safepoint: 36300 ns, Total: 1312900 ns
[2026-06-22T12:14:48.608+0000][28308][safepoint   ] Safepoint "ICBufferFull", Time since last: 547153600 ns, Reaching safepoint: 19300 ns, Cleanup: 281800 ns, At safepoint: 25200 ns, Total: 326300 ns
[2026-06-22T12:14:48.611+0000][28308][gc,start    ] GC(12) Pause Young (Normal) (G1 Evacuation Pause)
[2026-06-22T12:14:48.611+0000][28308][gc,task     ] GC(12) Using 8 workers of 8 for evacuation
[2026-06-22T12:14:48.611+0000][28308][gc,age      ] GC(12) Desired survivor size 26738688 bytes, new threshold 2 (max threshold 15)
[2026-06-22T12:14:48.741+0000][28308][gc,phases   ] GC(12)   Pre Evacuate Collection Set: 0.6ms
[2026-06-22T12:14:48.741+0000][28308][gc,phases   ] GC(12)   Merge Heap Roots: 0.3ms
[2026-06-22T12:14:48.741+0000][28308][gc,phases   ] GC(12)   Evacuate Collection Set: 124.6ms
[2026-06-22T12:14:48.741+0000][28308][gc,phases   ] GC(12)   Post Evacuate Collection Set: 3.8ms
[2026-06-22T12:14:48.741+0000][28308][gc,phases   ] GC(12)   Other: 0.3ms
[2026-06-22T12:14:48.741+0000][28308][gc,age      ] GC(12) Age table with threshold 2 (max threshold 15)
[2026-06-22T12:14:48.741+0000][28308][gc,age      ] GC(12) - age   1:   20546272 bytes,   20546272 total
[2026-06-22T12:14:48.741+0000][28308][gc,age      ] GC(12) - age   2:   14501328 bytes,   35047600 total
[2026-06-22T12:14:48.741+0000][28308][gc,heap     ] GC(12) Eden regions: 329->0(1152)
[2026-06-22T12:14:48.741+0000][28308][gc,heap     ] GC(12) Survivor regions: 74->37(51)
[2026-06-22T12:14:48.741+0000][28308][gc,heap     ] GC(12) Old regions: 8->67
[2026-06-22T12:14:48.741+0000][28308][gc,heap     ] GC(12) Humongous regions: 7->7
[2026-06-22T12:14:48.741+0000][28308][gc,metaspace] GC(12) Metaspace: 123287K(126528K)->123287K(126528K) NonClass: 107616K(109312K)->107616K(109312K) Class: 15671K(17216K)->15671K(17216K)
[2026-06-22T12:14:48.741+0000][28308][gc          ] GC(12) Pause Young (Normal) (G1 Evacuation Pause) 417M->110M(2048M) 130.668ms
[2026-06-22T12:14:48.741+0000][28308][gc,cpu      ] GC(12) User=0.80s Sys=0.05s Real=0.13s
[2026-06-22T12:14:48.742+0000][28308][safepoint   ] Safepoint "G1CollectForAllocation", Time since last: 2872800 ns, Reaching safepoint: 71400 ns, Cleanup: 28700 ns, At safepoint: 130901700 ns, Total: 131001800 ns
[2026-06-22T12:14:49.758+0000][28308][safepoint   ] Safepoint "Cleanup", Time since last: 1016080900 ns, Reaching safepoint: 13800 ns, Cleanup: 177800 ns, At safepoint: 15700 ns, Total: 207300 ns
[2026-06-22T12:14:50.814+0000][28308][safepoint   ] Safepoint "ICBufferFull", Time since last: 1055601000 ns, Reaching safepoint: 23600 ns, Cleanup: 601200 ns, At safepoint: 16200 ns, Total: 641000 ns
[2026-06-22T12:14:51.916+0000][28308][safepoint   ] Safepoint "Cleanup", Time since last: 1101561200 ns, Reaching safepoint: 20600 ns, Cleanup: 95500 ns, At safepoint: 5500 ns, Total: 121600 ns
[2026-06-22T12:14:52.991+0000][28308][safepoint   ] Safepoint "Cleanup", Time since last: 1074893400 ns, Reaching safepoint: 12300 ns, Cleanup: 97000 ns, At safepoint: 14100 ns, Total: 123400 ns
[2026-06-22T12:14:54.182+0000][28308][safepoint   ] Safepoint "Cleanup", Time since last: 1190821700 ns, Reaching safepoint: 17600 ns, Cleanup: 270000 ns, At safepoint: 34200 ns, Total: 321800 ns
[2026-06-22T12:14:55.186+0000][28308][safepoint   ] Safepoint "Cleanup", Time since last: 1003954300 ns, Reaching safepoint: 33900 ns, Cleanup: 57100 ns, At safepoint: 6400 ns, Total: 97400 ns
[2026-06-22T12:14:56.201+0000][28308][safepoint   ] Safepoint "Cleanup", Time since last: 1014679900 ns, Reaching safepoint: 23300 ns, Cleanup: 117200 ns, At safepoint: 7800 ns, Total: 148300 ns
[2026-06-22T12:14:57.209+0000][28308][safepoint   ] Safepoint "Cleanup", Time since last: 1007463400 ns, Reaching safepoint: 21200 ns, Cleanup: 37100 ns, At safepoint: 4800 ns, Total: 63100 ns
[2026-06-22T12:14:58.209+0000][28308][safepoint   ] Safepoint "Cleanup", Time since last: 1000428300 ns, Reaching safepoint: 23200 ns, Cleanup: 89500 ns, At safepoint: 5700 ns, Total: 118400 ns
[2026-06-22T12:14:59.216+0000][28308][safepoint   ] Safepoint "Cleanup", Time since last: 1007012100 ns, Reaching safepoint: 22600 ns, Cleanup: 29000 ns, At safepoint: 4400 ns, Total: 56000 ns
[2026-06-22T12:15:00.220+0000][28308][safepoint   ] Safepoint "Cleanup", Time since last: 1003683400 ns, Reaching safepoint: 32200 ns, Cleanup: 186500 ns, At safepoint: 27200 ns, Total: 245900 ns
[2026-06-22T12:15:01.221+0000][28308][safepoint   ] Safepoint "Cleanup", Time since last: 1001089200 ns, Reaching safepoint: 31400 ns, Cleanup: 34000 ns, At safepoint: 4800 ns, Total: 70200 ns
[2026-06-22T12:15:02.227+0000][28308][safepoint   ] Safepoint "Cleanup", Time since last: 1005079900 ns, Reaching safepoint: 18400 ns, Cleanup: 23900 ns, At safepoint: 4800 ns, Total: 47100 ns
[2026-06-22T12:15:03.233+0000][28308][safepoint   ] Safepoint "Cleanup", Time since last: 1006485100 ns, Reaching safepoint: 19000 ns, Cleanup: 125100 ns, At safepoint: 4900 ns, Total: 149000 ns
[2026-06-22T12:15:06.266+0000][28308][safepoint   ] Safepoint "Cleanup", Time since last: 3032451800 ns, Reaching safepoint: 18900 ns, Cleanup: 17600 ns, At safepoint: 2600 ns, Total: 39100 ns
[2026-06-22T12:15:07.280+0000][28308][safepoint   ] Safepoint "Cleanup", Time since last: 1013843000 ns, Reaching safepoint: 35800 ns, Cleanup: 21900 ns, At safepoint: 4200 ns, Total: 61900 ns
[2026-06-22T12:15:08.707+0000][28308][safepoint   ] Safepoint "Cleanup", Time since last: 1427049800 ns, Reaching safepoint: 9100 ns, Cleanup: 24700 ns, At safepoint: 9000 ns, Total: 42800 ns
[2026-06-22T12:15:09.715+0000][28308][safepoint   ] Safepoint "Cleanup", Time since last: 1007749600 ns, Reaching safepoint: 20100 ns, Cleanup: 36600 ns, At safepoint: 4200 ns, Total: 60900 ns
[2026-06-22T12:15:11.716+0000][28308][safepoint   ] Safepoint "Cleanup", Time since last: 2001843300 ns, Reaching safepoint: 12500 ns, Cleanup: 13500 ns, At safepoint: 2600 ns, Total: 28600 ns
[2026-06-22T12:15:13.734+0000][28308][safepoint   ] Safepoint "Cleanup", Time since last: 2017521300 ns, Reaching safepoint: 11000 ns, Cleanup: 19000 ns, At safepoint: 2300 ns, Total: 32300 ns
[2026-06-22T12:15:20.772+0000][28308][safepoint   ] Safepoint "Cleanup", Time since last: 7037646600 ns, Reaching safepoint: 36000 ns, Cleanup: 48300 ns, At safepoint: 18600 ns, Total: 102900 ns
[2026-06-22T12:15:26.820+0000][28308][safepoint   ] Safepoint "Cleanup", Time since last: 6047806000 ns, Reaching safepoint: 23300 ns, Cleanup: 42900 ns, At safepoint: 38500 ns, Total: 104700 ns
[2026-06-22T12:15:32.887+0000][28308][safepoint   ] Safepoint "Cleanup", Time since last: 6067585200 ns, Reaching safepoint: 19700 ns, Cleanup: 56000 ns, At safepoint: 4300 ns, Total: 80000 ns
[2026-06-22T12:15:33.902+0000][28308][safepoint   ] Safepoint "Cleanup", Time since last: 1014396500 ns, Reaching safepoint: 23200 ns, Cleanup: 26300 ns, At safepoint: 3600 ns, Total: 53100 ns
[2026-06-22T12:15:39.023+0000][28308][safepoint   ] Safepoint "Cleanup", Time since last: 5121293800 ns, Reaching safepoint: 62900 ns, Cleanup: 52100 ns, At safepoint: 4300 ns, Total: 119300 ns
[2026-06-22T12:15:42.053+0000][28308][safepoint   ] Safepoint "Cleanup", Time since last: 3029337700 ns, Reaching safepoint: 26400 ns, Cleanup: 29100 ns, At safepoint: 5400 ns, Total: 60900 ns
[2026-06-22T12:15:43.067+0000][28308][safepoint   ] Safepoint "Cleanup", Time since last: 1014439900 ns, Reaching safepoint: 26600 ns, Cleanup: 35100 ns, At safepoint: 5000 ns, Total: 66700 ns
[2026-06-22T12:15:49.116+0000][28308][safepoint   ] Safepoint "Cleanup", Time since last: 6048381500 ns, Reaching safepoint: 20000 ns, Cleanup: 23100 ns, At safepoint: 3300 ns, Total: 46400 ns
[2026-06-22T12:15:54.162+0000][28308][safepoint   ] Safepoint "Cleanup", Time since last: 5046051100 ns, Reaching safepoint: 18400 ns, Cleanup: 22500 ns, At safepoint: 3500 ns, Total: 44400 ns
[2026-06-22T12:15:57.175+0000][28308][safepoint   ] Safepoint "Cleanup", Time since last: 3013778600 ns, Reaching safepoint: 77600 ns, Cleanup: 20400 ns, At safepoint: 22300 ns, Total: 120300 ns
[2026-06-22T12:15:59.193+0000][28308][safepoint   ] Safepoint "Cleanup", Time since last: 2017322000 ns, Reaching safepoint: 20000 ns, Cleanup: 102800 ns, At safepoint: 14200 ns, Total: 137000 ns
[2026-06-22T12:16:00.205+0000][28308][safepoint   ] Safepoint "Cleanup", Time since last: 1012065500 ns, Reaching safepoint: 20800 ns, Cleanup: 15900 ns, At safepoint: 18200 ns, Total: 54900 ns
[2026-06-22T12:16:04.224+0000][28308][safepoint   ] Safepoint "Cleanup", Time since last: 4018661600 ns, Reaching safepoint: 26800 ns, Cleanup: 26000 ns, At safepoint: 4200 ns, Total: 57000 ns
[2026-06-22T12:16:07.250+0000][28308][safepoint   ] Safepoint "Cleanup", Time since last: 3026295400 ns, Reaching safepoint: 29700 ns, Cleanup: 30000 ns, At safepoint: 25900 ns, Total: 85600 ns
[2026-06-22T12:16:08.253+0000][28308][safepoint   ] Safepoint "Cleanup", Time since last: 1002467500 ns, Reaching safepoint: 29400 ns, Cleanup: 27800 ns, At safepoint: 4900 ns, Total: 62100 ns
[2026-06-22T12:16:09.263+0000][28308][safepoint   ] Safepoint "Cleanup", Time since last: 1009937300 ns, Reaching safepoint: 111700 ns, Cleanup: 79300 ns, At safepoint: 6700 ns, Total: 197700 ns
[2026-06-22T12:16:28.622+0000][28308][safepoint   ] Safepoint "Cleanup", Time since last: 19362518900 ns, Reaching safepoint: 22700 ns, Cleanup: 16000 ns, At safepoint: 8500 ns, Total: 47200 ns
[2026-06-22T12:16:29.966+0000][28308][safepoint   ] Safepoint "Cleanup", Time since last: 1340566400 ns, Reaching safepoint: 25400 ns, Cleanup: 143300 ns, At safepoint: 7500 ns, Total: 176200 ns
[2026-06-22T12:16:32.994+0000][28308][safepoint   ] Safepoint "Cleanup", Time since last: 3027978300 ns, Reaching safepoint: 31500 ns, Cleanup: 28600 ns, At safepoint: 3900 ns, Total: 64000 ns
[2026-06-22T12:16:38.765+0000][28308][safepoint   ] Safepoint "Cleanup", Time since last: 5770749600 ns, Reaching safepoint: 19800 ns, Cleanup: 23100 ns, At safepoint: 6300 ns, Total: 49200 ns
[2026-06-22T12:16:39.780+0000][28308][safepoint   ] Safepoint "Cleanup", Time since last: 1014789000 ns, Reaching safepoint: 22400 ns, Cleanup: 41900 ns, At safepoint: 4900 ns, Total: 69200 ns
[2026-06-22T12:16:48.835+0000][28308][safepoint   ] Safepoint "Cleanup", Time since last: 9054629600 ns, Reaching safepoint: 90700 ns, Cleanup: 80700 ns, At safepoint: 7700 ns, Total: 179100 ns
[2026-06-22T12:16:55.875+0000][28308][safepoint   ] Safepoint "Cleanup", Time since last: 7040023700 ns, Reaching safepoint: 20500 ns, Cleanup: 23900 ns, At safepoint: 3800 ns, Total: 48200 ns
[2026-06-22T12:16:58.893+0000][28308][safepoint   ] Safepoint "Cleanup", Time since last: 3018094900 ns, Reaching safepoint: 23600 ns, Cleanup: 20800 ns, At safepoint: 4200 ns, Total: 48600 ns
[2026-06-22T12:17:01.934+0000][28308][safepoint   ] Safepoint "Cleanup", Time since last: 3041472500 ns, Reaching safepoint: 34100 ns, Cleanup: 72400 ns, At safepoint: 5400 ns, Total: 111900 ns
[2026-06-22T12:17:02.949+0000][28308][safepoint   ] Safepoint "Cleanup", Time since last: 1014347300 ns, Reaching safepoint: 21300 ns, Cleanup: 28800 ns, At safepoint: 3100 ns, Total: 53200 ns
[2026-06-22T12:17:09.001+0000][28308][safepoint   ] Safepoint "Cleanup", Time since last: 6051966700 ns, Reaching safepoint: 39100 ns, Cleanup: 35300 ns, At safepoint: 16600 ns, Total: 91000 ns
[2026-06-22T12:17:10.607+0000][28308][safepoint   ] Safepoint "Cleanup", Time since last: 1605561000 ns, Reaching safepoint: 21200 ns, Cleanup: 111100 ns, At safepoint: 45800 ns, Total: 178100 ns
[2026-06-22T12:17:15.662+0000][28308][safepoint   ] Safepoint "Cleanup", Time since last: 5054924500 ns, Reaching safepoint: 45700 ns, Cleanup: 20800 ns, At safepoint: 12400 ns, Total: 78900 ns
[2026-06-22T12:17:19.691+0000][28308][safepoint   ] Safepoint "Cleanup", Time since last: 4029200800 ns, Reaching safepoint: 55100 ns, Cleanup: 24700 ns, At safepoint: 4300 ns, Total: 84100 ns
[2026-06-22T12:17:27.752+0000][28308][safepoint   ] Safepoint "Cleanup", Time since last: 8060750500 ns, Reaching safepoint: 24900 ns, Cleanup: 20600 ns, At safepoint: 3100 ns, Total: 48600 ns
[2026-06-22T12:17:33.762+0000][28308][safepoint   ] Safepoint "Cleanup", Time since last: 6009937000 ns, Reaching safepoint: 19900 ns, Cleanup: 17900 ns, At safepoint: 3300 ns, Total: 41100 ns
[2026-06-22T12:17:39.406+0000][28308][safepoint   ] Safepoint "Cleanup", Time since last: 5644438600 ns, Reaching safepoint: 19400 ns, Cleanup: 21200 ns, At safepoint: 4200 ns, Total: 44800 ns
[2026-06-22T12:17:41.418+0000][28308][safepoint   ] Safepoint "Cleanup", Time since last: 2011911700 ns, Reaching safepoint: 25200 ns, Cleanup: 31700 ns, At safepoint: 4400 ns, Total: 61300 ns
[2026-06-22T12:17:45.442+0000][28308][safepoint   ] Safepoint "Cleanup", Time since last: 4024149900 ns, Reaching safepoint: 20500 ns, Cleanup: 20700 ns, At safepoint: 2800 ns, Total: 44000 ns
[2026-06-22T12:17:47.452+0000][28308][safepoint   ] Safepoint "Cleanup", Time since last: 2009858200 ns, Reaching safepoint: 137900 ns, Cleanup: 24300 ns, At safepoint: 5200 ns, Total: 167400 ns
[2026-06-22T12:17:56.522+0000][28308][safepoint   ] Safepoint "Cleanup", Time since last: 9069228900 ns, Reaching safepoint: 38200 ns, Cleanup: 28400 ns, At safepoint: 5100 ns, Total: 71700 ns
[2026-06-22T12:17:59.566+0000][28308][safepoint   ] Safepoint "Cleanup", Time since last: 3044269200 ns, Reaching safepoint: 27800 ns, Cleanup: 37000 ns, At safepoint: 4300 ns, Total: 69100 ns
[2026-06-22T12:18:03.606+0000][28308][safepoint   ] Safepoint "Cleanup", Time since last: 4039553500 ns, Reaching safepoint: 41000 ns, Cleanup: 27600 ns, At safepoint: 3600 ns, Total: 72200 ns
[2026-06-22T12:18:09.660+0000][28308][safepoint   ] Safepoint "Cleanup", Time since last: 6054023700 ns, Reaching safepoint: 44500 ns, Cleanup: 48000 ns, At safepoint: 6600 ns, Total: 99100 ns
[2026-06-22T12:18:10.665+0000][28308][safepoint   ] Safepoint "Cleanup", Time since last: 1004751800 ns, Reaching safepoint: 23100 ns, Cleanup: 30700 ns, At safepoint: 17600 ns, Total: 71400 ns
[2026-06-22T12:18:11.766+0000][28308][safepoint   ] Safepoint "Cleanup", Time since last: 1102278200 ns, Reaching safepoint: 20300 ns, Cleanup: 32800 ns, At safepoint: 4600 ns, Total: 57700 ns
[2026-06-22T12:18:18.837+0000][28308][safepoint   ] Safepoint "Cleanup", Time since last: 7069936000 ns, Reaching safepoint: 30800 ns, Cleanup: 53100 ns, At safepoint: 5900 ns, Total: 89800 ns
[2026-06-22T12:18:19.842+0000][28308][safepoint   ] Safepoint "Cleanup", Time since last: 1005452200 ns, Reaching safepoint: 30100 ns, Cleanup: 27400 ns, At safepoint: 5800 ns, Total: 63300 ns
[2026-06-22T12:18:26.905+0000][28308][safepoint   ] Safepoint "Cleanup", Time since last: 7062234700 ns, Reaching safepoint: 23700 ns, Cleanup: 127500 ns, At safepoint: 13800 ns, Total: 165000 ns
[2026-06-22T12:18:32.931+0000][28308][safepoint   ] Safepoint "Cleanup", Time since last: 6026453900 ns, Reaching safepoint: 23900 ns, Cleanup: 18900 ns, At safepoint: 3400 ns, Total: 46200 ns
[2026-06-22T12:18:41.584+0000][28308][safepoint   ] Safepoint "Cleanup", Time since last: 8652109700 ns, Reaching safepoint: 16700 ns, Cleanup: 12500 ns, At safepoint: 7400 ns, Total: 36600 ns
[2026-06-22T12:18:42.621+0000][28308][safepoint   ] Safepoint "Cleanup", Time since last: 1036900400 ns, Reaching safepoint: 25100 ns, Cleanup: 28400 ns, At safepoint: 4500 ns, Total: 58000 ns
[2026-06-22T12:18:44.634+0000][28308][safepoint   ] Safepoint "Cleanup", Time since last: 2013870300 ns, Reaching safepoint: 27900 ns, Cleanup: 24600 ns, At safepoint: 3600 ns, Total: 56100 ns
[2026-06-22T12:19:02.767+0000][28308][safepoint   ] Safepoint "Cleanup", Time since last: 18132897000 ns, Reaching safepoint: 88600 ns, Cleanup: 36600 ns, At safepoint: 5100 ns, Total: 130300 ns
[2026-06-22T12:19:09.847+0000][28308][safepoint   ] Safepoint "Cleanup", Time since last: 7079115900 ns, Reaching safepoint: 26000 ns, Cleanup: 17200 ns, At safepoint: 2700 ns, Total: 45900 ns
[2026-06-22T12:19:11.943+0000][28308][safepoint   ] Safepoint "Cleanup", Time since last: 2097961100 ns, Reaching safepoint: 7100 ns, Cleanup: 13500 ns, At safepoint: 5700 ns, Total: 26300 ns
[2026-06-22T12:19:12.947+0000][28308][safepoint   ] Safepoint "Cleanup", Time since last: 1002101500 ns, Reaching safepoint: 15600 ns, Cleanup: 15500 ns, At safepoint: 2800 ns, Total: 33900 ns
[2026-06-22T12:19:29.075+0000][28308][safepoint   ] Safepoint "Cleanup", Time since last: 16128077700 ns, Reaching safepoint: 17300 ns, Cleanup: 15100 ns, At safepoint: 2100 ns, Total: 34500 ns
[2026-06-22T12:19:30.089+0000][28308][safepoint   ] Safepoint "Cleanup", Time since last: 1013687500 ns, Reaching safepoint: 37400 ns, Cleanup: 36800 ns, At safepoint: 4000 ns, Total: 78200 ns
[2026-06-22T12:19:32.092+0000][28308][safepoint   ] Safepoint "Cleanup", Time since last: 2003249600 ns, Reaching safepoint: 15900 ns, Cleanup: 17600 ns, At safepoint: 11400 ns, Total: 44900 ns
[2026-06-22T12:19:33.095+0000][28308][safepoint   ] Safepoint "Cleanup", Time since last: 1002946700 ns, Reaching safepoint: 18600 ns, Cleanup: 22300 ns, At safepoint: 13700 ns, Total: 54600 ns
[2026-06-22T12:19:42.355+0000][28308][safepoint   ] Safepoint "Cleanup", Time since last: 9260202600 ns, Reaching safepoint: 11500 ns, Cleanup: 17600 ns, At safepoint: 8300 ns, Total: 37400 ns
[2026-06-22T12:19:43.358+0000][28308][safepoint   ] Safepoint "Cleanup", Time since last: 1003355100 ns, Reaching safepoint: 12300 ns, Cleanup: 77900 ns, At safepoint: 16600 ns, Total: 106800 ns
[2026-06-22T12:19:44.375+0000][28308][safepoint   ] Safepoint "Cleanup", Time since last: 1016355000 ns, Reaching safepoint: 70400 ns, Cleanup: 71300 ns, At safepoint: 9900 ns, Total: 151600 ns
[2026-06-22T12:19:56.457+0000][28308][safepoint   ] Safepoint "Cleanup", Time since last: 12081839700 ns, Reaching safepoint: 24800 ns, Cleanup: 22300 ns, At safepoint: 4000 ns, Total: 51100 ns
[2026-06-22T12:20:09.567+0000][28308][safepoint   ] Safepoint "Cleanup", Time since last: 13109946900 ns, Reaching safepoint: 19900 ns, Cleanup: 18100 ns, At safepoint: 3300 ns, Total: 41300 ns
[2026-06-22T12:20:33.742+0000][28308][safepoint   ] Safepoint "Cleanup", Time since last: 24174713300 ns, Reaching safepoint: 44100 ns, Cleanup: 23200 ns, At safepoint: 3200 ns, Total: 70500 ns
[2026-06-22T12:20:39.791+0000][28308][safepoint   ] Safepoint "Cleanup", Time since last: 6049554100 ns, Reaching safepoint: 31400 ns, Cleanup: 21200 ns, At safepoint: 3100 ns, Total: 55700 ns
[2026-06-22T12:21:00.905+0000][28308][safepoint   ] Safepoint "Cleanup", Time since last: 21113235400 ns, Reaching safepoint: 23000 ns, Cleanup: 27800 ns, At safepoint: 3600 ns, Total: 54400 ns
[2026-06-22T12:21:08.981+0000][28308][safepoint   ] Safepoint "Cleanup", Time since last: 8076186700 ns, Reaching safepoint: 17300 ns, Cleanup: 14100 ns, At safepoint: 2200 ns, Total: 33600 ns
[2026-06-22T12:21:21.560+0000][28308][safepoint   ] Safepoint "Cleanup", Time since last: 12578616300 ns, Reaching safepoint: 22300 ns, Cleanup: 24100 ns, At safepoint: 3200 ns, Total: 49600 ns
[2026-06-22T12:21:37.019+0000][28308][safepoint   ] Safepoint "Cleanup", Time since last: 15459594000 ns, Reaching safepoint: 7600 ns, Cleanup: 12000 ns, At safepoint: 3400 ns, Total: 23000 ns
[2026-06-22T12:21:38.028+0000][28308][safepoint   ] Safepoint "Cleanup", Time since last: 1009182900 ns, Reaching safepoint: 29400 ns, Cleanup: 31600 ns, At safepoint: 4700 ns, Total: 65700 ns
[2026-06-22T12:21:44.060+0000][28308][safepoint   ] Safepoint "Cleanup", Time since last: 6031733200 ns, Reaching safepoint: 22800 ns, Cleanup: 28700 ns, At safepoint: 9800 ns, Total: 61300 ns
[2026-06-22T12:21:45.698+0000][28308][safepoint   ] Safepoint "Cleanup", Time since last: 1637609400 ns, Reaching safepoint: 17200 ns, Cleanup: 63300 ns, At safepoint: 2300 ns, Total: 82800 ns
[2026-06-22T12:21:54.743+0000][28308][safepoint   ] Safepoint "Cleanup", Time since last: 9045302700 ns, Reaching safepoint: 81400 ns, Cleanup: 50400 ns, At safepoint: 10000 ns, Total: 141800 ns
[2026-06-22T12:22:00.813+0000][28308][safepoint   ] Safepoint "Cleanup", Time since last: 6069503400 ns, Reaching safepoint: 19500 ns, Cleanup: 23000 ns, At safepoint: 3100 ns, Total: 45600 ns
[2026-06-22T12:22:09.846+0000][28308][safepoint   ] Safepoint "Cleanup", Time since last: 9033408800 ns, Reaching safepoint: 30400 ns, Cleanup: 19800 ns, At safepoint: 5500 ns, Total: 55700 ns
[2026-06-22T12:22:12.867+0000][28308][safepoint   ] Safepoint "Cleanup", Time since last: 3020773700 ns, Reaching safepoint: 29300 ns, Cleanup: 24600 ns, At safepoint: 3700 ns, Total: 57600 ns
[2026-06-22T12:22:14.766+0000][28308][safepoint   ] Safepoint "Cleanup", Time since last: 1899077100 ns, Reaching safepoint: 13700 ns, Cleanup: 13100 ns, At safepoint: 15800 ns, Total: 42600 ns
[2026-06-22T12:22:15.769+0000][28308][safepoint   ] Safepoint "Cleanup", Time since last: 1002222800 ns, Reaching safepoint: 28800 ns, Cleanup: 30600 ns, At safepoint: 15500 ns, Total: 74900 ns
[2026-06-22T12:22:19.793+0000][28308][safepoint   ] Safepoint "Cleanup", Time since last: 4024124100 ns, Reaching safepoint: 28600 ns, Cleanup: 43600 ns, At safepoint: 7700 ns, Total: 79900 ns
[2026-06-22T12:22:31.900+0000][28308][safepoint   ] Safepoint "Cleanup", Time since last: 12107805900 ns, Reaching safepoint: 33500 ns, Cleanup: 34100 ns, At safepoint: 5500 ns, Total: 73100 ns
[2026-06-22T12:22:33.916+0000][28308][safepoint   ] Safepoint "Cleanup", Time since last: 2016961000 ns, Reaching safepoint: 48600 ns, Cleanup: 47700 ns, At safepoint: 7300 ns, Total: 103600 ns
[2026-06-22T12:22:39.180+0000][28308][safepoint   ] Safepoint "Cleanup", Time since last: 5261932800 ns, Reaching safepoint: 47400 ns, Cleanup: 37700 ns, At safepoint: 5700 ns, Total: 90800 ns
[2026-06-22T12:22:41.208+0000][28308][safepoint   ] Safepoint "Cleanup", Time since last: 2028308000 ns, Reaching safepoint: 29900 ns, Cleanup: 67400 ns, At safepoint: 5500 ns, Total: 102800 ns
[2026-06-22T12:22:46.199+0000][28308][safepoint   ] Safepoint "Cleanup", Time since last: 4991159200 ns, Reaching safepoint: 21900 ns, Cleanup: 42900 ns, At safepoint: 3800 ns, Total: 68600 ns
[2026-06-22T12:22:47.677+0000][28308][safepoint   ] Safepoint "Cleanup", Time since last: 1477419200 ns, Reaching safepoint: 17200 ns, Cleanup: 98100 ns, At safepoint: 10300 ns, Total: 125600 ns
[2026-06-22T12:22:48.688+0000][28308][safepoint   ] Safepoint "Cleanup", Time since last: 1011002600 ns, Reaching safepoint: 31500 ns, Cleanup: 610800 ns, At safepoint: 25500 ns, Total: 667800 ns
[2026-06-22T12:22:49.690+0000][28308][safepoint   ] Safepoint "Cleanup", Time since last: 1001377600 ns, Reaching safepoint: 22700 ns, Cleanup: 18400 ns, At safepoint: 3000 ns, Total: 44100 ns
[2026-06-22T12:22:54.727+0000][28308][safepoint   ] Safepoint "Cleanup", Time since last: 5036681900 ns, Reaching safepoint: 18500 ns, Cleanup: 18900 ns, At safepoint: 3500 ns, Total: 40900 ns
[2026-06-22T12:23:04.822+0000][28308][safepoint   ] Safepoint "Cleanup", Time since last: 10095447100 ns, Reaching safepoint: 83900 ns, Cleanup: 51700 ns, At safepoint: 9100 ns, Total: 144700 ns
[2026-06-22T12:23:09.854+0000][28308][safepoint   ] Safepoint "Cleanup", Time since last: 5031156600 ns, Reaching safepoint: 40000 ns, Cleanup: 114000 ns, At safepoint: 17300 ns, Total: 171300 ns
[2026-06-22T12:23:15.899+0000][28308][safepoint   ] Safepoint "Cleanup", Time since last: 6045231300 ns, Reaching safepoint: 48800 ns, Cleanup: 40300 ns, At safepoint: 7000 ns, Total: 96100 ns
[2026-06-22T12:23:23.945+0000][28308][safepoint   ] Safepoint "Cleanup", Time since last: 8046034800 ns, Reaching safepoint: 63600 ns, Cleanup: 16900 ns, At safepoint: 15400 ns, Total: 95900 ns
[2026-06-22T12:23:24.958+0000][28308][safepoint   ] Safepoint "Cleanup", Time since last: 1013059400 ns, Reaching safepoint: 27000 ns, Cleanup: 58300 ns, At safepoint: 13400 ns, Total: 98700 ns
[2026-06-22T12:23:34.055+0000][28308][safepoint   ] Safepoint "Cleanup", Time since last: 9097056400 ns, Reaching safepoint: 41300 ns, Cleanup: 22900 ns, At safepoint: 3400 ns, Total: 67600 ns
[2026-06-22T12:23:53.133+0000][28308][safepoint   ] Safepoint "Cleanup", Time since last: 19077365100 ns, Reaching safepoint: 24500 ns, Cleanup: 36400 ns, At safepoint: 10100 ns, Total: 71000 ns
[2026-06-22T12:23:54.134+0000][28308][safepoint   ] Safepoint "Cleanup", Time since last: 1001469800 ns, Reaching safepoint: 32900 ns, Cleanup: 21200 ns, At safepoint: 4100 ns, Total: 58200 ns
[2026-06-22T12:24:00.170+0000][28308][safepoint   ] Safepoint "Cleanup", Time since last: 6035781000 ns, Reaching safepoint: 37300 ns, Cleanup: 29100 ns, At safepoint: 10900 ns, Total: 77300 ns
[2026-06-22T12:24:03.208+0000][28308][safepoint   ] Safepoint "Cleanup", Time since last: 3037937000 ns, Reaching safepoint: 44500 ns, Cleanup: 23100 ns, At safepoint: 7100 ns, Total: 74700 ns
[2026-06-22T12:24:04.213+0000][28308][safepoint   ] Safepoint "Cleanup", Time since last: 1004689900 ns, Reaching safepoint: 22600 ns, Cleanup: 16000 ns, At safepoint: 3800 ns, Total: 42400 ns
[2026-06-22T12:24:17.952+0000][28308][safepoint   ] Safepoint "Cleanup", Time since last: 13738798700 ns, Reaching safepoint: 29000 ns, Cleanup: 31700 ns, At safepoint: 5700 ns, Total: 66400 ns
[2026-06-22T12:24:18.992+0000][28308][safepoint   ] Safepoint "Cleanup", Time since last: 1040783700 ns, Reaching safepoint: 19000 ns, Cleanup: 70500 ns, At safepoint: 27900 ns, Total: 117400 ns
[2026-06-22T12:24:20.011+0000][28308][safepoint   ] Safepoint "Cleanup", Time since last: 1018190800 ns, Reaching safepoint: 23900 ns, Cleanup: 20300 ns, At safepoint: 4600 ns, Total: 48800 ns
[2026-06-22T12:24:21.015+0000][28308][safepoint   ] Safepoint "Cleanup", Time since last: 1004182800 ns, Reaching safepoint: 125300 ns, Cleanup: 37000 ns, At safepoint: 6600 ns, Total: 168900 ns
[2026-06-22T12:24:31.071+0000][28308][safepoint   ] Safepoint "Cleanup", Time since last: 10055940100 ns, Reaching safepoint: 93700 ns, Cleanup: 113300 ns, At safepoint: 57800 ns, Total: 264800 ns
[2026-06-22T12:24:32.081+0000][28308][safepoint   ] Safepoint "Cleanup", Time since last: 1009486300 ns, Reaching safepoint: 75200 ns, Cleanup: 66400 ns, At safepoint: 11200 ns, Total: 152800 ns
[2026-06-22T12:24:34.093+0000][28308][safepoint   ] Safepoint "Cleanup", Time since last: 2011665000 ns, Reaching safepoint: 24400 ns, Cleanup: 19200 ns, At safepoint: 3600 ns, Total: 47200 ns
[2026-06-22T12:24:39.329+0000][28308][safepoint   ] Safepoint "Cleanup", Time since last: 5236184900 ns, Reaching safepoint: 27300 ns, Cleanup: 32000 ns, At safepoint: 4100 ns, Total: 63400 ns
[2026-06-22T12:24:48.400+0000][28308][safepoint   ] Safepoint "Cleanup", Time since last: 9070496300 ns, Reaching safepoint: 26300 ns, Cleanup: 65600 ns, At safepoint: 5100 ns, Total: 97000 ns
[2026-06-22T12:24:50.164+0000][28308][safepoint   ] Safepoint "Cleanup", Time since last: 1763925300 ns, Reaching safepoint: 23900 ns, Cleanup: 58200 ns, At safepoint: 4200 ns, Total: 86300 ns
[2026-06-22T12:25:08.301+0000][28308][safepoint   ] Safepoint "Cleanup", Time since last: 18136830200 ns, Reaching safepoint: 35800 ns, Cleanup: 25200 ns, At safepoint: 3600 ns, Total: 64600 ns
[2026-06-22T12:25:09.311+0000][28308][safepoint   ] Safepoint "Cleanup", Time since last: 1010010600 ns, Reaching safepoint: 30700 ns, Cleanup: 45400 ns, At safepoint: 4400 ns, Total: 80500 ns
[2026-06-22T12:25:14.337+0000][28308][safepoint   ] Safepoint "Cleanup", Time since last: 5026030900 ns, Reaching safepoint: 28000 ns, Cleanup: 36300 ns, At safepoint: 3500 ns, Total: 67800 ns
[2026-06-22T12:25:19.835+0000][28308][safepoint   ] Safepoint "Cleanup", Time since last: 5499042200 ns, Reaching safepoint: 8600 ns, Cleanup: 11300 ns, At safepoint: 1800 ns, Total: 21700 ns
[2026-06-22T12:25:21.579+0000][28308][safepoint   ] Safepoint "Cleanup", Time since last: 1742726400 ns, Reaching safepoint: 41500 ns, Cleanup: 35100 ns, At safepoint: 9400 ns, Total: 86000 ns
[2026-06-22T12:25:24.607+0000][28308][safepoint   ] Safepoint "Cleanup", Time since last: 3028567900 ns, Reaching safepoint: 35300 ns, Cleanup: 16000 ns, At safepoint: 10100 ns, Total: 61400 ns
[2026-06-22T12:25:33.667+0000][28308][safepoint   ] Safepoint "Cleanup", Time since last: 9059223300 ns, Reaching safepoint: 26500 ns, Cleanup: 21000 ns, At safepoint: 3300 ns, Total: 50800 ns
[2026-06-22T12:25:39.469+0000][28308][safepoint   ] Safepoint "Cleanup", Time since last: 5802690700 ns, Reaching safepoint: 61600 ns, Cleanup: 68300 ns, At safepoint: 10900 ns, Total: 140800 ns
[2026-06-22T12:25:49.562+0000][28308][safepoint   ] Safepoint "Cleanup", Time since last: 10092954000 ns, Reaching safepoint: 41900 ns, Cleanup: 33900 ns, At safepoint: 6000 ns, Total: 81800 ns
[2026-06-22T12:25:50.671+0000][28308][safepoint   ] Safepoint "Cleanup", Time since last: 1108894900 ns, Reaching safepoint: 28200 ns, Cleanup: 22500 ns, At safepoint: 10900 ns, Total: 61600 ns
[2026-06-22T12:25:52.639+0000][28308][safepoint   ] Safepoint "Cleanup", Time since last: 1967258300 ns, Reaching safepoint: 38100 ns, Cleanup: 47900 ns, At safepoint: 39400 ns, Total: 125400 ns
[2026-06-22T12:26:04.747+0000][28308][safepoint   ] Safepoint "Cleanup", Time since last: 12107625400 ns, Reaching safepoint: 18100 ns, Cleanup: 14200 ns, At safepoint: 2300 ns, Total: 34600 ns
[2026-06-22T12:26:19.852+0000][28308][safepoint   ] Safepoint "Cleanup", Time since last: 15105140100 ns, Reaching safepoint: 19700 ns, Cleanup: 15900 ns, At safepoint: 2500 ns, Total: 38100 ns
[2026-06-22T12:26:29.905+0000][28308][safepoint   ] Safepoint "Cleanup", Time since last: 10053121300 ns, Reaching safepoint: 21700 ns, Cleanup: 26100 ns, At safepoint: 2900 ns, Total: 50700 ns
[2026-06-22T12:26:41.613+0000][28308][safepoint   ] Safepoint "Cleanup", Time since last: 11708367600 ns, Reaching safepoint: 77900 ns, Cleanup: 35200 ns, At safepoint: 5800 ns, Total: 118900 ns
[2026-06-22T12:26:49.696+0000][28308][safepoint   ] Safepoint "Cleanup", Time since last: 8082960000 ns, Reaching safepoint: 19700 ns, Cleanup: 14200 ns, At safepoint: 2800 ns, Total: 36700 ns
[2026-06-22T12:26:51.715+0000][28308][safepoint   ] Safepoint "Cleanup", Time since last: 2018353100 ns, Reaching safepoint: 21600 ns, Cleanup: 18000 ns, At safepoint: 2500 ns, Total: 42100 ns
[2026-06-22T12:26:52.745+0000][28308][safepoint   ] Safepoint "Cleanup", Time since last: 1030471200 ns, Reaching safepoint: 22500 ns, Cleanup: 25900 ns, At safepoint: 5100 ns, Total: 53500 ns
[2026-06-22T12:27:09.874+0000][28308][safepoint   ] Safepoint "Cleanup", Time since last: 17128685900 ns, Reaching safepoint: 37900 ns, Cleanup: 56400 ns, At safepoint: 5600 ns, Total: 99900 ns
[2026-06-22T12:27:12.890+0000][28308][safepoint   ] Safepoint "Cleanup", Time since last: 3015476800 ns, Reaching safepoint: 25900 ns, Cleanup: 25100 ns, At safepoint: 3100 ns, Total: 54100 ns
[2026-06-22T12:27:22.099+0000][28308][safepoint   ] Safepoint "Cleanup", Time since last: 9210432200 ns, Reaching safepoint: 6300 ns, Cleanup: 8300 ns, At safepoint: 1200 ns, Total: 15800 ns
[2026-06-22T12:27:23.103+0000][28308][safepoint   ] Safepoint "Cleanup", Time since last: 1002806200 ns, Reaching safepoint: 41800 ns, Cleanup: 34600 ns, At safepoint: 6900 ns, Total: 83300 ns
[2026-06-22T12:27:39.838+0000][28308][safepoint   ] Safepoint "Cleanup", Time since last: 16735025100 ns, Reaching safepoint: 17300 ns, Cleanup: 16100 ns, At safepoint: 3200 ns, Total: 36600 ns
[2026-06-22T12:27:41.857+0000][28308][safepoint   ] Safepoint "Cleanup", Time since last: 2019220100 ns, Reaching safepoint: 16900 ns, Cleanup: 15700 ns, At safepoint: 2900 ns, Total: 35500 ns
[2026-06-22T12:27:42.861+0000][28308][safepoint   ] Safepoint "Cleanup", Time since last: 1003771500 ns, Reaching safepoint: 23100 ns, Cleanup: 25600 ns, At safepoint: 2300 ns, Total: 51000 ns
[2026-06-22T12:27:53.438+0000][28308][safepoint   ] Safepoint "Cleanup", Time since last: 10577143300 ns, Reaching safepoint: 51300 ns, Cleanup: 99000 ns, At safepoint: 3300 ns, Total: 153600 ns
[2026-06-22T12:28:03.530+0000][28308][safepoint   ] Safepoint "Cleanup", Time since last: 10091206200 ns, Reaching safepoint: 41800 ns, Cleanup: 37800 ns, At safepoint: 3700 ns, Total: 83300 ns
[2026-06-22T12:28:09.573+0000][28308][safepoint   ] Safepoint "Cleanup", Time since last: 6043644300 ns, Reaching safepoint: 39500 ns, Cleanup: 29800 ns, At safepoint: 3900 ns, Total: 73200 ns
[2026-06-22T12:28:23.646+0000][28308][safepoint   ] Safepoint "Cleanup", Time since last: 14072445100 ns, Reaching safepoint: 22700 ns, Cleanup: 25900 ns, At safepoint: 4000 ns, Total: 52600 ns
[2026-06-22T12:28:40.008+0000][28308][safepoint   ] Safepoint "Cleanup", Time since last: 16362523100 ns, Reaching safepoint: 25600 ns, Cleanup: 20300 ns, At safepoint: 4100 ns, Total: 50000 ns
[2026-06-22T12:28:52.774+0000][28308][safepoint   ] Safepoint "Cleanup", Time since last: 12765506400 ns, Reaching safepoint: 13300 ns, Cleanup: 27700 ns, At safepoint: 10700 ns, Total: 51700 ns
[2026-06-22T12:28:53.784+0000][28308][safepoint   ] Safepoint "Cleanup", Time since last: 1009934600 ns, Reaching safepoint: 44100 ns, Cleanup: 22100 ns, At safepoint: 4500 ns, Total: 70700 ns
[2026-06-22T12:29:03.878+0000][28308][safepoint   ] Safepoint "Cleanup", Time since last: 10094424800 ns, Reaching safepoint: 53300 ns, Cleanup: 33300 ns, At safepoint: 5100 ns, Total: 91700 ns
[2026-06-22T12:29:04.885+0000][28308][safepoint   ] Safepoint "Cleanup", Time since last: 1006199100 ns, Reaching safepoint: 33600 ns, Cleanup: 33100 ns, At safepoint: 15600 ns, Total: 82300 ns
[2026-06-22T12:29:16.979+0000][28308][safepoint   ] Safepoint "Cleanup", Time since last: 12094613400 ns, Reaching safepoint: 43100 ns, Cleanup: 16000 ns, At safepoint: 3500 ns, Total: 62600 ns
[2026-06-22T12:29:33.543+0000][28308][safepoint   ] Safepoint "Cleanup", Time since last: 16563104600 ns, Reaching safepoint: 19000 ns, Cleanup: 18200 ns, At safepoint: 2200 ns, Total: 39400 ns
[2026-06-22T12:30:10.424+0000][28308][safepoint   ] Safepoint "Cleanup", Time since last: 36881106500 ns, Reaching safepoint: 75300 ns, Cleanup: 25100 ns, At safepoint: 11600 ns, Total: 112000 ns
[2026-06-22T12:30:24.828+0000][28308][safepoint   ] Safepoint "Cleanup", Time since last: 14404284900 ns, Reaching safepoint: 21700 ns, Cleanup: 16800 ns, At safepoint: 8000 ns, Total: 46500 ns
[2026-06-22T12:31:00.358+0000][28308][safepoint   ] Safepoint "Cleanup", Time since last: 35529344100 ns, Reaching safepoint: 13000 ns, Cleanup: 29300 ns, At safepoint: 4300 ns, Total: 46600 ns
[2026-06-22T12:31:09.440+0000][28308][safepoint   ] Safepoint "Cleanup", Time since last: 9082161300 ns, Reaching safepoint: 25200 ns, Cleanup: 16900 ns, At safepoint: 2500 ns, Total: 44600 ns
[2026-06-22T12:31:24.604+0000][28308][safepoint   ] Safepoint "Cleanup", Time since last: 15164785500 ns, Reaching safepoint: 13100 ns, Cleanup: 21400 ns, At safepoint: 10400 ns, Total: 44900 ns
[2026-06-22T12:31:25.964+0000][28308][safepoint   ] Safepoint "Cleanup", Time since last: 1359035100 ns, Reaching safepoint: 75200 ns, Cleanup: 111000 ns, At safepoint: 9800 ns, Total: 196000 ns
[2026-06-22T12:31:35.264+0000][28308][safepoint   ] Safepoint "Cleanup", Time since last: 9300048000 ns, Reaching safepoint: 6100 ns, Cleanup: 6700 ns, At safepoint: 1200 ns, Total: 14000 ns
[2026-06-22T12:31:37.267+0000][28308][safepoint   ] Safepoint "Cleanup", Time since last: 2002613800 ns, Reaching safepoint: 15000 ns, Cleanup: 14000 ns, At safepoint: 2500 ns, Total: 31500 ns
[2026-06-22T12:31:39.385+0000][28308][safepoint   ] Safepoint "Cleanup", Time since last: 2118410500 ns, Reaching safepoint: 30100 ns, Cleanup: 39100 ns, At safepoint: 3800 ns, Total: 73000 ns
[2026-06-22T12:31:41.410+0000][28308][safepoint   ] Safepoint "Cleanup", Time since last: 2025344600 ns, Reaching safepoint: 36000 ns, Cleanup: 18100 ns, At safepoint: 3200 ns, Total: 57300 ns
[2026-06-22T12:31:49.465+0000][28308][safepoint   ] Safepoint "Cleanup", Time since last: 8054830800 ns, Reaching safepoint: 19800 ns, Cleanup: 11700 ns, At safepoint: 2000 ns, Total: 33500 ns
[2026-06-22T12:31:50.471+0000][28308][safepoint   ] Safepoint "Cleanup", Time since last: 1006137000 ns, Reaching safepoint: 23000 ns, Cleanup: 15800 ns, At safepoint: 2300 ns, Total: 41100 ns
[2026-06-22T12:31:55.019+0000][28308][safepoint   ] Safepoint "Cleanup", Time since last: 4547450600 ns, Reaching safepoint: 6000 ns, Cleanup: 15000 ns, At safepoint: 6300 ns, Total: 27300 ns
[2026-06-22T12:31:56.640+0000][28308][safepoint   ] Safepoint "Cleanup", Time since last: 1621396400 ns, Reaching safepoint: 19100 ns, Cleanup: 57500 ns, At safepoint: 2800 ns, Total: 79400 ns
[2026-06-22T12:32:12.759+0000][28308][safepoint   ] Safepoint "Cleanup", Time since last: 16118405000 ns, Reaching safepoint: 20400 ns, Cleanup: 15500 ns, At safepoint: 2700 ns, Total: 38600 ns
[2026-06-22T12:32:25.704+0000][28308][safepoint   ] Safepoint "Cleanup", Time since last: 12945865500 ns, Reaching safepoint: 8500 ns, Cleanup: 41500 ns, At safepoint: 8500 ns, Total: 58500 ns
[2026-06-22T12:32:26.717+0000][28308][safepoint   ] Safepoint "Cleanup", Time since last: 1012610600 ns, Reaching safepoint: 45100 ns, Cleanup: 18700 ns, At safepoint: 8500 ns, Total: 72300 ns
[2026-06-22T12:32:48.585+0000][28308][safepoint   ] Safepoint "Cleanup", Time since last: 21867070700 ns, Reaching safepoint: 23000 ns, Cleanup: 24300 ns, At safepoint: 12100 ns, Total: 59400 ns
[2026-06-22T12:32:56.020+0000][28308][safepoint   ] Safepoint "Cleanup", Time since last: 7435984600 ns, Reaching safepoint: 15700 ns, Cleanup: 9900 ns, At safepoint: 4500 ns, Total: 30100 ns
[2026-06-22T12:32:57.036+0000][28308][safepoint   ] Safepoint "Cleanup", Time since last: 1014956700 ns, Reaching safepoint: 11100 ns, Cleanup: 10700 ns, At safepoint: 1700 ns, Total: 23500 ns
[2026-06-22T12:33:17.183+0000][28308][safepoint   ] Safepoint "Cleanup", Time since last: 20147468700 ns, Reaching safepoint: 29200 ns, Cleanup: 33000 ns, At safepoint: 3400 ns, Total: 65600 ns
[2026-06-22T12:33:27.353+0000][28308][safepoint   ] Safepoint "Cleanup", Time since last: 10169496900 ns, Reaching safepoint: 19600 ns, Cleanup: 24200 ns, At safepoint: 3200 ns, Total: 47000 ns
[2026-06-22T12:33:59.777+0000][28308][safepoint   ] Safepoint "Cleanup", Time since last: 32423969200 ns, Reaching safepoint: 49100 ns, Cleanup: 38000 ns, At safepoint: 3600 ns, Total: 90700 ns
[2026-06-22T12:34:03.796+0000][28308][safepoint   ] Safepoint "Cleanup", Time since last: 4019059900 ns, Reaching safepoint: 19700 ns, Cleanup: 15800 ns, At safepoint: 2500 ns, Total: 38000 ns
[2026-06-22T12:34:09.818+0000][28308][safepoint   ] Safepoint "Cleanup", Time since last: 6022424300 ns, Reaching safepoint: 14800 ns, Cleanup: 13300 ns, At safepoint: 2100 ns, Total: 30200 ns
[2026-06-22T12:34:19.883+0000][28308][safepoint   ] Safepoint "Cleanup", Time since last: 10064223100 ns, Reaching safepoint: 17900 ns, Cleanup: 16000 ns, At safepoint: 2600 ns, Total: 36500 ns
[2026-06-22T12:34:26.719+0000][28308][safepoint   ] Safepoint "Cleanup", Time since last: 6837190100 ns, Reaching safepoint: 35300 ns, Cleanup: 36700 ns, At safepoint: 13100 ns, Total: 85100 ns
[2026-06-22T12:34:27.731+0000][28308][safepoint   ] Safepoint "Cleanup", Time since last: 1011113800 ns, Reaching safepoint: 23900 ns, Cleanup: 36500 ns, At safepoint: 3600 ns, Total: 64000 ns
[2026-06-22T12:34:31.776+0000][28308][safepoint   ] Safepoint "Cleanup", Time since last: 4045205100 ns, Reaching safepoint: 41600 ns, Cleanup: 33500 ns, At safepoint: 13200 ns, Total: 88300 ns
[2026-06-22T12:34:35.791+0000][28308][safepoint   ] Safepoint "Cleanup", Time since last: 4014546000 ns, Reaching safepoint: 22600 ns, Cleanup: 31300 ns, At safepoint: 2400 ns, Total: 56300 ns
[2026-06-22T12:35:08.984+0000][28308][safepoint   ] Safepoint "Cleanup", Time since last: 33192781300 ns, Reaching safepoint: 27900 ns, Cleanup: 34700 ns, At safepoint: 4900 ns, Total: 67500 ns
[2026-06-22T12:35:28.915+0000][28308][safepoint   ] Safepoint "Cleanup", Time since last: 19931680800 ns, Reaching safepoint: 9100 ns, Cleanup: 8500 ns, At safepoint: 6900 ns, Total: 24500 ns
[2026-06-22T12:35:30.800+0000][28308][safepoint   ] Safepoint "Cleanup", Time since last: 1884381400 ns, Reaching safepoint: 19700 ns, Cleanup: 36000 ns, At safepoint: 3200 ns, Total: 58900 ns
[2026-06-22T12:36:02.009+0000][28308][safepoint   ] Safepoint "Cleanup", Time since last: 31209011400 ns, Reaching safepoint: 22100 ns, Cleanup: 17200 ns, At safepoint: 3300 ns, Total: 42600 ns
[2026-06-22T12:36:10.060+0000][28308][safepoint   ] Safepoint "Cleanup", Time since last: 8051511900 ns, Reaching safepoint: 38900 ns, Cleanup: 34200 ns, At safepoint: 4800 ns, Total: 77900 ns
[2026-06-22T12:36:18.095+0000][28308][safepoint   ] Safepoint "Cleanup", Time since last: 8034223100 ns, Reaching safepoint: 22700 ns, Cleanup: 29000 ns, At safepoint: 2600 ns, Total: 54300 ns
[2026-06-22T12:36:20.099+0000][28308][safepoint   ] Safepoint "Cleanup", Time since last: 2004190100 ns, Reaching safepoint: 21800 ns, Cleanup: 23400 ns, At safepoint: 4200 ns, Total: 49400 ns
[2026-06-22T12:36:29.870+0000][28308][safepoint   ] Safepoint "Cleanup", Time since last: 9771448400 ns, Reaching safepoint: 10300 ns, Cleanup: 14900 ns, At safepoint: 7000 ns, Total: 32200 ns
[2026-06-22T12:36:30.881+0000][28308][safepoint   ] Safepoint "Cleanup", Time since last: 1010831600 ns, Reaching safepoint: 36800 ns, Cleanup: 37900 ns, At safepoint: 5600 ns, Total: 80300 ns
[2026-06-22T12:36:34.922+0000][28308][safepoint   ] Safepoint "Cleanup", Time since last: 4040601900 ns, Reaching safepoint: 23600 ns, Cleanup: 20000 ns, At safepoint: 3300 ns, Total: 46900 ns
[2026-06-22T12:36:39.906+0000][28308][safepoint   ] Safepoint "Cleanup", Time since last: 4983787500 ns, Reaching safepoint: 69400 ns, Cleanup: 84500 ns, At safepoint: 9100 ns, Total: 163000 ns
[2026-06-22T12:36:40.920+0000][28308][safepoint   ] Safepoint "Cleanup", Time since last: 1013784400 ns, Reaching safepoint: 25300 ns, Cleanup: 19300 ns, At safepoint: 3600 ns, Total: 48200 ns
[2026-06-22T12:36:50.001+0000][28308][safepoint   ] Safepoint "Cleanup", Time since last: 9080959500 ns, Reaching safepoint: 20100 ns, Cleanup: 27800 ns, At safepoint: 9700 ns, Total: 57600 ns
[2026-06-22T12:37:01.321+0000][28308][safepoint   ] Safepoint "Cleanup", Time since last: 11320302200 ns, Reaching safepoint: 40800 ns, Cleanup: 36600 ns, At safepoint: 8400 ns, Total: 85800 ns
[2026-06-22T12:38:13.352+0000][28308][safepoint   ] Safepoint "Cleanup", Time since last: 72030236700 ns, Reaching safepoint: 30000 ns, Cleanup: 30500 ns, At safepoint: 5600 ns, Total: 66100 ns
[2026-06-22T12:38:54.247+0000][28308][safepoint   ] Safepoint "Cleanup", Time since last: 40895439300 ns, Reaching safepoint: 46400 ns, Cleanup: 44400 ns, At safepoint: 12900 ns, Total: 103700 ns
[2026-06-22T12:39:03.337+0000][28308][safepoint   ] Safepoint "Cleanup", Time since last: 9090102600 ns, Reaching safepoint: 13700 ns, Cleanup: 13000 ns, At safepoint: 2300 ns, Total: 29000 ns
[2026-06-22T12:39:09.384+0000][28308][safepoint   ] Safepoint "Cleanup", Time since last: 6047080300 ns, Reaching safepoint: 39300 ns, Cleanup: 34000 ns, At safepoint: 8800 ns, Total: 82100 ns
[2026-06-22T12:39:31.565+0000][28308][safepoint   ] Safepoint "Cleanup", Time since last: 22180414700 ns, Reaching safepoint: 51200 ns, Cleanup: 48700 ns, At safepoint: 10800 ns, Total: 110700 ns
[2026-06-22T12:40:13.574+0000][28308][safepoint   ] Safepoint "Cleanup", Time since last: 42009611300 ns, Reaching safepoint: 46000 ns, Cleanup: 31400 ns, At safepoint: 30700 ns, Total: 108100 ns
[2026-06-22T12:40:35.785+0000][28308][safepoint   ] Safepoint "Cleanup", Time since last: 22210083200 ns, Reaching safepoint: 27500 ns, Cleanup: 22200 ns, At safepoint: 3800 ns, Total: 53500 ns
[2026-06-22T12:41:15.760+0000][28308][safepoint   ] Safepoint "Cleanup", Time since last: 39975796300 ns, Reaching safepoint: 51000 ns, Cleanup: 51700 ns, At safepoint: 52700 ns, Total: 155400 ns
[2026-06-22T12:41:28.878+0000][28308][safepoint   ] Safepoint "Cleanup", Time since last: 13116869300 ns, Reaching safepoint: 48700 ns, Cleanup: 46400 ns, At safepoint: 11200 ns, Total: 106300 ns
[2026-06-22T12:42:50.787+0000][28308][safepoint   ] Safepoint "Cleanup", Time since last: 81908815700 ns, Reaching safepoint: 20600 ns, Cleanup: 23800 ns, At safepoint: 11100 ns, Total: 55500 ns
[2026-06-22T12:44:32.317+0000][28308][safepoint   ] Safepoint "Cleanup", Time since last: 101530209500 ns, Reaching safepoint: 46000 ns, Cleanup: 40700 ns, At safepoint: 12600 ns, Total: 99300 ns
[2026-06-22T12:44:34.321+0000][28308][safepoint   ] Safepoint "Cleanup", Time since last: 2003631600 ns, Reaching safepoint: 13800 ns, Cleanup: 19300 ns, At safepoint: 2800 ns, Total: 35900 ns
[2026-06-22T12:45:55.347+0000][28308][safepoint   ] Safepoint "Cleanup", Time since last: 81026949900 ns, Reaching safepoint: 48500 ns, Cleanup: 55700 ns, At safepoint: 11200 ns, Total: 115400 ns
[2026-06-22T12:46:09.448+0000][28308][safepoint   ] Safepoint "Cleanup", Time since last: 14100421400 ns, Reaching safepoint: 36700 ns, Cleanup: 39100 ns, At safepoint: 7400 ns, Total: 83200 ns
[2026-06-22T12:49:31.964+0000][28308][safepoint   ] Safepoint "Cleanup", Time since last: 202515914900 ns, Reaching safepoint: 44100 ns, Cleanup: 47600 ns, At safepoint: 8000 ns, Total: 99700 ns
[2026-06-22T12:50:40.158+0000][28308][safepoint   ] Safepoint "Cleanup", Time since last: 68194044000 ns, Reaching safepoint: 15200 ns, Cleanup: 16800 ns, At safepoint: 2800 ns, Total: 34800 ns
[2026-06-22T12:50:50.935+0000][28308][safepoint   ] Safepoint "Cleanup", Time since last: 10776883500 ns, Reaching safepoint: 24700 ns, Cleanup: 17600 ns, At safepoint: 3500 ns, Total: 45800 ns
[2026-06-22T12:51:10.132+0000][28308][safepoint   ] Safepoint "Cleanup", Time since last: 19197115100 ns, Reaching safepoint: 40800 ns, Cleanup: 38000 ns, At safepoint: 8800 ns, Total: 87600 ns
[2026-06-22T12:53:46.268+0000][28308][safepoint   ] Safepoint "Cleanup", Time since last: 156135179200 ns, Reaching safepoint: 28800 ns, Cleanup: 23100 ns, At safepoint: 5600 ns, Total: 57500 ns
[2026-06-22T12:54:05.401+0000][28308][safepoint   ] Safepoint "Cleanup", Time since last: 19133535600 ns, Reaching safepoint: 62400 ns, Cleanup: 57700 ns, At safepoint: 16800 ns, Total: 136900 ns
[2026-06-22T12:54:10.431+0000][28308][safepoint   ] Safepoint "Cleanup", Time since last: 5030033600 ns, Reaching safepoint: 26400 ns, Cleanup: 27700 ns, At safepoint: 4200 ns, Total: 58300 ns
[2026-06-22T12:55:10.468+0000][28308][safepoint   ] Safepoint "Cleanup", Time since last: 60036106200 ns, Reaching safepoint: 23900 ns, Cleanup: 16400 ns, At safepoint: 2400 ns, Total: 42700 ns
