[2026-06-22T12:10:35.416+0000][11544][gc,init] CardTable entry size: 512
[2026-06-22T12:10:35.417+0000][11544][gc     ] Using G1
[2026-06-22T12:10:35.496+0000][11544][gc,init] Version: 21.0.5+11-LTS (release)
[2026-06-22T12:10:35.496+0000][11544][gc,init] CPUs: 8 total, 8 available
[2026-06-22T12:10:35.496+0000][11544][gc,init] Memory: 15984M
[2026-06-22T12:10:35.496+0000][11544][gc,init] Large Page Support: Disabled
[2026-06-22T12:10:35.496+0000][11544][gc,init] NUMA Support: Disabled
[2026-06-22T12:10:35.496+0000][11544][gc,init] Compressed Oops: Enabled (32-bit)
[2026-06-22T12:10:35.496+0000][11544][gc,init] Heap Region Size: 1M
[2026-06-22T12:10:35.496+0000][11544][gc,init] Heap Min Capacity: 512M
[2026-06-22T12:10:35.496+0000][11544][gc,init] Heap Initial Capacity: 512M
[2026-06-22T12:10:35.496+0000][11544][gc,init] Heap Max Capacity: 512M
[2026-06-22T12:10:35.496+0000][11544][gc,init] Pre-touch: Enabled
[2026-06-22T12:10:35.496+0000][11544][gc,init] Parallel Workers: 8
[2026-06-22T12:10:35.496+0000][11544][gc,init] Concurrent Workers: 2
[2026-06-22T12:10:35.496+0000][11544][gc,init] Concurrent Refinement Workers: 8
[2026-06-22T12:10:35.496+0000][11544][gc,init] Periodic GC: Disabled
[2026-06-22T12:10:35.496+0000][11544][gc,metaspace] CDS archive(s) not mapped
[2026-06-22T12:10:35.496+0000][11544][gc,metaspace] Compressed class space mapped at: 0x0000000100000000-0x0000000140000000, reserved size: 1073741824
[2026-06-22T12:10:35.496+0000][11544][gc,metaspace] Narrow klass base: 0x0000000000000000, Narrow klass shift: 3, Narrow klass range: 0x140000000
[2026-06-22T12:10:35.666+0000][11544][gc,heap,exit] Heap
[2026-06-22T12:10:35.666+0000][11544][gc,heap,exit]  garbage-first heap   total 524288K, used 3072K [0x00000000e0000000, 0x0000000100000000)
[2026-06-22T12:10:35.666+0000][11544][gc,heap,exit]   region size 1024K, 3 young (3072K), 0 survivors (0K)
[2026-06-22T12:10:35.666+0000][11544][gc,heap,exit]  Metaspace       used 4180K, committed 4224K, reserved 1114112K
[2026-06-22T12:10:35.666+0000][11544][gc,heap,exit]   class space    used 318K, committed 320K, reserved 1048576K
