[2026-06-22T08:54:24.510+0000][21404][gc,init] CardTable entry size: 512
[2026-06-22T08:54:24.510+0000][21404][gc     ] Using G1
[2026-06-22T08:54:24.758+0000][21404][gc,init] Version: 21.0.3+9-LTS (release)
[2026-06-22T08:54:24.758+0000][21404][gc,init] CPUs: 8 total, 8 available
[2026-06-22T08:54:24.758+0000][21404][gc,init] Memory: 15984M
[2026-06-22T08:54:24.758+0000][21404][gc,init] Large Page Support: Disabled
[2026-06-22T08:54:24.758+0000][21404][gc,init] NUMA Support: Disabled
[2026-06-22T08:54:24.758+0000][21404][gc,init] Compressed Oops: Enabled (32-bit)
[2026-06-22T08:54:24.759+0000][21404][gc,init] Heap Region Size: 1M
[2026-06-22T08:54:24.759+0000][21404][gc,init] Heap Min Capacity: 2G
[2026-06-22T08:54:24.759+0000][21404][gc,init] Heap Initial Capacity: 2G
[2026-06-22T08:54:24.759+0000][21404][gc,init] Heap Max Capacity: 2G
[2026-06-22T08:54:24.759+0000][21404][gc,init] Pre-touch: Enabled
[2026-06-22T08:54:24.759+0000][21404][gc,init] Parallel Workers: 8
[2026-06-22T08:54:24.759+0000][21404][gc,init] Concurrent Workers: 2
[2026-06-22T08:54:24.759+0000][21404][gc,init] Concurrent Refinement Workers: 8
[2026-06-22T08:54:24.759+0000][21404][gc,init] Periodic GC: Disabled
[2026-06-22T08:54:24.773+0000][21404][gc,metaspace] CDS archive(s) mapped at: [0x0000019b80000000-0x0000019b80c90000-0x0000019b80c90000), size 13172736, SharedBaseAddress: 0x0000019b80000000, ArchiveRelocationMode: 1.
[2026-06-22T08:54:24.774+0000][21404][gc,metaspace] Compressed class space mapped at: 0x0000019b81000000-0x0000019bc1000000, reserved size: 1073741824
[2026-06-22T08:54:24.774+0000][21404][gc,metaspace] Narrow klass base: 0x0000019b80000000, Narrow klass shift: 0, Narrow klass range: 0x100000000
[2026-06-22T08:54:25.253+0000][21404][safepoint   ] Safepoint "ICBufferFull", Time since last: 470677400 ns, Reaching safepoint: 5000 ns, Cleanup: 64200 ns, At safepoint: 1200 ns, Total: 70400 ns
[2026-06-22T08:54:25.890+0000][21404][safepoint   ] Safepoint "ICBufferFull", Time since last: 636136700 ns, Reaching safepoint: 3400 ns, Cleanup: 77900 ns, At safepoint: 10500 ns, Total: 91800 ns
[2026-06-22T08:54:26.187+0000][21404][safepoint   ] Safepoint "ICBufferFull", Time since last: 297605100 ns, Reaching safepoint: 3900 ns, Cleanup: 79200 ns, At safepoint: 1000 ns, Total: 84100 ns
[2026-06-22T08:54:26.886+0000][21404][gc,start    ] GC(0) Pause Young (Normal) (G1 Evacuation Pause)
[2026-06-22T08:54:26.887+0000][21404][gc,task     ] GC(0) Using 8 workers of 8 for evacuation
[2026-06-22T08:54:26.887+0000][21404][gc,age      ] GC(0) Desired survivor size 6815744 bytes, new threshold 15 (max threshold 15)
[2026-06-22T08:54:26.894+0000][21404][gc,phases   ] GC(0)   Pre Evacuate Collection Set: 0.2ms
[2026-06-22T08:54:26.894+0000][21404][gc,phases   ] GC(0)   Merge Heap Roots: 0.1ms
[2026-06-22T08:54:26.894+0000][21404][gc,phases   ] GC(0)   Evacuate Collection Set: 6.1ms
[2026-06-22T08:54:26.894+0000][21404][gc,phases   ] GC(0)   Post Evacuate Collection Set: 1.0ms
[2026-06-22T08:54:26.894+0000][21404][gc,phases   ] GC(0)   Other: 0.6ms
[2026-06-22T08:54:26.894+0000][21404][gc,age      ] GC(0) Age table with threshold 15 (max threshold 15)
[2026-06-22T08:54:26.894+0000][21404][gc,age      ] GC(0) - age   1:    7639304 bytes,    7639304 total
[2026-06-22T08:54:26.894+0000][21404][gc,heap     ] GC(0) Eden regions: 102->0(100)
[2026-06-22T08:54:26.894+0000][21404][gc,heap     ] GC(0) Survivor regions: 0->8(13)
[2026-06-22T08:54:26.894+0000][21404][gc,heap     ] GC(0) Old regions: 0->0
[2026-06-22T08:54:26.894+0000][21404][gc,heap     ] GC(0) Humongous regions: 1->1
[2026-06-22T08:54:26.894+0000][21404][gc,metaspace] GC(0) Metaspace: 15506K(15872K)->15506K(15872K) NonClass: 13671K(13888K)->13671K(13888K) Class: 1835K(1984K)->1835K(1984K)
[2026-06-22T08:54:26.894+0000][21404][gc          ] GC(0) Pause Young (Normal) (G1 Evacuation Pause) 103M->9M(2048M) 8.427ms
[2026-06-22T08:54:26.894+0000][21404][gc,cpu      ] GC(0) User=0.00s Sys=0.00s Real=0.01s
[2026-06-22T08:54:26.894+0000][21404][safepoint   ] Safepoint "G1CollectForAllocation", Time since last: 699044900 ns, Reaching safepoint: 3800 ns, Cleanup: 78400 ns, At safepoint: 8523000 ns, Total: 8605200 ns
[2026-06-22T08:54:27.218+0000][21404][gc,start    ] GC(1) Pause Young (Normal) (G1 Evacuation Pause)
[2026-06-22T08:54:27.218+0000][21404][gc,task     ] GC(1) Using 8 workers of 8 for evacuation
[2026-06-22T08:54:27.218+0000][21404][gc,age      ] GC(1) Desired survivor size 7340032 bytes, new threshold 1 (max threshold 15)
[2026-06-22T08:54:27.223+0000][21404][gc,phases   ] GC(1)   Pre Evacuate Collection Set: 0.2ms
[2026-06-22T08:54:27.223+0000][21404][gc,phases   ] GC(1)   Merge Heap Roots: 0.1ms
[2026-06-22T08:54:27.223+0000][21404][gc,phases   ] GC(1)   Evacuate Collection Set: 3.8ms
[2026-06-22T08:54:27.223+0000][21404][gc,phases   ] GC(1)   Post Evacuate Collection Set: 0.5ms
[2026-06-22T08:54:27.223+0000][21404][gc,phases   ] GC(1)   Other: 0.1ms
[2026-06-22T08:54:27.223+0000][21404][gc,age      ] GC(1) Age table with threshold 1 (max threshold 15)
[2026-06-22T08:54:27.223+0000][21404][gc,age      ] GC(1) - age   1:     297048 bytes,     297048 total
[2026-06-22T08:54:27.223+0000][21404][gc,heap     ] GC(1) Eden regions: 100->0(133)
[2026-06-22T08:54:27.223+0000][21404][gc,heap     ] GC(1) Survivor regions: 8->1(14)
[2026-06-22T08:54:27.223+0000][21404][gc,heap     ] GC(1) Old regions: 0->8
[2026-06-22T08:54:27.223+0000][21404][gc,heap     ] GC(1) Humongous regions: 1->1
[2026-06-22T08:54:27.223+0000][21404][gc,metaspace] GC(1) Metaspace: 16266K(16640K)->16266K(16640K) NonClass: 14331K(14528K)->14331K(14528K) Class: 1934K(2112K)->1934K(2112K)
[2026-06-22T08:54:27.223+0000][21404][gc          ] GC(1) Pause Young (Normal) (G1 Evacuation Pause) 109M->9M(2048M) 4.980ms
[2026-06-22T08:54:27.223+0000][21404][gc,cpu      ] GC(1) User=0.00s Sys=0.00s Real=0.01s
[2026-06-22T08:54:27.223+0000][21404][safepoint   ] Safepoint "G1CollectForAllocation", Time since last: 322870100 ns, Reaching safepoint: 2700 ns, Cleanup: 34200 ns, At safepoint: 5026800 ns, Total: 5063700 ns
[2026-06-22T08:54:27.463+0000][21404][gc,start    ] GC(2) Pause Young (Normal) (G1 Evacuation Pause)
[2026-06-22T08:54:27.463+0000][21404][gc,task     ] GC(2) Using 8 workers of 8 for evacuation
[2026-06-22T08:54:27.463+0000][21404][gc,age      ] GC(2) Desired survivor size 8912896 bytes, new threshold 15 (max threshold 15)
[2026-06-22T08:54:27.465+0000][21404][gc,phases   ] GC(2)   Pre Evacuate Collection Set: 0.3ms
[2026-06-22T08:54:27.465+0000][21404][gc,phases   ] GC(2)   Merge Heap Roots: 0.1ms
[2026-06-22T08:54:27.465+0000][21404][gc,phases   ] GC(2)   Evacuate Collection Set: 1.7ms
[2026-06-22T08:54:27.465+0000][21404][gc,phases   ] GC(2)   Post Evacuate Collection Set: 0.4ms
[2026-06-22T08:54:27.465+0000][21404][gc,phases   ] GC(2)   Other: 0.1ms
[2026-06-22T08:54:27.465+0000][21404][gc,age      ] GC(2) Age table with threshold 15 (max threshold 15)
[2026-06-22T08:54:27.465+0000][21404][gc,age      ] GC(2) - age   1:    2570456 bytes,    2570456 total
[2026-06-22T08:54:27.465+0000][21404][gc,age      ] GC(2) - age   2:     288936 bytes,    2859392 total
[2026-06-22T08:54:27.465+0000][21404][gc,heap     ] GC(2) Eden regions: 133->0(494)
[2026-06-22T08:54:27.465+0000][21404][gc,heap     ] GC(2) Survivor regions: 1->3(17)
[2026-06-22T08:54:27.465+0000][21404][gc,heap     ] GC(2) Old regions: 8->8
[2026-06-22T08:54:27.465+0000][21404][gc,heap     ] GC(2) Humongous regions: 1->1
[2026-06-22T08:54:27.465+0000][21404][gc,metaspace] GC(2) Metaspace: 16839K(17216K)->16839K(17216K) NonClass: 14838K(15040K)->14838K(15040K) Class: 2000K(2176K)->2000K(2176K)
[2026-06-22T08:54:27.465+0000][21404][gc          ] GC(2) Pause Young (Normal) (G1 Evacuation Pause) 142M->11M(2048M) 2.908ms
[2026-06-22T08:54:27.465+0000][21404][gc,cpu      ] GC(2) User=0.06s Sys=0.05s Real=0.00s
[2026-06-22T08:54:27.465+0000][21404][safepoint   ] Safepoint "G1CollectForAllocation", Time since last: 239752300 ns, Reaching safepoint: 6000 ns, Cleanup: 66900 ns, At safepoint: 3017100 ns, Total: 3090000 ns
[2026-06-22T08:54:28.371+0000][21404][gc,start    ] GC(3) Pause Young (Normal) (G1 Evacuation Pause)
[2026-06-22T08:54:28.371+0000][21404][gc,task     ] GC(3) Using 8 workers of 8 for evacuation
[2026-06-22T08:54:28.371+0000][21404][gc,age      ] GC(3) Desired survivor size 33030144 bytes, new threshold 15 (max threshold 15)
[2026-06-22T08:54:28.374+0000][21404][gc,phases   ] GC(3)   Pre Evacuate Collection Set: 0.2ms
[2026-06-22T08:54:28.374+0000][21404][gc,phases   ] GC(3)   Merge Heap Roots: 0.1ms
[2026-06-22T08:54:28.374+0000][21404][gc,phases   ] GC(3)   Evacuate Collection Set: 2.1ms
[2026-06-22T08:54:28.374+0000][21404][gc,phases   ] GC(3)   Post Evacuate Collection Set: 0.7ms
[2026-06-22T08:54:28.374+0000][21404][gc,phases   ] GC(3)   Other: 0.2ms
[2026-06-22T08:54:28.374+0000][21404][gc,age      ] GC(3) Age table with threshold 15 (max threshold 15)
[2026-06-22T08:54:28.374+0000][21404][gc,age      ] GC(3) - age   1:    4393664 bytes,    4393664 total
[2026-06-22T08:54:28.374+0000][21404][gc,age      ] GC(3) - age   2:     473328 bytes,    4866992 total
[2026-06-22T08:54:28.374+0000][21404][gc,age      ] GC(3) - age   3:     288824 bytes,    5155816 total
[2026-06-22T08:54:28.374+0000][21404][gc,heap     ] GC(3) Eden regions: 494->0(1222)
[2026-06-22T08:54:28.374+0000][21404][gc,heap     ] GC(3) Survivor regions: 3->6(63)
[2026-06-22T08:54:28.374+0000][21404][gc,heap     ] GC(3) Old regions: 8->8
[2026-06-22T08:54:28.374+0000][21404][gc,heap     ] GC(3) Humongous regions: 1->1
[2026-06-22T08:54:28.374+0000][21404][gc,metaspace] GC(3) Metaspace: 17935K(18368K)->17935K(18368K) NonClass: 15788K(16000K)->15788K(16000K) Class: 2147K(2368K)->2147K(2368K)
[2026-06-22T08:54:28.374+0000][21404][gc          ] GC(3) Pause Young (Normal) (G1 Evacuation Pause) 505M->13M(2048M) 3.669ms
[2026-06-22T08:54:28.374+0000][21404][gc,cpu      ] GC(3) User=0.00s Sys=0.00s Real=0.00s
[2026-06-22T08:54:28.374+0000][21404][safepoint   ] Safepoint "G1CollectForAllocation", Time since last: 904911400 ns, Reaching safepoint: 3900 ns, Cleanup: 68600 ns, At safepoint: 3733200 ns, Total: 3805700 ns
[2026-06-22T08:54:29.407+0000][21404][gc,start    ] GC(4) Pause Young (Concurrent Start) (Metadata GC Threshold)
[2026-06-22T08:54:29.407+0000][21404][gc,task     ] GC(4) Using 8 workers of 8 for evacuation
[2026-06-22T08:54:29.407+0000][21404][gc,age      ] GC(4) Desired survivor size 80740352 bytes, new threshold 15 (max threshold 15)
[2026-06-22T08:54:29.412+0000][21404][gc,phases   ] GC(4)   Pre Evacuate Collection Set: 0.3ms
[2026-06-22T08:54:29.412+0000][21404][gc,phases   ] GC(4)   Merge Heap Roots: 0.1ms
[2026-06-22T08:54:29.412+0000][21404][gc,phases   ] GC(4)   Evacuate Collection Set: 4.2ms
[2026-06-22T08:54:29.412+0000][21404][gc,phases   ] GC(4)   Post Evacuate Collection Set: 1.2ms
[2026-06-22T08:54:29.412+0000][21404][gc,phases   ] GC(4)   Other: 0.2ms
[2026-06-22T08:54:29.412+0000][21404][gc,age      ] GC(4) Age table with threshold 15 (max threshold 15)
[2026-06-22T08:54:29.412+0000][21404][gc,age      ] GC(4) - age   1:   11220384 bytes,   11220384 total
[2026-06-22T08:54:29.412+0000][21404][gc,age      ] GC(4) - age   2:    3684864 bytes,   14905248 total
[2026-06-22T08:54:29.412+0000][21404][gc,age      ] GC(4) - age   3:     473208 bytes,   15378456 total
[2026-06-22T08:54:29.412+0000][21404][gc,age      ] GC(4) - age   4:     288824 bytes,   15667280 total
[2026-06-22T08:54:29.412+0000][21404][gc,heap     ] GC(4) Eden regions: 548->0(1211)
[2026-06-22T08:54:29.412+0000][21404][gc,heap     ] GC(4) Survivor regions: 6->17(154)
[2026-06-22T08:54:29.412+0000][21404][gc,heap     ] GC(4) Old regions: 8->8
[2026-06-22T08:54:29.412+0000][21404][gc,heap     ] GC(4) Humongous regions: 16->2
[2026-06-22T08:54:29.412+0000][21404][gc,metaspace] GC(4) Metaspace: 21046K(21504K)->21046K(21504K) NonClass: 18545K(18816K)->18545K(18816K) Class: 2501K(2688K)->2501K(2688K)
[2026-06-22T08:54:29.412+0000][21404][gc          ] GC(4) Pause Young (Concurrent Start) (Metadata GC Threshold) 576M->26M(2048M) 6.494ms
[2026-06-22T08:54:29.412+0000][21404][gc,cpu      ] GC(4) User=0.00s Sys=0.00s Real=0.00s
[2026-06-22T08:54:29.412+0000][21404][gc          ] GC(5) Concurrent Mark Cycle
[2026-06-22T08:54:29.412+0000][21404][safepoint   ] Safepoint "CollectForMetadataAllocation", Time since last: 1032387600 ns, Reaching safepoint: 2700 ns, Cleanup: 66000 ns, At safepoint: 6644300 ns, Total: 6713000 ns
[2026-06-22T08:54:29.414+0000][21404][gc,marking  ] GC(5) Concurrent Scan Root Regions
[2026-06-22T08:54:29.416+0000][21404][gc,marking  ] GC(5) Concurrent Scan Root Regions 2.991ms
[2026-06-22T08:54:29.416+0000][21404][gc,marking  ] GC(5) Concurrent Mark
[2026-06-22T08:54:29.416+0000][21404][gc,marking  ] GC(5) Concurrent Mark From Roots
[2026-06-22T08:54:29.416+0000][21404][gc,task     ] GC(5) Using 2 workers of 2 for marking
[2026-06-22T08:54:29.423+0000][21404][gc,marking  ] GC(5) Concurrent Mark From Roots 6.193ms
[2026-06-22T08:54:29.423+0000][21404][gc,marking  ] GC(5) Concurrent Preclean
[2026-06-22T08:54:29.423+0000][21404][gc,marking  ] GC(5) Concurrent Preclean 0.057ms
[2026-06-22T08:54:29.435+0000][21404][gc,start    ] GC(5) Pause Remark
[2026-06-22T08:54:29.443+0000][21404][gc          ] GC(5) Pause Remark 29M->29M(2048M) 7.839ms
[2026-06-22T08:54:29.443+0000][21404][gc,cpu      ] GC(5) User=0.00s Sys=0.00s Real=0.01s
[2026-06-22T08:54:29.443+0000][21404][safepoint   ] Safepoint "G1PauseRemark", Time since last: 9435400 ns, Reaching safepoint: 11825800 ns, Cleanup: 17700 ns, At safepoint: 8163600 ns, Total: 20007100 ns
[2026-06-22T08:54:29.443+0000][21404][gc,marking  ] GC(5) Concurrent Mark 26.492ms
[2026-06-22T08:54:29.443+0000][21404][gc,marking  ] GC(5) Concurrent Rebuild Remembered Sets and Scrub Regions
[2026-06-22T08:54:29.443+0000][21404][safepoint   ] Safepoint "CollectForMetadataAllocation", Time since last: 268700 ns, Reaching safepoint: 8100 ns, Cleanup: 13500 ns, At safepoint: 109800 ns, Total: 131400 ns
[2026-06-22T08:54:29.450+0000][21404][gc,marking  ] GC(5) Concurrent Rebuild Remembered Sets and Scrub Regions 7.043ms
[2026-06-22T08:54:29.467+0000][21404][gc,start    ] GC(5) Pause Cleanup
[2026-06-22T08:54:29.467+0000][21404][gc          ] GC(5) Pause Cleanup 29M->29M(2048M) 0.739ms
[2026-06-22T08:54:29.467+0000][21404][gc,cpu      ] GC(5) User=0.00s Sys=0.00s Real=0.00s
[2026-06-22T08:54:29.468+0000][21404][safepoint   ] Safepoint "G1PauseCleanup", Time since last: 7044500 ns, Reaching safepoint: 16444500 ns, Cleanup: 30800 ns, At safepoint: 1050500 ns, Total: 17525800 ns
[2026-06-22T08:54:29.468+0000][21404][gc,marking  ] GC(5) Concurrent Clear Claimed Marks
[2026-06-22T08:54:29.468+0000][21404][gc,marking  ] GC(5) Concurrent Clear Claimed Marks 0.097ms
[2026-06-22T08:54:29.468+0000][21404][gc,marking  ] GC(5) Concurrent Cleanup for Next Mark
[2026-06-22T08:54:29.473+0000][21404][gc,marking  ] GC(5) Concurrent Cleanup for Next Mark 5.379ms
[2026-06-22T08:54:29.473+0000][21404][gc          ] GC(5) Concurrent Mark Cycle 60.391ms
[2026-06-22T08:54:30.476+0000][21404][safepoint   ] Safepoint "Cleanup", Time since last: 1008178500 ns, Reaching safepoint: 92500 ns, Cleanup: 40000 ns, At safepoint: 13600 ns, Total: 146100 ns
[2026-06-22T08:54:31.488+0000][21404][safepoint   ] Safepoint "Cleanup", Time since last: 1011990100 ns, Reaching safepoint: 56600 ns, Cleanup: 41400 ns, At safepoint: 51800 ns, Total: 149800 ns
[2026-06-22T08:54:32.300+0000][21404][gc,start    ] GC(6) Pause Young (Concurrent Start) (Metadata GC Threshold)
[2026-06-22T08:54:32.300+0000][21404][gc,task     ] GC(6) Using 8 workers of 8 for evacuation
[2026-06-22T08:54:32.300+0000][21404][gc,age      ] GC(6) Desired survivor size 80740352 bytes, new threshold 15 (max threshold 15)
[2026-06-22T08:54:32.312+0000][21404][gc,phases   ] GC(6)   Pre Evacuate Collection Set: 0.4ms
[2026-06-22T08:54:32.312+0000][21404][gc,phases   ] GC(6)   Merge Heap Roots: 0.1ms
[2026-06-22T08:54:32.312+0000][21404][gc,phases   ] GC(6)   Evacuate Collection Set: 10.1ms
[2026-06-22T08:54:32.312+0000][21404][gc,phases   ] GC(6)   Post Evacuate Collection Set: 2.1ms
[2026-06-22T08:54:32.312+0000][21404][gc,phases   ] GC(6)   Other: 0.3ms
[2026-06-22T08:54:32.312+0000][21404][gc,age      ] GC(6) Age table with threshold 15 (max threshold 15)
[2026-06-22T08:54:32.312+0000][21404][gc,age      ] GC(6) - age   1:   14886400 bytes,   14886400 total
[2026-06-22T08:54:32.312+0000][21404][gc,age      ] GC(6) - age   2:   10935032 bytes,   25821432 total
[2026-06-22T08:54:32.312+0000][21404][gc,age      ] GC(6) - age   3:    3667568 bytes,   29489000 total
[2026-06-22T08:54:32.312+0000][21404][gc,age      ] GC(6) - age   4:     469800 bytes,   29958800 total
[2026-06-22T08:54:32.312+0000][21404][gc,age      ] GC(6) - age   5:     267640 bytes,   30226440 total
[2026-06-22T08:54:32.312+0000][21404][gc,heap     ] GC(6) Eden regions: 870->0(1197)
[2026-06-22T08:54:32.312+0000][21404][gc,heap     ] GC(6) Survivor regions: 17->31(154)
[2026-06-22T08:54:32.312+0000][21404][gc,heap     ] GC(6) Old regions: 8->8
[2026-06-22T08:54:32.312+0000][21404][gc,heap     ] GC(6) Humongous regions: 22->4
[2026-06-22T08:54:32.312+0000][21404][gc,metaspace] GC(6) Metaspace: 35513K(36416K)->35513K(36416K) NonClass: 31622K(32192K)->31622K(32192K) Class: 3890K(4224K)->3890K(4224K)
[2026-06-22T08:54:32.312+0000][21404][gc          ] GC(6) Pause Young (Concurrent Start) (Metadata GC Threshold) 915M->42M(2048M) 13.447ms
[2026-06-22T08:54:32.312+0000][21404][gc,cpu      ] GC(6) User=0.08s Sys=0.05s Real=0.01s
[2026-06-22T08:54:32.312+0000][21404][gc          ] GC(7) Concurrent Mark Cycle
[2026-06-22T08:54:32.312+0000][21404][gc,marking  ] GC(7) Concurrent Scan Root Regions
[2026-06-22T08:54:32.312+0000][21404][safepoint   ] Safepoint "CollectForMetadataAllocation", Time since last: 810898400 ns, Reaching safepoint: 4500 ns, Cleanup: 74200 ns, At safepoint: 13580400 ns, Total: 13659100 ns
[2026-06-22T08:54:32.319+0000][21404][gc,marking  ] GC(7) Concurrent Scan Root Regions 5.574ms
[2026-06-22T08:54:32.319+0000][21404][gc,marking  ] GC(7) Concurrent Mark
[2026-06-22T08:54:32.319+0000][21404][gc,marking  ] GC(7) Concurrent Mark From Roots
[2026-06-22T08:54:32.319+0000][21404][gc,task     ] GC(7) Using 2 workers of 2 for marking
[2026-06-22T08:54:32.330+0000][21404][gc,marking  ] GC(7) Concurrent Mark From Roots 10.872ms
[2026-06-22T08:54:32.330+0000][21404][gc,marking  ] GC(7) Concurrent Preclean
[2026-06-22T08:54:32.330+0000][21404][gc,marking  ] GC(7) Concurrent Preclean 0.098ms
[2026-06-22T08:54:32.330+0000][21404][gc,start    ] GC(7) Pause Remark
[2026-06-22T08:54:32.335+0000][21404][gc          ] GC(7) Pause Remark 43M->43M(2048M) 4.916ms
[2026-06-22T08:54:32.335+0000][21404][gc,cpu      ] GC(7) User=0.00s Sys=0.00s Real=0.01s
[2026-06-22T08:54:32.335+0000][21404][safepoint   ] Safepoint "G1PauseRemark", Time since last: 16766400 ns, Reaching safepoint: 24800 ns, Cleanup: 8400 ns, At safepoint: 5009200 ns, Total: 5042400 ns
[2026-06-22T08:54:32.335+0000][21404][gc,marking  ] GC(7) Concurrent Mark 16.227ms
[2026-06-22T08:54:32.335+0000][21404][gc,marking  ] GC(7) Concurrent Rebuild Remembered Sets and Scrub Regions
[2026-06-22T08:54:32.338+0000][21404][gc,marking  ] GC(7) Concurrent Rebuild Remembered Sets and Scrub Regions 3.324ms
[2026-06-22T08:54:32.338+0000][21404][gc,start    ] GC(7) Pause Cleanup
[2026-06-22T08:54:32.338+0000][21404][gc          ] GC(7) Pause Cleanup 43M->43M(2048M) 0.210ms
[2026-06-22T08:54:32.338+0000][21404][gc,cpu      ] GC(7) User=0.00s Sys=0.00s Real=0.00s
[2026-06-22T08:54:32.338+0000][21404][safepoint   ] Safepoint "G1PauseCleanup", Time since last: 3476300 ns, Reaching safepoint: 13900 ns, Cleanup: 13000 ns, At safepoint: 277200 ns, Total: 304100 ns
[2026-06-22T08:54:32.338+0000][21404][gc,marking  ] GC(7) Concurrent Clear Claimed Marks
[2026-06-22T08:54:32.338+0000][21404][gc,marking  ] GC(7) Concurrent Clear Claimed Marks 0.052ms
[2026-06-22T08:54:32.338+0000][21404][gc,marking  ] GC(7) Concurrent Cleanup for Next Mark
[2026-06-22T08:54:32.345+0000][21404][gc,marking  ] GC(7) Concurrent Cleanup for Next Mark 6.691ms
[2026-06-22T08:54:32.345+0000][21404][gc          ] GC(7) Concurrent Mark Cycle 32.584ms
[2026-06-22T08:54:33.351+0000][21404][safepoint   ] Safepoint "Cleanup", Time since last: 1012729700 ns, Reaching safepoint: 22400 ns, Cleanup: 157600 ns, At safepoint: 18300 ns, Total: 198300 ns
[2026-06-22T08:54:34.366+0000][21404][safepoint   ] Safepoint "Cleanup", Time since last: 1014128400 ns, Reaching safepoint: 64100 ns, Cleanup: 33700 ns, At safepoint: 23500 ns, Total: 121300 ns
[2026-06-22T08:54:35.379+0000][21404][safepoint   ] Safepoint "Cleanup", Time since last: 1013619600 ns, Reaching safepoint: 9300 ns, Cleanup: 108200 ns, At safepoint: 29400 ns, Total: 146900 ns
[2026-06-22T08:54:36.386+0000][21404][safepoint   ] Safepoint "Cleanup", Time since last: 1006679800 ns, Reaching safepoint: 165100 ns, Cleanup: 73200 ns, At safepoint: 383500 ns, Total: 621800 ns
[2026-06-22T08:54:37.399+0000][21404][safepoint   ] Safepoint "Cleanup", Time since last: 1012368200 ns, Reaching safepoint: 53100 ns, Cleanup: 98100 ns, At safepoint: 20800 ns, Total: 172000 ns
[2026-06-22T08:54:38.735+0000][21404][safepoint   ] Safepoint "Cleanup", Time since last: 1335405100 ns, Reaching safepoint: 5100 ns, Cleanup: 104100 ns, At safepoint: 64500 ns, Total: 173700 ns
[2026-06-22T08:54:39.742+0000][21404][safepoint   ] Safepoint "Cleanup", Time since last: 1006708300 ns, Reaching safepoint: 32800 ns, Cleanup: 163700 ns, At safepoint: 25500 ns, Total: 222000 ns
[2026-06-22T08:54:40.505+0000][21404][gc,start    ] GC(8) Pause Young (Concurrent Start) (Metadata GC Threshold)
[2026-06-22T08:54:40.505+0000][21404][gc,task     ] GC(8) Using 8 workers of 8 for evacuation
[2026-06-22T08:54:40.505+0000][21404][gc,age      ] GC(8) Desired survivor size 80740352 bytes, new threshold 15 (max threshold 15)
[2026-06-22T08:54:40.562+0000][21404][gc,phases   ] GC(8)   Pre Evacuate Collection Set: 0.6ms
[2026-06-22T08:54:40.562+0000][21404][gc,phases   ] GC(8)   Merge Heap Roots: 0.2ms
[2026-06-22T08:54:40.562+0000][21404][gc,phases   ] GC(8)   Evacuate Collection Set: 53.5ms
[2026-06-22T08:54:40.563+0000][21404][gc,phases   ] GC(8)   Post Evacuate Collection Set: 3.0ms
[2026-06-22T08:54:40.563+0000][21404][gc,phases   ] GC(8)   Other: 0.4ms
[2026-06-22T08:54:40.563+0000][21404][gc,age      ] GC(8) Age table with threshold 15 (max threshold 15)
[2026-06-22T08:54:40.563+0000][21404][gc,age      ] GC(8) - age   1:   34513760 bytes,   34513760 total
[2026-06-22T08:54:40.563+0000][21404][gc,age      ] GC(8) - age   2:   14418352 bytes,   48932112 total
[2026-06-22T08:54:40.563+0000][21404][gc,age      ] GC(8) - age   3:   10923376 bytes,   59855488 total
[2026-06-22T08:54:40.563+0000][21404][gc,age      ] GC(8) - age   4:    3648784 bytes,   63504272 total
[2026-06-22T08:54:40.563+0000][21404][gc,age      ] GC(8) - age   5:     466704 bytes,   63970976 total
[2026-06-22T08:54:40.563+0000][21404][gc,age      ] GC(8) - age   6:     263752 bytes,   64234728 total
[2026-06-22T08:54:40.563+0000][21404][gc,heap     ] GC(8) Eden regions: 314->0(490)
[2026-06-22T08:54:40.563+0000][21404][gc,heap     ] GC(8) Survivor regions: 31->64(154)
[2026-06-22T08:54:40.563+0000][21404][gc,heap     ] GC(8) Old regions: 8->8
[2026-06-22T08:54:40.563+0000][21404][gc,heap     ] GC(8) Humongous regions: 4->4
[2026-06-22T08:54:40.563+0000][21404][gc,metaspace] GC(8) Metaspace: 59591K(60800K)->59591K(60800K) NonClass: 52420K(53120K)->52420K(53120K) Class: 7170K(7680K)->7170K(7680K)
[2026-06-22T08:54:40.563+0000][21404][gc          ] GC(8) Pause Young (Concurrent Start) (Metadata GC Threshold) 355M->75M(2048M) 58.733ms
[2026-06-22T08:54:40.563+0000][21404][gc,cpu      ] GC(8) User=0.44s Sys=0.03s Real=0.06s
[2026-06-22T08:54:40.563+0000][21404][gc          ] GC(9) Concurrent Mark Cycle
[2026-06-22T08:54:40.563+0000][21404][gc,marking  ] GC(9) Concurrent Scan Root Regions
[2026-06-22T08:54:40.563+0000][21404][safepoint   ] Safepoint "CollectForMetadataAllocation", Time since last: 762545500 ns, Reaching safepoint: 6700 ns, Cleanup: 204700 ns, At safepoint: 59039400 ns, Total: 59250800 ns
[2026-06-22T08:54:40.609+0000][21404][gc,marking  ] GC(9) Concurrent Scan Root Regions 45.041ms
[2026-06-22T08:54:40.609+0000][21404][gc,marking  ] GC(9) Concurrent Mark
[2026-06-22T08:54:40.609+0000][21404][gc,marking  ] GC(9) Concurrent Mark From Roots
[2026-06-22T08:54:40.609+0000][21404][gc,task     ] GC(9) Using 2 workers of 2 for marking
[2026-06-22T08:54:40.610+0000][21404][safepoint   ] Safepoint "CollectForMetadataAllocation", Time since last: 46227300 ns, Reaching safepoint: 50500 ns, Cleanup: 11200 ns, At safepoint: 70700 ns, Total: 132400 ns
[2026-06-22T08:54:40.627+0000][21404][gc,marking  ] GC(9) Concurrent Mark From Roots 18.657ms
[2026-06-22T08:54:40.627+0000][21404][gc,marking  ] GC(9) Concurrent Preclean
[2026-06-22T08:54:40.627+0000][21404][gc,marking  ] GC(9) Concurrent Preclean 0.089ms
[2026-06-22T08:54:40.627+0000][21404][gc,start    ] GC(9) Pause Remark
[2026-06-22T08:54:40.636+0000][21404][gc          ] GC(9) Pause Remark 78M->78M(2048M) 8.695ms
[2026-06-22T08:54:40.636+0000][21404][gc,cpu      ] GC(9) User=0.02s Sys=0.00s Real=0.01s
[2026-06-22T08:54:40.636+0000][21404][safepoint   ] Safepoint "G1PauseRemark", Time since last: 17725400 ns, Reaching safepoint: 18900 ns, Cleanup: 6900 ns, At safepoint: 8925100 ns, Total: 8950900 ns
[2026-06-22T08:54:40.636+0000][21404][gc,marking  ] GC(9) Concurrent Mark 28.032ms
[2026-06-22T08:54:40.636+0000][21404][gc,marking  ] GC(9) Concurrent Rebuild Remembered Sets and Scrub Regions
[2026-06-22T08:54:40.644+0000][21404][gc,marking  ] GC(9) Concurrent Rebuild Remembered Sets and Scrub Regions 6.832ms
[2026-06-22T08:54:40.644+0000][21404][gc,start    ] GC(9) Pause Cleanup
[2026-06-22T08:54:40.644+0000][21404][gc          ] GC(9) Pause Cleanup 78M->78M(2048M) 0.470ms
[2026-06-22T08:54:40.645+0000][21404][gc,cpu      ] GC(9) User=0.00s Sys=0.00s Real=0.00s
[2026-06-22T08:54:40.645+0000][21404][safepoint   ] Safepoint "G1PauseCleanup", Time since last: 7146700 ns, Reaching safepoint: 6400 ns, Cleanup: 8400 ns, At safepoint: 635600 ns, Total: 650400 ns
[2026-06-22T08:54:40.645+0000][21404][gc,marking  ] GC(9) Concurrent Clear Claimed Marks
[2026-06-22T08:54:40.645+0000][21404][gc,marking  ] GC(9) Concurrent Clear Claimed Marks 0.109ms
[2026-06-22T08:54:40.645+0000][21404][gc,marking  ] GC(9) Concurrent Cleanup for Next Mark
[2026-06-22T08:54:40.651+0000][21404][gc,marking  ] GC(9) Concurrent Cleanup for Next Mark 6.423ms
[2026-06-22T08:54:40.651+0000][21404][gc          ] GC(9) Concurrent Mark Cycle 87.810ms
[2026-06-22T08:54:42.457+0000][21404][safepoint   ] Safepoint "Cleanup", Time since last: 1812660600 ns, Reaching safepoint: 14600 ns, Cleanup: 174500 ns, At safepoint: 42400 ns, Total: 231500 ns
[2026-06-22T08:54:43.459+0000][21404][safepoint   ] Safepoint "Cleanup", Time since last: 1001880900 ns, Reaching safepoint: 292200 ns, Cleanup: 93800 ns, At safepoint: 40300 ns, Total: 426300 ns
[2026-06-22T08:54:45.240+0000][21404][safepoint   ] Safepoint "Cleanup", Time since last: 1779825000 ns, Reaching safepoint: 19200 ns, Cleanup: 159300 ns, At safepoint: 35700 ns, Total: 214200 ns
[2026-06-22T08:54:46.832+0000][21404][safepoint   ] Safepoint "ICBufferFull", Time since last: 1592511100 ns, Reaching safepoint: 11300 ns, Cleanup: 140800 ns, At safepoint: 51300 ns, Total: 203400 ns
[2026-06-22T08:54:47.845+0000][21404][safepoint   ] Safepoint "Cleanup", Time since last: 1012871700 ns, Reaching safepoint: 505900 ns, Cleanup: 171100 ns, At safepoint: 30800 ns, Total: 707800 ns
[2026-06-22T08:54:48.981+0000][21404][gc,start    ] GC(10) Pause Young (Concurrent Start) (Metadata GC Threshold)
[2026-06-22T08:54:48.982+0000][21404][gc,task     ] GC(10) Using 8 workers of 8 for evacuation
[2026-06-22T08:54:48.982+0000][21404][gc,age      ] GC(10) Desired survivor size 36700160 bytes, new threshold 2 (max threshold 15)
[2026-06-22T08:54:49.043+0000][21404][gc,phases   ] GC(10)   Pre Evacuate Collection Set: 0.5ms
[2026-06-22T08:54:49.043+0000][21404][gc,phases   ] GC(10)   Merge Heap Roots: 0.2ms
[2026-06-22T08:54:49.043+0000][21404][gc,phases   ] GC(10)   Evacuate Collection Set: 58.1ms
[2026-06-22T08:54:49.043+0000][21404][gc,phases   ] GC(10)   Post Evacuate Collection Set: 3.4ms
[2026-06-22T08:54:49.043+0000][21404][gc,phases   ] GC(10)   Other: 0.4ms
[2026-06-22T08:54:49.043+0000][21404][gc,age      ] GC(10) Age table with threshold 2 (max threshold 15)
[2026-06-22T08:54:49.045+0000][21404][gc,age      ] GC(10) - age   1:   13961616 bytes,   13961616 total
[2026-06-22T08:54:49.045+0000][21404][gc,age      ] GC(10) - age   2:   33950016 bytes,   47911632 total
[2026-06-22T08:54:49.045+0000][21404][gc,heap     ] GC(10) Eden regions: 246->0(501)
[2026-06-22T08:54:49.045+0000][21404][gc,heap     ] GC(10) Survivor regions: 64->48(70)
[2026-06-22T08:54:49.045+0000][21404][gc,heap     ] GC(10) Old regions: 8->38
[2026-06-22T08:54:49.045+0000][21404][gc,heap     ] GC(10) Humongous regions: 4->4
[2026-06-22T08:54:49.045+0000][21404][gc,metaspace] GC(10) Metaspace: 99272K(102080K)->99272K(102080K) NonClass: 86613K(88064K)->86613K(88064K) Class: 12658K(14016K)->12658K(14016K)
[2026-06-22T08:54:49.045+0000][21404][gc          ] GC(10) Pause Young (Concurrent Start) (Metadata GC Threshold) 321M->88M(2048M) 63.177ms
[2026-06-22T08:54:49.045+0000][21404][gc,cpu      ] GC(10) User=0.48s Sys=0.00s Real=0.06s
[2026-06-22T08:54:49.045+0000][21404][gc          ] GC(11) Concurrent Mark Cycle
[2026-06-22T08:54:49.045+0000][21404][gc,marking  ] GC(11) Concurrent Scan Root Regions
[2026-06-22T08:54:49.045+0000][21404][safepoint   ] Safepoint "CollectForMetadataAllocation", Time since last: 1135229100 ns, Reaching safepoint: 5600 ns, Cleanup: 74400 ns, At safepoint: 63383300 ns, Total: 63463300 ns
[2026-06-22T08:54:49.098+0000][21404][gc,marking  ] GC(11) Concurrent Scan Root Regions 54.514ms
[2026-06-22T08:54:49.099+0000][21404][gc,marking  ] GC(11) Concurrent Mark
[2026-06-22T08:54:49.099+0000][21404][gc,marking  ] GC(11) Concurrent Mark From Roots
[2026-06-22T08:54:49.099+0000][21404][gc,task     ] GC(11) Using 2 workers of 2 for marking
[2026-06-22T08:54:49.114+0000][21404][gc,marking  ] GC(11) Concurrent Mark From Roots 14.773ms
[2026-06-22T08:54:49.114+0000][21404][gc,marking  ] GC(11) Concurrent Preclean
[2026-06-22T08:54:49.114+0000][21404][gc,marking  ] GC(11) Concurrent Preclean 0.127ms
[2026-06-22T08:54:49.115+0000][21404][gc,start    ] GC(11) Pause Remark
[2026-06-22T08:54:49.126+0000][21404][gc          ] GC(11) Pause Remark 91M->91M(2048M) 11.332ms
[2026-06-22T08:54:49.126+0000][21404][gc,cpu      ] GC(11) User=0.03s Sys=0.00s Real=0.01s
[2026-06-22T08:54:49.126+0000][21404][safepoint   ] Safepoint "G1PauseRemark", Time since last: 69767300 ns, Reaching safepoint: 522500 ns, Cleanup: 33500 ns, At safepoint: 11528100 ns, Total: 12084100 ns
[2026-06-22T08:54:49.126+0000][21404][gc,marking  ] GC(11) Concurrent Mark 27.362ms
[2026-06-22T08:54:49.126+0000][21404][gc,marking  ] GC(11) Concurrent Rebuild Remembered Sets and Scrub Regions
[2026-06-22T08:54:49.141+0000][21404][gc,marking  ] GC(11) Concurrent Rebuild Remembered Sets and Scrub Regions 14.028ms
[2026-06-22T08:54:49.141+0000][21404][gc,start    ] GC(11) Pause Cleanup
[2026-06-22T08:54:49.141+0000][21404][gc          ] GC(11) Pause Cleanup 91M->91M(2048M) 0.371ms
[2026-06-22T08:54:49.141+0000][21404][gc,cpu      ] GC(11) User=0.00s Sys=0.00s Real=0.00s
[2026-06-22T08:54:49.141+0000][21404][safepoint   ] Safepoint "G1PauseCleanup", Time since last: 14316500 ns, Reaching safepoint: 103100 ns, Cleanup: 18600 ns, At safepoint: 487800 ns, Total: 609500 ns
[2026-06-22T08:54:49.141+0000][21404][gc,marking  ] GC(11) Concurrent Clear Claimed Marks
[2026-06-22T08:54:49.142+0000][21404][gc,marking  ] GC(11) Concurrent Clear Claimed Marks 0.205ms
[2026-06-22T08:54:49.142+0000][21404][gc,marking  ] GC(11) Concurrent Cleanup for Next Mark
[2026-06-22T08:54:49.148+0000][21404][gc,marking  ] GC(11) Concurrent Cleanup for Next Mark 6.656ms
[2026-06-22T08:54:49.148+0000][21404][gc          ] GC(11) Concurrent Mark Cycle 103.934ms
[2026-06-22T08:54:50.861+0000][21404][safepoint   ] Safepoint "Cleanup", Time since last: 1718993100 ns, Reaching safepoint: 20100 ns, Cleanup: 176400 ns, At safepoint: 54900 ns, Total: 251400 ns
[2026-06-22T08:54:51.875+0000][21404][safepoint   ] Safepoint "Cleanup", Time since last: 1014094200 ns, Reaching safepoint: 15800 ns, Cleanup: 273100 ns, At safepoint: 37800 ns, Total: 326700 ns
[2026-06-22T08:54:52.880+0000][21404][safepoint   ] Safepoint "Cleanup", Time since last: 1004602400 ns, Reaching safepoint: 20700 ns, Cleanup: 144400 ns, At safepoint: 23900 ns, Total: 189000 ns
[2026-06-22T08:54:54.230+0000][21404][safepoint   ] Safepoint "ICBufferFull", Time since last: 1350588900 ns, Reaching safepoint: 8800 ns, Cleanup: 187900 ns, At safepoint: 20300 ns, Total: 217000 ns
[2026-06-22T08:54:55.235+0000][21404][safepoint   ] Safepoint "Cleanup", Time since last: 1004542800 ns, Reaching safepoint: 9300 ns, Cleanup: 319100 ns, At safepoint: 60000 ns, Total: 388400 ns
[2026-06-22T08:54:55.889+0000][21404][safepoint   ] Safepoint "ICBufferFull", Time since last: 652975000 ns, Reaching safepoint: 15300 ns, Cleanup: 243600 ns, At safepoint: 47900 ns, Total: 306800 ns
[2026-06-22T08:54:56.898+0000][21404][safepoint   ] Safepoint "Cleanup", Time since last: 1008931600 ns, Reaching safepoint: 5600 ns, Cleanup: 131300 ns, At safepoint: 60400 ns, Total: 197300 ns
[2026-06-22T08:54:58.009+0000][21404][safepoint   ] Safepoint "Cleanup", Time since last: 1110557000 ns, Reaching safepoint: 27300 ns, Cleanup: 49300 ns, At safepoint: 7300 ns, Total: 83900 ns
[2026-06-22T08:54:59.010+0000][21404][safepoint   ] Safepoint "Cleanup", Time since last: 1000844100 ns, Reaching safepoint: 46200 ns, Cleanup: 124500 ns, At safepoint: 101800 ns, Total: 272500 ns
[2026-06-22T08:55:06.063+0000][21404][safepoint   ] Safepoint "Cleanup", Time since last: 7053032500 ns, Reaching safepoint: 29500 ns, Cleanup: 36200 ns, At safepoint: 5400 ns, Total: 71100 ns
[2026-06-22T08:55:07.070+0000][21404][safepoint   ] Safepoint "Cleanup", Time since last: 1007081700 ns, Reaching safepoint: 14600 ns, Cleanup: 18900 ns, At safepoint: 3900 ns, Total: 37400 ns
[2026-06-22T08:55:10.092+0000][21404][safepoint   ] Safepoint "Cleanup", Time since last: 3021635200 ns, Reaching safepoint: 21500 ns, Cleanup: 88100 ns, At safepoint: 16300 ns, Total: 125900 ns
[2026-06-22T08:55:11.399+0000][21404][safepoint   ] Safepoint "Cleanup", Time since last: 1307316000 ns, Reaching safepoint: 5300 ns, Cleanup: 59600 ns, At safepoint: 63000 ns, Total: 127900 ns
[2026-06-22T08:55:12.824+0000][21404][safepoint   ] Safepoint "Cleanup", Time since last: 1424585600 ns, Reaching safepoint: 26100 ns, Cleanup: 122400 ns, At safepoint: 89900 ns, Total: 238400 ns
[2026-06-22T08:55:14.163+0000][21404][safepoint   ] Safepoint "Cleanup", Time since last: 1338310800 ns, Reaching safepoint: 14500 ns, Cleanup: 42100 ns, At safepoint: 3500 ns, Total: 60100 ns
[2026-06-22T08:55:16.181+0000][21404][safepoint   ] Safepoint "Cleanup", Time since last: 2018813300 ns, Reaching safepoint: 10400 ns, Cleanup: 14500 ns, At safepoint: 2000 ns, Total: 26900 ns
[2026-06-22T08:55:17.183+0000][21404][safepoint   ] Safepoint "Cleanup", Time since last: 1001575600 ns, Reaching safepoint: 22400 ns, Cleanup: 48700 ns, At safepoint: 65000 ns, Total: 136100 ns
[2026-06-22T08:55:19.199+0000][21404][safepoint   ] Safepoint "Cleanup", Time since last: 2015974100 ns, Reaching safepoint: 18500 ns, Cleanup: 24000 ns, At safepoint: 4700 ns, Total: 47200 ns
[2026-06-22T08:55:20.214+0000][21404][safepoint   ] Safepoint "Cleanup", Time since last: 1014657300 ns, Reaching safepoint: 34800 ns, Cleanup: 27000 ns, At safepoint: 4500 ns, Total: 66300 ns
[2026-06-22T08:55:21.216+0000][21404][safepoint   ] Safepoint "Cleanup", Time since last: 1002556400 ns, Reaching safepoint: 12500 ns, Cleanup: 45500 ns, At safepoint: 2500 ns, Total: 60500 ns
[2026-06-22T08:55:23.245+0000][21404][safepoint   ] Safepoint "Cleanup", Time since last: 2028428200 ns, Reaching safepoint: 18300 ns, Cleanup: 19300 ns, At safepoint: 3700 ns, Total: 41300 ns
[2026-06-22T08:55:24.247+0000][21404][safepoint   ] Safepoint "Cleanup", Time since last: 1001982500 ns, Reaching safepoint: 23600 ns, Cleanup: 26000 ns, At safepoint: 108500 ns, Total: 158100 ns
[2026-06-22T08:55:28.774+0000][21404][safepoint   ] Safepoint "Cleanup", Time since last: 4526754700 ns, Reaching safepoint: 35900 ns, Cleanup: 44500 ns, At safepoint: 11700 ns, Total: 92100 ns
[2026-06-22T08:55:29.786+0000][21404][safepoint   ] Safepoint "Cleanup", Time since last: 1011979000 ns, Reaching safepoint: 26000 ns, Cleanup: 34000 ns, At safepoint: 5800 ns, Total: 65800 ns
[2026-06-22T08:55:30.794+0000][21404][safepoint   ] Safepoint "Cleanup", Time since last: 1007708200 ns, Reaching safepoint: 29100 ns, Cleanup: 46300 ns, At safepoint: 7300 ns, Total: 82700 ns
[2026-06-22T08:55:39.836+0000][21404][safepoint   ] Safepoint "Cleanup", Time since last: 9042212800 ns, Reaching safepoint: 26700 ns, Cleanup: 38600 ns, At safepoint: 6300 ns, Total: 71600 ns
[2026-06-22T08:55:41.847+0000][21404][safepoint   ] Safepoint "Cleanup", Time since last: 2011098300 ns, Reaching safepoint: 27600 ns, Cleanup: 29400 ns, At safepoint: 5200 ns, Total: 62200 ns
[2026-06-22T08:55:42.849+0000][21404][safepoint   ] Safepoint "Cleanup", Time since last: 1001959200 ns, Reaching safepoint: 40300 ns, Cleanup: 44000 ns, At safepoint: 8400 ns, Total: 92700 ns
[2026-06-22T08:55:44.863+0000][21404][safepoint   ] Safepoint "Cleanup", Time since last: 2013847800 ns, Reaching safepoint: 712000 ns, Cleanup: 27500 ns, At safepoint: 11900 ns, Total: 751400 ns
[2026-06-22T08:55:49.904+0000][21404][safepoint   ] Safepoint "Cleanup", Time since last: 5040271600 ns, Reaching safepoint: 49500 ns, Cleanup: 41300 ns, At safepoint: 7000 ns, Total: 97800 ns
[2026-06-22T08:55:51.910+0000][21404][safepoint   ] Safepoint "Cleanup", Time since last: 2005689900 ns, Reaching safepoint: 181800 ns, Cleanup: 129400 ns, At safepoint: 10100 ns, Total: 321300 ns
[2026-06-22T08:55:52.926+0000][21404][safepoint   ] Safepoint "Cleanup", Time since last: 1015212100 ns, Reaching safepoint: 26800 ns, Cleanup: 49800 ns, At safepoint: 4800 ns, Total: 81400 ns
[2026-06-22T08:55:53.928+0000][21404][safepoint   ] Safepoint "Cleanup", Time since last: 1002375200 ns, Reaching safepoint: 37400 ns, Cleanup: 69900 ns, At safepoint: 7500 ns, Total: 114800 ns
[2026-06-22T08:55:57.980+0000][21404][safepoint   ] Safepoint "Cleanup", Time since last: 4021064700 ns, Reaching safepoint: 15990900 ns, Cleanup: 131700 ns, At safepoint: 15315900 ns, Total: 31438500 ns
[2026-06-22T08:55:58.986+0000][21404][safepoint   ] Safepoint "Cleanup", Time since last: 1005381900 ns, Reaching safepoint: 36200 ns, Cleanup: 113400 ns, At safepoint: 8100 ns, Total: 157700 ns
[2026-06-22T08:56:00.199+0000][21404][safepoint   ] Safepoint "Cleanup", Time since last: 1213086700 ns, Reaching safepoint: 30200 ns, Cleanup: 120900 ns, At safepoint: 91200 ns, Total: 242300 ns
[2026-06-22T08:56:01.998+0000][21404][safepoint   ] Safepoint "Cleanup", Time since last: 1798746600 ns, Reaching safepoint: 35900 ns, Cleanup: 82600 ns, At safepoint: 6600 ns, Total: 125100 ns
[2026-06-22T08:56:03.003+0000][21404][safepoint   ] Safepoint "Cleanup", Time since last: 1004723000 ns, Reaching safepoint: 121200 ns, Cleanup: 82700 ns, At safepoint: 11500 ns, Total: 215400 ns
[2026-06-22T08:56:04.014+0000][21404][safepoint   ] Safepoint "Cleanup", Time since last: 1011256300 ns, Reaching safepoint: 46400 ns, Cleanup: 91600 ns, At safepoint: 6200 ns, Total: 144200 ns
[2026-06-22T08:56:05.058+0000][21404][safepoint   ] Safepoint "Cleanup", Time since last: 1043856700 ns, Reaching safepoint: 18100 ns, Cleanup: 95400 ns, At safepoint: 6400 ns, Total: 119900 ns
[2026-06-22T08:56:06.234+0000][21404][safepoint   ] Safepoint "Cleanup", Time since last: 1175015500 ns, Reaching safepoint: 46900 ns, Cleanup: 71400 ns, At safepoint: 5900 ns, Total: 124200 ns
[2026-06-22T08:56:13.291+0000][21404][safepoint   ] Safepoint "Cleanup", Time since last: 7057470400 ns, Reaching safepoint: 62400 ns, Cleanup: 49400 ns, At safepoint: 8600 ns, Total: 120400 ns
[2026-06-22T08:56:16.320+0000][21404][safepoint   ] Safepoint "Cleanup", Time since last: 3029006500 ns, Reaching safepoint: 30500 ns, Cleanup: 43200 ns, At safepoint: 7500 ns, Total: 81200 ns
[2026-06-22T08:56:17.336+0000][21404][safepoint   ] Safepoint "Cleanup", Time since last: 1015589600 ns, Reaching safepoint: 64600 ns, Cleanup: 39700 ns, At safepoint: 7200 ns, Total: 111500 ns
[2026-06-22T08:56:18.347+0000][21404][safepoint   ] Safepoint "Cleanup", Time since last: 1011357700 ns, Reaching safepoint: 59900 ns, Cleanup: 143100 ns, At safepoint: 9100 ns, Total: 212100 ns
[2026-06-22T08:56:21.372+0000][21404][safepoint   ] Safepoint "Cleanup", Time since last: 3024243100 ns, Reaching safepoint: 43600 ns, Cleanup: 27300 ns, At safepoint: 5700 ns, Total: 76600 ns
[2026-06-22T08:56:22.374+0000][21404][safepoint   ] Safepoint "Cleanup", Time since last: 1002272600 ns, Reaching safepoint: 35800 ns, Cleanup: 109600 ns, At safepoint: 9600 ns, Total: 155000 ns
[2026-06-22T08:56:23.380+0000][21404][safepoint   ] Safepoint "Cleanup", Time since last: 1005133200 ns, Reaching safepoint: 31300 ns, Cleanup: 31100 ns, At safepoint: 5900 ns, Total: 68300 ns
[2026-06-22T08:56:24.386+0000][21404][safepoint   ] Safepoint "Cleanup", Time since last: 1006800500 ns, Reaching safepoint: 60000 ns, Cleanup: 43700 ns, At safepoint: 9200 ns, Total: 112900 ns
[2026-06-22T08:56:25.889+0000][21404][safepoint   ] Safepoint "Cleanup", Time since last: 1502706100 ns, Reaching safepoint: 26600 ns, Cleanup: 30800 ns, At safepoint: 6400 ns, Total: 63800 ns
[2026-06-22T08:56:26.894+0000][21404][safepoint   ] Safepoint "Cleanup", Time since last: 1004528800 ns, Reaching safepoint: 30900 ns, Cleanup: 27300 ns, At safepoint: 5100 ns, Total: 63300 ns
[2026-06-22T08:56:29.908+0000][21404][safepoint   ] Safepoint "Cleanup", Time since last: 3013901000 ns, Reaching safepoint: 29000 ns, Cleanup: 60700 ns, At safepoint: 7300 ns, Total: 97000 ns
[2026-06-22T08:56:30.911+0000][21404][safepoint   ] Safepoint "Cleanup", Time since last: 1003130200 ns, Reaching safepoint: 42700 ns, Cleanup: 41100 ns, At safepoint: 9100 ns, Total: 92900 ns
[2026-06-22T08:56:42.002+0000][21404][safepoint   ] Safepoint "Cleanup", Time since last: 11090831500 ns, Reaching safepoint: 41100 ns, Cleanup: 38300 ns, At safepoint: 13500 ns, Total: 92900 ns
[2026-06-22T08:56:50.054+0000][21404][safepoint   ] Safepoint "Cleanup", Time since last: 8052064500 ns, Reaching safepoint: 29800 ns, Cleanup: 30300 ns, At safepoint: 6600 ns, Total: 66700 ns
[2026-06-22T08:56:52.070+0000][21404][safepoint   ] Safepoint "Cleanup", Time since last: 2016129200 ns, Reaching safepoint: 33100 ns, Cleanup: 42000 ns, At safepoint: 5400 ns, Total: 80500 ns
[2026-06-22T08:56:55.100+0000][21404][safepoint   ] Safepoint "Cleanup", Time since last: 3029843900 ns, Reaching safepoint: 125200 ns, Cleanup: 234600 ns, At safepoint: 12000 ns, Total: 371800 ns
[2026-06-22T08:56:56.115+0000][21404][safepoint   ] Safepoint "Cleanup", Time since last: 1014547400 ns, Reaching safepoint: 26300 ns, Cleanup: 233900 ns, At safepoint: 18500 ns, Total: 278700 ns
[2026-06-22T08:56:57.129+0000][21404][safepoint   ] Safepoint "Cleanup", Time since last: 1013885900 ns, Reaching safepoint: 40100 ns, Cleanup: 38300 ns, At safepoint: 6300 ns, Total: 84700 ns
[2026-06-22T08:56:58.139+0000][21404][safepoint   ] Safepoint "Cleanup", Time since last: 1009506800 ns, Reaching safepoint: 27600 ns, Cleanup: 93200 ns, At safepoint: 43400 ns, Total: 164200 ns
[2026-06-22T08:56:59.148+0000][21404][safepoint   ] Safepoint "Cleanup", Time since last: 1008671200 ns, Reaching safepoint: 21500 ns, Cleanup: 90100 ns, At safepoint: 43200 ns, Total: 154800 ns
[2026-06-22T08:57:00.299+0000][21404][safepoint   ] Safepoint "Cleanup", Time since last: 1150626000 ns, Reaching safepoint: 770500 ns, Cleanup: 172300 ns, At safepoint: 188100 ns, Total: 1130900 ns
[2026-06-22T08:57:02.204+0000][21404][safepoint   ] Safepoint "Cleanup", Time since last: 1904795300 ns, Reaching safepoint: 45300 ns, Cleanup: 146500 ns, At safepoint: 8400 ns, Total: 200200 ns
[2026-06-22T08:57:05.221+0000][21404][safepoint   ] Safepoint "Cleanup", Time since last: 3015952000 ns, Reaching safepoint: 276400 ns, Cleanup: 273000 ns, At safepoint: 70700 ns, Total: 620100 ns
[2026-06-22T08:57:06.229+0000][21404][safepoint   ] Safepoint "Cleanup", Time since last: 1007659100 ns, Reaching safepoint: 35100 ns, Cleanup: 97700 ns, At safepoint: 6800 ns, Total: 139600 ns
[2026-06-22T08:57:07.945+0000][21404][safepoint   ] Safepoint "Cleanup", Time since last: 1716110900 ns, Reaching safepoint: 38000 ns, Cleanup: 309700 ns, At safepoint: 9500 ns, Total: 357200 ns
[2026-06-22T08:57:08.948+0000][21404][safepoint   ] Safepoint "Cleanup", Time since last: 1003479900 ns, Reaching safepoint: 34800 ns, Cleanup: 127900 ns, At safepoint: 6900 ns, Total: 169600 ns
[2026-06-22T08:57:09.957+0000][21404][safepoint   ] Safepoint "Cleanup", Time since last: 1008466100 ns, Reaching safepoint: 35600 ns, Cleanup: 73100 ns, At safepoint: 6500 ns, Total: 115200 ns
[2026-06-22T08:57:10.959+0000][21404][safepoint   ] Safepoint "Cleanup", Time since last: 1000757400 ns, Reaching safepoint: 244400 ns, Cleanup: 110200 ns, At safepoint: 8200 ns, Total: 362800 ns
[2026-06-22T08:57:11.960+0000][21404][safepoint   ] Safepoint "Cleanup", Time since last: 1000863200 ns, Reaching safepoint: 35200 ns, Cleanup: 43000 ns, At safepoint: 7400 ns, Total: 85600 ns
[2026-06-22T08:57:13.017+0000][21404][safepoint   ] Safepoint "Cleanup", Time since last: 1058254400 ns, Reaching safepoint: 30100 ns, Cleanup: 99500 ns, At safepoint: 5900 ns, Total: 135500 ns
[2026-06-22T08:57:14.034+0000][21404][safepoint   ] Safepoint "Cleanup", Time since last: 1016538700 ns, Reaching safepoint: 29200 ns, Cleanup: 109800 ns, At safepoint: 5500 ns, Total: 144500 ns
[2026-06-22T08:57:15.912+0000][21404][safepoint   ] Safepoint "Cleanup", Time since last: 1876377000 ns, Reaching safepoint: 37200 ns, Cleanup: 207400 ns, At safepoint: 37300 ns, Total: 281900 ns
[2026-06-22T08:57:16.918+0000][21404][safepoint   ] Safepoint "Cleanup", Time since last: 1006496500 ns, Reaching safepoint: 35400 ns, Cleanup: 65900 ns, At safepoint: 7000 ns, Total: 108300 ns
[2026-06-22T08:57:17.922+0000][21404][safepoint   ] Safepoint "Cleanup", Time since last: 1002523800 ns, Reaching safepoint: 600500 ns, Cleanup: 244700 ns, At safepoint: 267700 ns, Total: 1112900 ns
[2026-06-22T08:57:18.935+0000][21404][safepoint   ] Safepoint "Cleanup", Time since last: 1013435400 ns, Reaching safepoint: 29300 ns, Cleanup: 46500 ns, At safepoint: 6300 ns, Total: 82100 ns
[2026-06-22T08:57:19.937+0000][21404][safepoint   ] Safepoint "Cleanup", Time since last: 1001713100 ns, Reaching safepoint: 34600 ns, Cleanup: 33200 ns, At safepoint: 5600 ns, Total: 73400 ns
[2026-06-22T08:57:20.948+0000][21404][safepoint   ] Safepoint "Cleanup", Time since last: 1011365500 ns, Reaching safepoint: 151200 ns, Cleanup: 21400 ns, At safepoint: 602700 ns, Total: 775300 ns
[2026-06-22T08:57:21.954+0000][21404][safepoint   ] Safepoint "Cleanup", Time since last: 1005123800 ns, Reaching safepoint: 40700 ns, Cleanup: 40200 ns, At safepoint: 7300 ns, Total: 88200 ns
[2026-06-22T08:57:22.961+0000][21404][safepoint   ] Safepoint "Cleanup", Time since last: 1006411300 ns, Reaching safepoint: 52700 ns, Cleanup: 44600 ns, At safepoint: 6000 ns, Total: 103300 ns
[2026-06-22T08:57:24.125+0000][21404][safepoint   ] Safepoint "Cleanup", Time since last: 1165114700 ns, Reaching safepoint: 19800 ns, Cleanup: 68300 ns, At safepoint: 43900 ns, Total: 132000 ns
[2026-06-22T08:57:26.696+0000][21404][safepoint   ] Safepoint "Cleanup", Time since last: 2569613100 ns, Reaching safepoint: 32200 ns, Cleanup: 58800 ns, At safepoint: 7400 ns, Total: 98400 ns
[2026-06-22T08:57:27.707+0000][21404][safepoint   ] Safepoint "Cleanup", Time since last: 1011451100 ns, Reaching safepoint: 61100 ns, Cleanup: 174900 ns, At safepoint: 28100 ns, Total: 264100 ns
[2026-06-22T08:57:29.725+0000][21404][safepoint   ] Safepoint "Cleanup", Time since last: 2017719900 ns, Reaching safepoint: 43500 ns, Cleanup: 82000 ns, At safepoint: 6800 ns, Total: 132300 ns
[2026-06-22T08:57:30.741+0000][21404][safepoint   ] Safepoint "Cleanup", Time since last: 1015089300 ns, Reaching safepoint: 32900 ns, Cleanup: 99500 ns, At safepoint: 6400 ns, Total: 138800 ns
[2026-06-22T08:57:31.753+0000][21404][safepoint   ] Safepoint "Cleanup", Time since last: 1012061500 ns, Reaching safepoint: 48800 ns, Cleanup: 180700 ns, At safepoint: 8700 ns, Total: 238200 ns
[2026-06-22T08:57:32.770+0000][21404][safepoint   ] Safepoint "Cleanup", Time since last: 1016920600 ns, Reaching safepoint: 416800 ns, Cleanup: 46600 ns, At safepoint: 1379000 ns, Total: 1842400 ns
[2026-06-22T08:57:33.937+0000][21404][safepoint   ] Safepoint "Cleanup", Time since last: 1165799000 ns, Reaching safepoint: 24800 ns, Cleanup: 117600 ns, At safepoint: 41200 ns, Total: 183600 ns
[2026-06-22T08:57:35.009+0000][21404][safepoint   ] Safepoint "Cleanup", Time since last: 1072332000 ns, Reaching safepoint: 36200 ns, Cleanup: 45200 ns, At safepoint: 31400 ns, Total: 112800 ns
[2026-06-22T08:57:36.440+0000][21404][safepoint   ] Safepoint "Cleanup", Time since last: 1429657800 ns, Reaching safepoint: 101900 ns, Cleanup: 63900 ns, At safepoint: 6900 ns, Total: 172700 ns
[2026-06-22T08:57:37.505+0000][21404][safepoint   ] Safepoint "Cleanup", Time since last: 1066194700 ns, Reaching safepoint: 37800 ns, Cleanup: 65400 ns, At safepoint: 43700 ns, Total: 146900 ns
[2026-06-22T08:57:39.282+0000][21404][safepoint   ] Safepoint "Cleanup", Time since last: 1775434800 ns, Reaching safepoint: 35700 ns, Cleanup: 46000 ns, At safepoint: 6300 ns, Total: 88000 ns
[2026-06-22T08:57:40.295+0000][21404][safepoint   ] Safepoint "Cleanup", Time since last: 1013613800 ns, Reaching safepoint: 26500 ns, Cleanup: 85200 ns, At safepoint: 55000 ns, Total: 166700 ns
[2026-06-22T08:57:41.966+0000][21404][safepoint   ] Safepoint "Cleanup", Time since last: 1670263100 ns, Reaching safepoint: 36300 ns, Cleanup: 69800 ns, At safepoint: 7200 ns, Total: 113300 ns
[2026-06-22T08:57:42.969+0000][21404][safepoint   ] Safepoint "Cleanup", Time since last: 1003676200 ns, Reaching safepoint: 23700 ns, Cleanup: 80100 ns, At safepoint: 30200 ns, Total: 134000 ns
[2026-06-22T08:57:44.052+0000][21404][safepoint   ] Safepoint "Cleanup", Time since last: 1081696300 ns, Reaching safepoint: 22200 ns, Cleanup: 23600 ns, At safepoint: 5300 ns, Total: 51100 ns
[2026-06-22T08:57:45.414+0000][21404][safepoint   ] Safepoint "Cleanup", Time since last: 1361978500 ns, Reaching safepoint: 38800 ns, Cleanup: 748100 ns, At safepoint: 43500 ns, Total: 830400 ns
[2026-06-22T08:57:46.429+0000][21404][safepoint   ] Safepoint "Cleanup", Time since last: 1014168900 ns, Reaching safepoint: 38900 ns, Cleanup: 62500 ns, At safepoint: 7300 ns, Total: 108700 ns
[2026-06-22T08:57:48.130+0000][21404][safepoint   ] Safepoint "Cleanup", Time since last: 1683735600 ns, Reaching safepoint: 15749100 ns, Cleanup: 218700 ns, At safepoint: 1456100 ns, Total: 17423900 ns
[2026-06-22T08:57:49.136+0000][21404][safepoint   ] Safepoint "Cleanup", Time since last: 1001352500 ns, Reaching safepoint: 131800 ns, Cleanup: 40200 ns, At safepoint: 5400900 ns, Total: 5572900 ns
[2026-06-22T08:57:50.144+0000][21404][safepoint   ] Safepoint "Cleanup", Time since last: 1007183900 ns, Reaching safepoint: 53400 ns, Cleanup: 73500 ns, At safepoint: 9400 ns, Total: 136300 ns
[2026-06-22T08:57:51.152+0000][21404][safepoint   ] Safepoint "Cleanup", Time since last: 1008294400 ns, Reaching safepoint: 133500 ns, Cleanup: 33000 ns, At safepoint: 63100 ns, Total: 229600 ns
[2026-06-22T08:57:52.166+0000][21404][safepoint   ] Safepoint "Cleanup", Time since last: 1013497000 ns, Reaching safepoint: 50500 ns, Cleanup: 79000 ns, At safepoint: 10300 ns, Total: 139800 ns
[2026-06-22T08:57:53.167+0000][21404][safepoint   ] Safepoint "Cleanup", Time since last: 1000636300 ns, Reaching safepoint: 53200 ns, Cleanup: 54500 ns, At safepoint: 7100 ns, Total: 114800 ns
[2026-06-22T08:58:03.265+0000][21404][safepoint   ] Safepoint "Cleanup", Time since last: 10097661000 ns, Reaching safepoint: 35100 ns, Cleanup: 33000 ns, At safepoint: 5400 ns, Total: 73500 ns
[2026-06-22T08:58:05.279+0000][21404][safepoint   ] Safepoint "Cleanup", Time since last: 2014761300 ns, Reaching safepoint: 38900 ns, Cleanup: 36600 ns, At safepoint: 6200 ns, Total: 81700 ns
[2026-06-22T08:58:06.309+0000][21404][safepoint   ] Safepoint "Cleanup", Time since last: 1014055600 ns, Reaching safepoint: 15305700 ns, Cleanup: 83900 ns, At safepoint: 116200 ns, Total: 15505800 ns
[2026-06-22T08:58:07.968+0000][21404][safepoint   ] Safepoint "Cleanup", Time since last: 1659190300 ns, Reaching safepoint: 37100 ns, Cleanup: 49800 ns, At safepoint: 6800 ns, Total: 93700 ns
[2026-06-22T08:58:08.969+0000][21404][safepoint   ] Safepoint "Cleanup", Time since last: 1001102000 ns, Reaching safepoint: 37000 ns, Cleanup: 53600 ns, At safepoint: 6100 ns, Total: 96700 ns
[2026-06-22T08:58:12.010+0000][21404][safepoint   ] Safepoint "Cleanup", Time since last: 3040015400 ns, Reaching safepoint: 36900 ns, Cleanup: 41700 ns, At safepoint: 6400 ns, Total: 85000 ns
[2026-06-22T08:58:16.313+0000][21404][safepoint   ] Safepoint "Cleanup", Time since last: 4303176300 ns, Reaching safepoint: 21400 ns, Cleanup: 49300 ns, At safepoint: 26600 ns, Total: 97300 ns
[2026-06-22T08:58:17.334+0000][21404][safepoint   ] Safepoint "Cleanup", Time since last: 1021013400 ns, Reaching safepoint: 24700 ns, Cleanup: 95700 ns, At safepoint: 30200 ns, Total: 150600 ns
[2026-06-22T08:58:18.404+0000][21404][safepoint   ] Safepoint "Cleanup", Time since last: 1069672300 ns, Reaching safepoint: 43700 ns, Cleanup: 40600 ns, At safepoint: 8000 ns, Total: 92300 ns
[2026-06-22T08:58:19.416+0000][21404][safepoint   ] Safepoint "Cleanup", Time since last: 1012845700 ns, Reaching safepoint: 21000 ns, Cleanup: 45800 ns, At safepoint: 4700 ns, Total: 71500 ns
[2026-06-22T08:58:20.425+0000][21404][safepoint   ] Safepoint "Cleanup", Time since last: 1008025900 ns, Reaching safepoint: 28500 ns, Cleanup: 35000 ns, At safepoint: 26000 ns, Total: 89500 ns
[2026-06-22T08:58:21.484+0000][21404][safepoint   ] Safepoint "Cleanup", Time since last: 1059311300 ns, Reaching safepoint: 692300 ns, Cleanup: 45900 ns, At safepoint: 62700 ns, Total: 800900 ns
[2026-06-22T08:58:22.983+0000][21404][safepoint   ] Safepoint "Cleanup", Time since last: 1497646400 ns, Reaching safepoint: 28100 ns, Cleanup: 80100 ns, At safepoint: 37000 ns, Total: 145200 ns
[2026-06-22T08:58:24.007+0000][21404][safepoint   ] Safepoint "Cleanup", Time since last: 1024464300 ns, Reaching safepoint: 49100 ns, Cleanup: 26600 ns, At safepoint: 46800 ns, Total: 122500 ns
[2026-06-22T08:58:25.011+0000][21404][safepoint   ] Safepoint "Cleanup", Time since last: 1003592600 ns, Reaching safepoint: 294800 ns, Cleanup: 47600 ns, At safepoint: 51600 ns, Total: 394000 ns
[2026-06-22T08:58:26.062+0000][21404][safepoint   ] Safepoint "Cleanup", Time since last: 1051440400 ns, Reaching safepoint: 23300 ns, Cleanup: 38200 ns, At safepoint: 6000 ns, Total: 67500 ns
[2026-06-22T08:58:27.277+0000][21404][safepoint   ] Safepoint "Cleanup", Time since last: 1214066700 ns, Reaching safepoint: 38600 ns, Cleanup: 46500 ns, At safepoint: 7400 ns, Total: 92500 ns
[2026-06-22T08:58:28.892+0000][21404][safepoint   ] Safepoint "Cleanup", Time since last: 1614580700 ns, Reaching safepoint: 34800 ns, Cleanup: 55300 ns, At safepoint: 6700 ns, Total: 96800 ns
[2026-06-22T08:58:29.905+0000][21404][safepoint   ] Safepoint "Cleanup", Time since last: 1013191500 ns, Reaching safepoint: 37700 ns, Cleanup: 37600 ns, At safepoint: 7000 ns, Total: 82300 ns
[2026-06-22T08:58:31.928+0000][21404][safepoint   ] Safepoint "Cleanup", Time since last: 2005428700 ns, Reaching safepoint: 14703400 ns, Cleanup: 132000 ns, At safepoint: 2773400 ns, Total: 17608800 ns
[2026-06-22T08:58:32.931+0000][21404][safepoint   ] Safepoint "Cleanup", Time since last: 1002934500 ns, Reaching safepoint: 46600 ns, Cleanup: 74900 ns, At safepoint: 9300 ns, Total: 130800 ns
[2026-06-22T08:58:39.980+0000][21404][safepoint   ] Safepoint "Cleanup", Time since last: 7048538900 ns, Reaching safepoint: 33500 ns, Cleanup: 36800 ns, At safepoint: 5700 ns, Total: 76000 ns
[2026-06-22T08:58:55.022+0000][21404][safepoint   ] Safepoint "Cleanup", Time since last: 15042737000 ns, Reaching safepoint: 15400 ns, Cleanup: 39600 ns, At safepoint: 26200 ns, Total: 81200 ns
[2026-06-22T08:58:56.563+0000][21404][safepoint   ] Safepoint "Cleanup", Time since last: 1540271000 ns, Reaching safepoint: 34600 ns, Cleanup: 245300 ns, At safepoint: 6900 ns, Total: 286800 ns
[2026-06-22T08:58:57.996+0000][21404][safepoint   ] Safepoint "Cleanup", Time since last: 1433411700 ns, Reaching safepoint: 50100 ns, Cleanup: 34300 ns, At safepoint: 7800 ns, Total: 92200 ns
[2026-06-22T08:58:59.006+0000][21404][safepoint   ] Safepoint "Cleanup", Time since last: 1010368700 ns, Reaching safepoint: 30400 ns, Cleanup: 79100 ns, At safepoint: 6200 ns, Total: 115700 ns
[2026-06-22T08:59:00.959+0000][21404][safepoint   ] Safepoint "Cleanup", Time since last: 1951714500 ns, Reaching safepoint: 48300 ns, Cleanup: 200200 ns, At safepoint: 25400 ns, Total: 273900 ns
[2026-06-22T08:59:01.965+0000][21404][safepoint   ] Safepoint "Cleanup", Time since last: 1006187300 ns, Reaching safepoint: 45700 ns, Cleanup: 39300 ns, At safepoint: 8800 ns, Total: 93800 ns
[2026-06-22T08:59:03.981+0000][21404][safepoint   ] Safepoint "Cleanup", Time since last: 2015900200 ns, Reaching safepoint: 116100 ns, Cleanup: 29900 ns, At safepoint: 6400 ns, Total: 152400 ns
[2026-06-22T08:59:43.384+0000][21404][safepoint   ] Safepoint "Cleanup", Time since last: 39402345200 ns, Reaching safepoint: 42600 ns, Cleanup: 86700 ns, At safepoint: 7300 ns, Total: 136600 ns
[2026-06-22T08:59:49.430+0000][21404][safepoint   ] Safepoint "Cleanup", Time since last: 6046487700 ns, Reaching safepoint: 40400 ns, Cleanup: 45200 ns, At safepoint: 8200 ns, Total: 93800 ns
[2026-06-22T08:59:50.431+0000][21404][safepoint   ] Safepoint "Cleanup", Time since last: 1000904500 ns, Reaching safepoint: 26700 ns, Cleanup: 77400 ns, At safepoint: 45900 ns, Total: 150000 ns
[2026-06-22T08:59:51.441+0000][21404][safepoint   ] Safepoint "Cleanup", Time since last: 1009288700 ns, Reaching safepoint: 31700 ns, Cleanup: 81600 ns, At safepoint: 7000 ns, Total: 120300 ns
[2026-06-22T08:59:52.455+0000][21404][safepoint   ] Safepoint "Cleanup", Time since last: 1013854200 ns, Reaching safepoint: 58900 ns, Cleanup: 59300 ns, At safepoint: 6300 ns, Total: 124500 ns
[2026-06-22T09:00:00.460+0000][21404][safepoint   ] Safepoint "Cleanup", Time since last: 8005327900 ns, Reaching safepoint: 30700 ns, Cleanup: 47000 ns, At safepoint: 43200 ns, Total: 120900 ns
[2026-06-22T09:00:01.527+0000][21404][safepoint   ] Safepoint "Cleanup", Time since last: 1067355900 ns, Reaching safepoint: 23000 ns, Cleanup: 40700 ns, At safepoint: 6500 ns, Total: 70200 ns
[2026-06-22T09:00:02.551+0000][21404][safepoint   ] Safepoint "Cleanup", Time since last: 1023429900 ns, Reaching safepoint: 25600 ns, Cleanup: 34400 ns, At safepoint: 24900 ns, Total: 84900 ns
[2026-06-22T09:00:03.553+0000][21404][safepoint   ] Safepoint "Cleanup", Time since last: 1002378100 ns, Reaching safepoint: 26200 ns, Cleanup: 56200 ns, At safepoint: 41300 ns, Total: 123700 ns
[2026-06-22T09:00:04.562+0000][21404][safepoint   ] Safepoint "Cleanup", Time since last: 1008227600 ns, Reaching safepoint: 36500 ns, Cleanup: 30700 ns, At safepoint: 7100 ns, Total: 74300 ns
[2026-06-22T09:00:11.621+0000][21404][safepoint   ] Safepoint "Cleanup", Time since last: 7059037400 ns, Reaching safepoint: 47900 ns, Cleanup: 32200 ns, At safepoint: 5000 ns, Total: 85100 ns
[2026-06-22T09:00:16.143+0000][21404][safepoint   ] Safepoint "Cleanup", Time since last: 4521938400 ns, Reaching safepoint: 23100 ns, Cleanup: 25700 ns, At safepoint: 45000 ns, Total: 93800 ns
[2026-06-22T09:00:22.203+0000][21404][safepoint   ] Safepoint "Cleanup", Time since last: 6060231000 ns, Reaching safepoint: 152100 ns, Cleanup: 61100 ns, At safepoint: 19200 ns, Total: 232400 ns
[2026-06-22T09:00:30.472+0000][21404][safepoint   ] Safepoint "Cleanup", Time since last: 8268084700 ns, Reaching safepoint: 23400 ns, Cleanup: 31600 ns, At safepoint: 4400 ns, Total: 59400 ns
[2026-06-22T09:00:33.775+0000][21404][safepoint   ] Safepoint "Cleanup", Time since last: 3302954600 ns, Reaching safepoint: 18900 ns, Cleanup: 22000 ns, At safepoint: 73600 ns, Total: 114500 ns
[2026-06-22T09:00:35.321+0000][21404][safepoint   ] Safepoint "Cleanup", Time since last: 1545546500 ns, Reaching safepoint: 18200 ns, Cleanup: 32100 ns, At safepoint: 3600 ns, Total: 53900 ns
[2026-06-22T09:00:42.350+0000][21404][safepoint   ] Safepoint "Cleanup", Time since last: 7029681300 ns, Reaching safepoint: 28800 ns, Cleanup: 20500 ns, At safepoint: 4200 ns, Total: 53500 ns
[2026-06-22T09:00:52.408+0000][21404][safepoint   ] Safepoint "Cleanup", Time since last: 10058036700 ns, Reaching safepoint: 52100 ns, Cleanup: 36900 ns, At safepoint: 6600 ns, Total: 95600 ns
[2026-06-22T09:00:53.424+0000][21404][safepoint   ] Safepoint "Cleanup", Time since last: 1015218500 ns, Reaching safepoint: 214600 ns, Cleanup: 32400 ns, At safepoint: 42500 ns, Total: 289500 ns
[2026-06-22T09:01:00.493+0000][21404][safepoint   ] Safepoint "Cleanup", Time since last: 7069227200 ns, Reaching safepoint: 48100 ns, Cleanup: 24200 ns, At safepoint: 37300 ns, Total: 109600 ns
[2026-06-22T09:01:19.623+0000][21404][safepoint   ] Safepoint "Cleanup", Time since last: 19129859700 ns, Reaching safepoint: 56500 ns, Cleanup: 134900 ns, At safepoint: 12100 ns, Total: 203500 ns
[2026-06-22T09:01:23.655+0000][21404][safepoint   ] Safepoint "Cleanup", Time since last: 4031785000 ns, Reaching safepoint: 35200 ns, Cleanup: 54000 ns, At safepoint: 14700 ns, Total: 103900 ns
[2026-06-22T09:01:24.667+0000][21404][safepoint   ] Safepoint "Cleanup", Time since last: 1011647400 ns, Reaching safepoint: 48700 ns, Cleanup: 169600 ns, At safepoint: 27900 ns, Total: 246200 ns
[2026-06-22T09:01:29.711+0000][21404][safepoint   ] Safepoint "Cleanup", Time since last: 5044211500 ns, Reaching safepoint: 43400 ns, Cleanup: 30800 ns, At safepoint: 6800 ns, Total: 81000 ns
[2026-06-22T09:01:34.356+0000][21404][safepoint   ] Safepoint "Cleanup", Time since last: 4644379100 ns, Reaching safepoint: 12700 ns, Cleanup: 16000 ns, At safepoint: 19700 ns, Total: 48400 ns
[2026-06-22T09:01:36.016+0000][21404][safepoint   ] Safepoint "Cleanup", Time since last: 1659715900 ns, Reaching safepoint: 29600 ns, Cleanup: 42700 ns, At safepoint: 9200 ns, Total: 81500 ns
[2026-06-22T09:01:37.022+0000][21404][safepoint   ] Safepoint "Cleanup", Time since last: 1006641700 ns, Reaching safepoint: 36600 ns, Cleanup: 27100 ns, At safepoint: 6000 ns, Total: 69700 ns
[2026-06-22T09:01:50.110+0000][21404][safepoint   ] Safepoint "Cleanup", Time since last: 13087275600 ns, Reaching safepoint: 36400 ns, Cleanup: 25800 ns, At safepoint: 5000 ns, Total: 67200 ns
[2026-06-22T09:02:07.231+0000][21404][safepoint   ] Safepoint "Cleanup", Time since last: 17121239900 ns, Reaching safepoint: 33200 ns, Cleanup: 36000 ns, At safepoint: 4500 ns, Total: 73700 ns
[2026-06-22T09:02:23.429+0000][21404][safepoint   ] Safepoint "Cleanup", Time since last: 16197515000 ns, Reaching safepoint: 16100 ns, Cleanup: 16000 ns, At safepoint: 3400 ns, Total: 35500 ns
[2026-06-22T09:02:33.968+0000][21404][safepoint   ] Safepoint "Cleanup", Time since last: 10539597100 ns, Reaching safepoint: 67100 ns, Cleanup: 36600 ns, At safepoint: 10500 ns, Total: 114200 ns
[2026-06-22T09:02:35.059+0000][21404][safepoint   ] Safepoint "Cleanup", Time since last: 1091410900 ns, Reaching safepoint: 11200 ns, Cleanup: 14400 ns, At safepoint: 2400 ns, Total: 28000 ns
[2026-06-22T09:02:35.387+0000][21404][gc,start    ] GC(12) Pause Young (Prepare Mixed) (G1 Evacuation Pause)
[2026-06-22T09:02:35.387+0000][21404][gc,task     ] GC(12) Using 8 workers of 8 for evacuation
[2026-06-22T09:02:35.387+0000][21404][gc,age      ] GC(12) Desired survivor size 36175872 bytes, new threshold 2 (max threshold 15)
[2026-06-22T09:02:35.449+0000][21404][gc,phases   ] GC(12)   Pre Evacuate Collection Set: 0.7ms
[2026-06-22T09:02:35.449+0000][21404][gc,phases   ] GC(12)   Merge Heap Roots: 0.2ms
[2026-06-22T09:02:35.449+0000][21404][gc,phases   ] GC(12)   Evacuate Collection Set: 57.8ms
[2026-06-22T09:02:35.449+0000][21404][gc,phases   ] GC(12)   Post Evacuate Collection Set: 2.9ms
[2026-06-22T09:02:35.449+0000][21404][gc,phases   ] GC(12)   Other: 0.2ms
[2026-06-22T09:02:35.449+0000][21404][gc,age      ] GC(12) Age table with threshold 2 (max threshold 15)
[2026-06-22T09:02:35.449+0000][21404][gc,age      ] GC(12) - age   1:   22729520 bytes,   22729520 total
[2026-06-22T09:02:35.449+0000][21404][gc,age      ] GC(12) - age   2:   13419536 bytes,   36149056 total
[2026-06-22T09:02:35.449+0000][21404][gc,heap     ] GC(12) Eden regions: 501->0(747)
[2026-06-22T09:02:35.449+0000][21404][gc,heap     ] GC(12) Survivor regions: 48->37(69)
[2026-06-22T09:02:35.449+0000][21404][gc,heap     ] GC(12) Old regions: 38->72
[2026-06-22T09:02:35.449+0000][21404][gc,heap     ] GC(12) Humongous regions: 4->4
[2026-06-22T09:02:35.449+0000][21404][gc,metaspace] GC(12) Metaspace: 123461K(126528K)->123461K(126528K) NonClass: 107678K(109312K)->107678K(109312K) Class: 15783K(17216K)->15783K(17216K)
[2026-06-22T09:02:35.449+0000][21404][gc          ] GC(12) Pause Young (Prepare Mixed) (G1 Evacuation Pause) 589M->113M(2048M) 62.482ms
[2026-06-22T09:02:35.449+0000][21404][gc,cpu      ] GC(12) User=0.38s Sys=0.02s Real=0.06s
[2026-06-22T09:02:35.449+0000][21404][safepoint   ] Safepoint "G1CollectForAllocation", Time since last: 329052700 ns, Reaching safepoint: 23100 ns, Cleanup: 15200 ns, At safepoint: 62681500 ns, Total: 62719800 ns
[2026-06-22T09:02:36.595+0000][21404][safepoint   ] Safepoint "Cleanup", Time since last: 1143184000 ns, Reaching safepoint: 49100 ns, Cleanup: 36700 ns, At safepoint: 29500 ns, Total: 115300 ns
[2026-06-22T09:02:51.235+0000][21404][safepoint   ] Safepoint "Cleanup", Time since last: 14640341100 ns, Reaching safepoint: 9100 ns, Cleanup: 11600 ns, At safepoint: 18000 ns, Total: 38700 ns
[2026-06-22T09:02:51.436+0000][21404][safepoint   ] Safepoint "ICBufferFull", Time since last: 201342900 ns, Reaching safepoint: 16200 ns, Cleanup: 209600 ns, At safepoint: 25800 ns, Total: 251600 ns
[2026-06-22T09:02:52.746+0000][21404][safepoint   ] Safepoint "Cleanup", Time since last: 1309050700 ns, Reaching safepoint: 24900 ns, Cleanup: 38000 ns, At safepoint: 3700 ns, Total: 66600 ns
[2026-06-22T09:02:59.836+0000][21404][safepoint   ] Safepoint "Cleanup", Time since last: 7090526700 ns, Reaching safepoint: 32000 ns, Cleanup: 24400 ns, At safepoint: 4500 ns, Total: 60900 ns
[2026-06-22T09:03:04.889+0000][21404][safepoint   ] Safepoint "Cleanup", Time since last: 5052763500 ns, Reaching safepoint: 32600 ns, Cleanup: 23500 ns, At safepoint: 3500 ns, Total: 59600 ns
[2026-06-22T09:03:06.046+0000][21404][safepoint   ] Safepoint "Cleanup", Time since last: 1158047300 ns, Reaching safepoint: 30900 ns, Cleanup: 73700 ns, At safepoint: 18900 ns, Total: 123500 ns
[2026-06-22T09:03:11.333+0000][21404][safepoint   ] Safepoint "Cleanup", Time since last: 5291799200 ns, Reaching safepoint: 14800 ns, Cleanup: 14100 ns, At safepoint: 2700 ns, Total: 31600 ns
[2026-06-22T09:03:12.982+0000][21404][safepoint   ] Safepoint "Cleanup", Time since last: 1642490200 ns, Reaching safepoint: 24400 ns, Cleanup: 119700 ns, At safepoint: 5500 ns, Total: 149600 ns
[2026-06-22T09:03:18.024+0000][21404][safepoint   ] Safepoint "Cleanup", Time since last: 5041887600 ns, Reaching safepoint: 25900 ns, Cleanup: 21500 ns, At safepoint: 4300 ns, Total: 51700 ns
[2026-06-22T09:03:22.059+0000][21404][safepoint   ] Safepoint "Cleanup", Time since last: 4035350300 ns, Reaching safepoint: 40800 ns, Cleanup: 39900 ns, At safepoint: 5700 ns, Total: 86400 ns
[2026-06-22T09:03:34.085+0000][21404][safepoint   ] Safepoint "Cleanup", Time since last: 12025840700 ns, Reaching safepoint: 31900 ns, Cleanup: 16000 ns, At safepoint: 17800 ns, Total: 65700 ns
[2026-06-22T09:03:35.101+0000][21404][safepoint   ] Safepoint "Cleanup", Time since last: 1015590200 ns, Reaching safepoint: 22600 ns, Cleanup: 32200 ns, At safepoint: 20000 ns, Total: 74800 ns
[2026-06-22T09:03:36.123+0000][21404][safepoint   ] Safepoint "Cleanup", Time since last: 1024320100 ns, Reaching safepoint: 11900 ns, Cleanup: 18400 ns, At safepoint: 32400 ns, Total: 62700 ns
[2026-06-22T09:03:37.540+0000][21404][safepoint   ] Safepoint "Cleanup", Time since last: 1414800000 ns, Reaching safepoint: 27800 ns, Cleanup: 30100 ns, At safepoint: 4100 ns, Total: 62000 ns
[2026-06-22T09:03:41.583+0000][21404][safepoint   ] Safepoint "Cleanup", Time since last: 4043183100 ns, Reaching safepoint: 45800 ns, Cleanup: 30100 ns, At safepoint: 4700 ns, Total: 80600 ns
[2026-06-22T09:03:52.709+0000][21404][safepoint   ] Safepoint "Cleanup", Time since last: 11125184800 ns, Reaching safepoint: 31300 ns, Cleanup: 26600 ns, At safepoint: 4400 ns, Total: 62300 ns
[2026-06-22T09:03:59.794+0000][21404][safepoint   ] Safepoint "Cleanup", Time since last: 7085134000 ns, Reaching safepoint: 49200 ns, Cleanup: 31100 ns, At safepoint: 5700 ns, Total: 86000 ns
[2026-06-22T09:04:06.574+0000][21404][safepoint   ] Safepoint "Cleanup", Time since last: 6780826800 ns, Reaching safepoint: 8000 ns, Cleanup: 19700 ns, At safepoint: 21000 ns, Total: 48700 ns
[2026-06-22T09:04:08.093+0000][21404][safepoint   ] Safepoint "Cleanup", Time since last: 1518627700 ns, Reaching safepoint: 53800 ns, Cleanup: 51600 ns, At safepoint: 7400 ns, Total: 112800 ns
[2026-06-22T09:04:10.120+0000][21404][safepoint   ] Safepoint "Cleanup", Time since last: 2026432200 ns, Reaching safepoint: 39300 ns, Cleanup: 30700 ns, At safepoint: 4500 ns, Total: 74500 ns
[2026-06-22T09:04:12.147+0000][21404][safepoint   ] Safepoint "Cleanup", Time since last: 2026935100 ns, Reaching safepoint: 20700 ns, Cleanup: 15800 ns, At safepoint: 3000 ns, Total: 39500 ns
[2026-06-22T09:04:33.157+0000][21404][safepoint   ] Safepoint "Cleanup", Time since last: 21010519700 ns, Reaching safepoint: 58800 ns, Cleanup: 49300 ns, At safepoint: 5400 ns, Total: 113500 ns
[2026-06-22T09:04:37.115+0000][21404][safepoint   ] Safepoint "Cleanup", Time since last: 3957973800 ns, Reaching safepoint: 20300 ns, Cleanup: 10900 ns, At safepoint: 14300 ns, Total: 45500 ns
[2026-06-22T09:04:38.654+0000][21404][safepoint   ] Safepoint "Cleanup", Time since last: 1538192600 ns, Reaching safepoint: 25400 ns, Cleanup: 34200 ns, At safepoint: 3400 ns, Total: 63000 ns
[2026-06-22T09:04:41.682+0000][21404][safepoint   ] Safepoint "Cleanup", Time since last: 3027782600 ns, Reaching safepoint: 39300 ns, Cleanup: 20200 ns, At safepoint: 5800 ns, Total: 65300 ns
[2026-06-22T09:04:50.784+0000][21404][safepoint   ] Safepoint "Cleanup", Time since last: 9101852100 ns, Reaching safepoint: 33800 ns, Cleanup: 31100 ns, At safepoint: 8200 ns, Total: 73100 ns
[2026-06-22T09:04:51.797+0000][21404][safepoint   ] Safepoint "Cleanup", Time since last: 1012986600 ns, Reaching safepoint: 89700 ns, Cleanup: 16700 ns, At safepoint: 11000 ns, Total: 117400 ns
[2026-06-22T09:04:52.810+0000][21404][safepoint   ] Safepoint "Cleanup", Time since last: 1012969100 ns, Reaching safepoint: 37500 ns, Cleanup: 31200 ns, At safepoint: 19600 ns, Total: 88300 ns
[2026-06-22T09:04:55.852+0000][21404][safepoint   ] Safepoint "Cleanup", Time since last: 3042341700 ns, Reaching safepoint: 46300 ns, Cleanup: 25100 ns, At safepoint: 5100 ns, Total: 76500 ns
[2026-06-22T09:04:58.877+0000][21404][safepoint   ] Safepoint "Cleanup", Time since last: 3023562000 ns, Reaching safepoint: 45300 ns, Cleanup: 165600 ns, At safepoint: 850700 ns, Total: 1061600 ns
[2026-06-22T09:04:59.888+0000][21404][safepoint   ] Safepoint "Cleanup", Time since last: 1011298600 ns, Reaching safepoint: 63100 ns, Cleanup: 155300 ns, At safepoint: 13800 ns, Total: 232200 ns
[2026-06-22T09:05:01.901+0000][21404][safepoint   ] Safepoint "Cleanup", Time since last: 2012410500 ns, Reaching safepoint: 36300 ns, Cleanup: 29600 ns, At safepoint: 5300 ns, Total: 71200 ns
[2026-06-22T09:05:09.959+0000][21404][safepoint   ] Safepoint "Cleanup", Time since last: 8057884000 ns, Reaching safepoint: 45800 ns, Cleanup: 40000 ns, At safepoint: 5600 ns, Total: 91400 ns
[2026-06-22T09:05:22.059+0000][21404][safepoint   ] Safepoint "Cleanup", Time since last: 12100547000 ns, Reaching safepoint: 37100 ns, Cleanup: 27700 ns, At safepoint: 5700 ns, Total: 70500 ns
[2026-06-22T09:05:37.696+0000][21404][safepoint   ] Safepoint "Cleanup", Time since last: 15636710600 ns, Reaching safepoint: 13000 ns, Cleanup: 15900 ns, At safepoint: 3100 ns, Total: 32000 ns
[2026-06-22T09:05:38.836+0000][21404][safepoint   ] Safepoint "Cleanup", Time since last: 1140554100 ns, Reaching safepoint: 21900 ns, Cleanup: 20000 ns, At safepoint: 5100 ns, Total: 47000 ns
[2026-06-22T09:05:40.848+0000][21404][safepoint   ] Safepoint "Cleanup", Time since last: 2011519100 ns, Reaching safepoint: 47500 ns, Cleanup: 33500 ns, At safepoint: 5700 ns, Total: 86700 ns
[2026-06-22T09:06:06.028+0000][21404][safepoint   ] Safepoint "Cleanup", Time since last: 25179761800 ns, Reaching safepoint: 32900 ns, Cleanup: 27400 ns, At safepoint: 6200 ns, Total: 66500 ns
[2026-06-22T09:06:08.951+0000][21404][safepoint   ] Safepoint "Cleanup", Time since last: 2923620300 ns, Reaching safepoint: 14400 ns, Cleanup: 14800 ns, At safepoint: 23300 ns, Total: 52500 ns
[2026-06-22T09:06:10.402+0000][21404][safepoint   ] Safepoint "Cleanup", Time since last: 1449653000 ns, Reaching safepoint: 25200 ns, Cleanup: 23600 ns, At safepoint: 15700 ns, Total: 64500 ns
[2026-06-22T09:06:48.492+0000][21404][safepoint   ] Safepoint "Cleanup", Time since last: 38090532600 ns, Reaching safepoint: 18900 ns, Cleanup: 16400 ns, At safepoint: 3400 ns, Total: 38700 ns
[2026-06-22T09:07:06.629+0000][21404][safepoint   ] Safepoint "Cleanup", Time since last: 18136309300 ns, Reaching safepoint: 75700 ns, Cleanup: 34800 ns, At safepoint: 19500 ns, Total: 130000 ns
[2026-06-22T09:07:09.439+0000][21404][safepoint   ] Safepoint "Cleanup", Time since last: 2811040000 ns, Reaching safepoint: 11000 ns, Cleanup: 15100 ns, At safepoint: 18400 ns, Total: 44500 ns
[2026-06-22T09:07:11.023+0000][21404][safepoint   ] Safepoint "Cleanup", Time since last: 1583396100 ns, Reaching safepoint: 30500 ns, Cleanup: 36400 ns, At safepoint: 6500 ns, Total: 73400 ns
[2026-06-22T09:07:14.066+0000][21404][safepoint   ] Safepoint "Cleanup", Time since last: 3042434200 ns, Reaching safepoint: 40800 ns, Cleanup: 31900 ns, At safepoint: 7100 ns, Total: 79800 ns
[2026-06-22T09:08:04.639+0000][21404][safepoint   ] Safepoint "Cleanup", Time since last: 50573645400 ns, Reaching safepoint: 109500 ns, Cleanup: 64700 ns, At safepoint: 278500 ns, Total: 452700 ns
[2026-06-22T09:08:05.652+0000][21404][safepoint   ] Safepoint "Cleanup", Time since last: 1011650400 ns, Reaching safepoint: 65800 ns, Cleanup: 102900 ns, At safepoint: 5300 ns, Total: 174000 ns
[2026-06-22T09:08:10.238+0000][21404][safepoint   ] Safepoint "Cleanup", Time since last: 4587932400 ns, Reaching safepoint: 21500 ns, Cleanup: 21400 ns, At safepoint: 4700 ns, Total: 47600 ns
[2026-06-22T09:08:11.880+0000][21404][safepoint   ] Safepoint "Cleanup", Time since last: 1640285100 ns, Reaching safepoint: 46900 ns, Cleanup: 63200 ns, At safepoint: 8000 ns, Total: 118100 ns
[2026-06-22T09:08:22.968+0000][21404][safepoint   ] Safepoint "Cleanup", Time since last: 11087842600 ns, Reaching safepoint: 31200 ns, Cleanup: 25400 ns, At safepoint: 5600 ns, Total: 62200 ns
[2026-06-22T09:08:33.456+0000][21404][safepoint   ] Safepoint "Cleanup", Time since last: 10487757500 ns, Reaching safepoint: 50800 ns, Cleanup: 35500 ns, At safepoint: 8700 ns, Total: 95000 ns
[2026-06-22T09:08:36.922+0000][21404][safepoint   ] Safepoint "Cleanup", Time since last: 3467311300 ns, Reaching safepoint: 21700 ns, Cleanup: 18400 ns, At safepoint: 27200 ns, Total: 67300 ns
[2026-06-22T09:08:49.032+0000][21404][safepoint   ] Safepoint "Cleanup", Time since last: 12109257500 ns, Reaching safepoint: 141100 ns, Cleanup: 118200 ns, At safepoint: 117300 ns, Total: 376600 ns
[2026-06-22T09:09:00.081+0000][21404][safepoint   ] Safepoint "Cleanup", Time since last: 11047754100 ns, Reaching safepoint: 33200 ns, Cleanup: 24900 ns, At safepoint: 6800 ns, Total: 64900 ns
[2026-06-22T09:09:11.570+0000][21404][safepoint   ] Safepoint "Cleanup", Time since last: 11489903100 ns, Reaching safepoint: 22100 ns, Cleanup: 31900 ns, At safepoint: 28500 ns, Total: 82500 ns
[2026-06-22T09:09:12.595+0000][21404][safepoint   ] Safepoint "Cleanup", Time since last: 1024463100 ns, Reaching safepoint: 33900 ns, Cleanup: 39300 ns, At safepoint: 53800 ns, Total: 127000 ns
[2026-06-22T09:09:13.614+0000][21404][safepoint   ] Safepoint "Cleanup", Time since last: 1017971300 ns, Reaching safepoint: 21600 ns, Cleanup: 201100 ns, At safepoint: 32200 ns, Total: 254900 ns
[2026-06-22T09:09:14.761+0000][21404][safepoint   ] Safepoint "Cleanup", Time since last: 1147148100 ns, Reaching safepoint: 146900 ns, Cleanup: 52800 ns, At safepoint: 26500 ns, Total: 226200 ns
[2026-06-22T09:09:17.778+0000][21404][safepoint   ] Safepoint "Cleanup", Time since last: 3016735900 ns, Reaching safepoint: 39200 ns, Cleanup: 33400 ns, At safepoint: 6900 ns, Total: 79500 ns
[2026-06-22T09:09:22.814+0000][21404][safepoint   ] Safepoint "Cleanup", Time since last: 5035813900 ns, Reaching safepoint: 39900 ns, Cleanup: 35400 ns, At safepoint: 7100 ns, Total: 82400 ns
[2026-06-22T09:09:37.240+0000][21404][safepoint   ] Safepoint "Cleanup", Time since last: 14426562400 ns, Reaching safepoint: 47200 ns, Cleanup: 54000 ns, At safepoint: 34500 ns, Total: 135700 ns
[2026-06-22T09:09:38.960+0000][21404][safepoint   ] Safepoint "Cleanup", Time since last: 1719663300 ns, Reaching safepoint: 36200 ns, Cleanup: 142900 ns, At safepoint: 7400 ns, Total: 186500 ns
[2026-06-22T09:09:43.822+0000][21404][safepoint   ] Safepoint "Cleanup", Time since last: 4861767700 ns, Reaching safepoint: 30400 ns, Cleanup: 23600 ns, At safepoint: 32600 ns, Total: 86600 ns
[2026-06-22T09:09:50.888+0000][21404][safepoint   ] Safepoint "Cleanup", Time since last: 7066374000 ns, Reaching safepoint: 42100 ns, Cleanup: 24200 ns, At safepoint: 5300 ns, Total: 71600 ns
[2026-06-22T09:09:51.895+0000][21404][safepoint   ] Safepoint "Cleanup", Time since last: 1006435700 ns, Reaching safepoint: 37700 ns, Cleanup: 32500 ns, At safepoint: 6200 ns, Total: 76400 ns
[2026-06-22T09:09:52.896+0000][21404][safepoint   ] Safepoint "Cleanup", Time since last: 1001862700 ns, Reaching safepoint: 39500 ns, Cleanup: 173800 ns, At safepoint: 21800 ns, Total: 235100 ns
[2026-06-22T09:10:12.033+0000][21404][safepoint   ] Safepoint "Cleanup", Time since last: 19136074400 ns, Reaching safepoint: 43300 ns, Cleanup: 38400 ns, At safepoint: 488200 ns, Total: 569900 ns
[2026-06-22T09:10:13.220+0000][21404][safepoint   ] Safepoint "Cleanup", Time since last: 1186386900 ns, Reaching safepoint: 22500 ns, Cleanup: 57500 ns, At safepoint: 19700 ns, Total: 99700 ns
[2026-06-22T09:10:14.325+0000][21404][safepoint   ] Safepoint "Cleanup", Time since last: 1105516300 ns, Reaching safepoint: 28400 ns, Cleanup: 137000 ns, At safepoint: 40600 ns, Total: 206000 ns
[2026-06-22T09:10:15.710+0000][21404][safepoint   ] Safepoint "Cleanup", Time since last: 1385665200 ns, Reaching safepoint: 23000 ns, Cleanup: 34600 ns, At safepoint: 36700 ns, Total: 94300 ns
[2026-06-22T09:10:23.771+0000][21404][safepoint   ] Safepoint "Cleanup", Time since last: 8059480300 ns, Reaching safepoint: 49300 ns, Cleanup: 28000 ns, At safepoint: 5200 ns, Total: 82500 ns
[2026-06-22T09:10:42.824+0000][21404][safepoint   ] Safepoint "Cleanup", Time since last: 19053106800 ns, Reaching safepoint: 32200 ns, Cleanup: 50700 ns, At safepoint: 15200 ns, Total: 98100 ns
[2026-06-22T09:10:44.840+0000][21404][safepoint   ] Safepoint "Cleanup", Time since last: 2015884800 ns, Reaching safepoint: 30500 ns, Cleanup: 110200 ns, At safepoint: 38300 ns, Total: 179000 ns
[2026-06-22T09:10:45.850+0000][21404][safepoint   ] Safepoint "Cleanup", Time since last: 1009720000 ns, Reaching safepoint: 29700 ns, Cleanup: 26200 ns, At safepoint: 6600 ns, Total: 62500 ns
[2026-06-22T09:11:05.001+0000][21404][safepoint   ] Safepoint "Cleanup", Time since last: 19151078900 ns, Reaching safepoint: 203100 ns, Cleanup: 66300 ns, At safepoint: 8200 ns, Total: 277600 ns
[2026-06-22T09:11:36.007+0000][21404][safepoint   ] Safepoint "Cleanup", Time since last: 31005550900 ns, Reaching safepoint: 65100 ns, Cleanup: 40500 ns, At safepoint: 7300 ns, Total: 112900 ns
[2026-06-22T09:11:45.770+0000][21404][safepoint   ] Safepoint "Cleanup", Time since last: 9762879800 ns, Reaching safepoint: 21100 ns, Cleanup: 18000 ns, At safepoint: 24900 ns, Total: 64000 ns
[2026-06-22T09:11:46.795+0000][21404][safepoint   ] Safepoint "Cleanup", Time since last: 1025374600 ns, Reaching safepoint: 26500 ns, Cleanup: 21100 ns, At safepoint: 25100 ns, Total: 72700 ns
[2026-06-22T09:12:22.089+0000][21404][safepoint   ] Safepoint "Cleanup", Time since last: 35293193600 ns, Reaching safepoint: 105300 ns, Cleanup: 178900 ns, At safepoint: 32100 ns, Total: 316300 ns
[2026-06-22T09:12:33.147+0000][21404][safepoint   ] Safepoint "Cleanup", Time since last: 11057716700 ns, Reaching safepoint: 50200 ns, Cleanup: 36400 ns, At safepoint: 8200 ns, Total: 94800 ns
[2026-06-22T09:12:43.211+0000][21404][safepoint   ] Safepoint "Cleanup", Time since last: 10064460300 ns, Reaching safepoint: 32500 ns, Cleanup: 36800 ns, At safepoint: 4100 ns, Total: 73400 ns
[2026-06-22T09:12:46.883+0000][21404][safepoint   ] Safepoint "Cleanup", Time since last: 3672061900 ns, Reaching safepoint: 10100 ns, Cleanup: 9900 ns, At safepoint: 24400 ns, Total: 44400 ns
[2026-06-22T09:12:48.105+0000][21404][safepoint   ] Safepoint "Cleanup", Time since last: 1221796000 ns, Reaching safepoint: 37500 ns, Cleanup: 36000 ns, At safepoint: 25900 ns, Total: 99400 ns
[2026-06-22T09:13:23.411+0000][21404][safepoint   ] Safepoint "Cleanup", Time since last: 35305813000 ns, Reaching safepoint: 35600 ns, Cleanup: 24500 ns, At safepoint: 5100 ns, Total: 65200 ns
[2026-06-22T09:13:42.389+0000][21404][safepoint   ] Safepoint "Cleanup", Time since last: 18977531300 ns, Reaching safepoint: 40800 ns, Cleanup: 47600 ns, At safepoint: 10500 ns, Total: 98900 ns
[2026-06-22T09:13:46.419+0000][21404][safepoint   ] Safepoint "Cleanup", Time since last: 4029534000 ns, Reaching safepoint: 103300 ns, Cleanup: 17800 ns, At safepoint: 61400 ns, Total: 182500 ns
[2026-06-22T09:13:52.454+0000][21404][safepoint   ] Safepoint "Cleanup", Time since last: 6035153500 ns, Reaching safepoint: 22100 ns, Cleanup: 16300 ns, At safepoint: 53500 ns, Total: 91900 ns
[2026-06-22T09:15:00.665+0000][21404][safepoint   ] Safepoint "Cleanup", Time since last: 68211416000 ns, Reaching safepoint: 45600 ns, Cleanup: 27000 ns, At safepoint: 5600 ns, Total: 78200 ns
[2026-06-22T09:15:11.756+0000][21404][safepoint   ] Safepoint "Cleanup", Time since last: 11090718400 ns, Reaching safepoint: 31500 ns, Cleanup: 32500 ns, At safepoint: 2800 ns, Total: 66800 ns
[2026-06-22T09:15:17.355+0000][21404][safepoint   ] Safepoint "Cleanup", Time since last: 5599072300 ns, Reaching safepoint: 6100 ns, Cleanup: 8100 ns, At safepoint: 22600 ns, Total: 36800 ns
[2026-06-22T09:15:30.567+0000][21404][safepoint   ] Safepoint "Cleanup", Time since last: 13211450000 ns, Reaching safepoint: 26000 ns, Cleanup: 36600 ns, At safepoint: 4300 ns, Total: 66900 ns
[2026-06-22T09:15:48.053+0000][21404][safepoint   ] Safepoint "Cleanup", Time since last: 17486909800 ns, Reaching safepoint: 7900 ns, Cleanup: 21500 ns, At safepoint: 2100 ns, Total: 31500 ns
[2026-06-22T09:15:49.570+0000][21404][safepoint   ] Safepoint "Cleanup", Time since last: 1515884600 ns, Reaching safepoint: 30300 ns, Cleanup: 62900 ns, At safepoint: 7100 ns, Total: 100300 ns
[2026-06-22T09:15:52.589+0000][21404][safepoint   ] Safepoint "Cleanup", Time since last: 3019121100 ns, Reaching safepoint: 19700 ns, Cleanup: 15100 ns, At safepoint: 2900 ns, Total: 37700 ns
[2026-06-22T09:15:56.608+0000][21404][safepoint   ] Safepoint "Cleanup", Time since last: 4018683800 ns, Reaching safepoint: 36700 ns, Cleanup: 32800 ns, At safepoint: 3000 ns, Total: 72500 ns
[2026-06-22T09:16:18.618+0000][21404][safepoint   ] Safepoint "Cleanup", Time since last: 22010300200 ns, Reaching safepoint: 10600 ns, Cleanup: 33500 ns, At safepoint: 21500 ns, Total: 65600 ns
[2026-06-22T09:16:19.869+0000][21404][safepoint   ] Safepoint "Cleanup", Time since last: 1250906700 ns, Reaching safepoint: 25200 ns, Cleanup: 19900 ns, At safepoint: 3100 ns, Total: 48200 ns
[2026-06-22T09:16:49.031+0000][21404][safepoint   ] Safepoint "Cleanup", Time since last: 29162765300 ns, Reaching safepoint: 7300 ns, Cleanup: 9900 ns, At safepoint: 22200 ns, Total: 39400 ns
[2026-06-22T09:16:54.417+0000][21404][safepoint   ] Safepoint "Cleanup", Time since last: 5385380500 ns, Reaching safepoint: 23500 ns, Cleanup: 23200 ns, At safepoint: 20300 ns, Total: 67000 ns
[2026-06-22T09:17:19.436+0000][21404][safepoint   ] Safepoint "Cleanup", Time since last: 25018462100 ns, Reaching safepoint: 11800 ns, Cleanup: 20000 ns, At safepoint: 15500 ns, Total: 47300 ns
