[2026-06-22T13:15:36.359+0000][20580][gc,init] CardTable entry size: 512
[2026-06-22T13:15:36.359+0000][20580][gc     ] Using G1
[2026-06-22T13:15:36.631+0000][20580][gc,init] Version: 21.0.5+11-LTS (release)
[2026-06-22T13:15:36.631+0000][20580][gc,init] CPUs: 8 total, 8 available
[2026-06-22T13:15:36.631+0000][20580][gc,init] Memory: 15984M
[2026-06-22T13:15:36.631+0000][20580][gc,init] Large Page Support: Disabled
[2026-06-22T13:15:36.631+0000][20580][gc,init] NUMA Support: Disabled
[2026-06-22T13:15:36.631+0000][20580][gc,init] Compressed Oops: Enabled (32-bit)
[2026-06-22T13:15:36.631+0000][20580][gc,init] Heap Region Size: 1M
[2026-06-22T13:15:36.631+0000][20580][gc,init] Heap Min Capacity: 2G
[2026-06-22T13:15:36.631+0000][20580][gc,init] Heap Initial Capacity: 2G
[2026-06-22T13:15:36.633+0000][20580][gc,init] Heap Max Capacity: 2G
[2026-06-22T13:15:36.633+0000][20580][gc,init] Pre-touch: Enabled
[2026-06-22T13:15:36.633+0000][20580][gc,init] Parallel Workers: 8
[2026-06-22T13:15:36.633+0000][20580][gc,init] Concurrent Workers: 2
[2026-06-22T13:15:36.633+0000][20580][gc,init] Concurrent Refinement Workers: 8
[2026-06-22T13:15:36.633+0000][20580][gc,init] Periodic GC: Disabled
[2026-06-22T13:15:36.633+0000][20580][gc,metaspace] CDS archive(s) not mapped
[2026-06-22T13:15:36.633+0000][20580][gc,metaspace] Compressed class space mapped at: 0x0000000100000000-0x0000000140000000, reserved size: 1073741824
[2026-06-22T13:15:36.633+0000][20580][gc,metaspace] Narrow klass base: 0x0000000000000000, Narrow klass shift: 3, Narrow klass range: 0x140000000
[2026-06-22T13:15:36.831+0000][20580][gc,heap,exit] Heap
[2026-06-22T13:15:36.831+0000][20580][gc,heap,exit]  garbage-first heap   total 2097152K, used 3072K [0x0000000080000000, 0x0000000100000000)
[2026-06-22T13:15:36.831+0000][20580][gc,heap,exit]   region size 1024K, 3 young (3072K), 0 survivors (0K)
[2026-06-22T13:15:36.831+0000][20580][gc,heap,exit]  Metaspace       used 4180K, committed 4224K, reserved 1114112K
[2026-06-22T13:15:36.831+0000][20580][gc,heap,exit]   class space    used 318K, committed 320K, reserved 1048576K
